W:\work\summerschool\Lab\day1\Day1_ex5\drivers/fsl_common_arm.h:788:24:DisableGlobalIRQ	16	static
W:\work\summerschool\Lab\day1\Day1_ex5\drivers/fsl_common_arm.h:814:20:EnableGlobalIRQ	24	static
../component/button/fsl_component_button.c:114:13:BUTTON_NotificationUpdate	16	static
../component/button/fsl_component_button.c:133:13:BUTTON_Event	24	static
../component/button/fsl_component_button.c:208:13:BUTTON_Task	32	static
../component/button/fsl_component_button.c:260:13:BUTTON_TimerEvent	24	static
../component/button/fsl_component_button.c:294:13:BUTTON_OpenTimer	24	static
../component/button/fsl_component_button.c:317:13:BUTTON_CloseTimer	24	static
../component/button/fsl_component_button.c:339:17:BUTTON_Init	32	static
../component/button/fsl_component_button.c:396:17:BUTTON_InstallCallback	32	static
../component/button/fsl_component_button.c:411:17:BUTTON_Deinit	32	static
../component/button/fsl_component_button.c:460:17:BUTTON_GetInput	24	static
../component/button/fsl_component_button.c:473:17:BUTTON_WakeUpSetting	24	static
../component/button/fsl_component_button.c:491:17:BUTTON_EnterLowpower	32	static
../component/button/fsl_component_button.c:527:17:BUTTON_ExitLowpower	32	static
