Archive member included to satisfy reference by file (symbol)

c:/nxp/mcuxpressoide_11.9.1_2170/ide/plugins/com.nxp.mcuxpresso.tools.win32_11.9.1.202402080819/tools/bin/../lib/gcc/arm-none-eabi/12.3.1/../../../../arm-none-eabi/lib/thumb/v8-m.main+fp/hard\libcr_nohost_nf.a(_cr__main.o)
                              ./startup/startup_lpc55s69_cm33_core0.o (__main)
c:/nxp/mcuxpressoide_11.9.1_2170/ide/plugins/com.nxp.mcuxpresso.tools.win32_11.9.1.202402080819/tools/bin/../lib/gcc/arm-none-eabi/12.3.1/../../../../arm-none-eabi/lib/thumb/v8-m.main+fp/hard\libcr_c.a(memcpy.o)
                              ./utilities/fsl_str.o (memcpy)
c:/nxp/mcuxpressoide_11.9.1_2170/ide/plugins/com.nxp.mcuxpresso.tools.win32_11.9.1.202402080819/tools/bin/../lib/gcc/arm-none-eabi/12.3.1/../../../../arm-none-eabi/lib/thumb/v8-m.main+fp/hard\libcr_c.a(memset.o)
                              ./utilities/fsl_debug_console.o (memset)
c:/nxp/mcuxpressoide_11.9.1_2170/ide/plugins/com.nxp.mcuxpresso.tools.win32_11.9.1.202402080819/tools/bin/../lib/gcc/arm-none-eabi/12.3.1/../../../../arm-none-eabi/lib/thumb/v8-m.main+fp/hard\libcr_c.a(alloc.o)
                              ./drivers/fsl_common.o (malloc)
c:/nxp/mcuxpressoide_11.9.1_2170/ide/plugins/com.nxp.mcuxpresso.tools.win32_11.9.1.202402080819/tools/bin/../lib/gcc/arm-none-eabi/12.3.1/../../../../arm-none-eabi/lib/thumb/v8-m.main+fp/hard\libcr_c.a(errno.o)
                              ./utilities/fsl_str.o (errno)
c:/nxp/mcuxpressoide_11.9.1_2170/ide/plugins/com.nxp.mcuxpresso.tools.win32_11.9.1.202402080819/tools/bin/../lib/gcc/arm-none-eabi/12.3.1/../../../../arm-none-eabi/lib/thumb/v8-m.main+fp/hard\libcr_c.a(initio.o)
                              c:/nxp/mcuxpressoide_11.9.1_2170/ide/plugins/com.nxp.mcuxpresso.tools.win32_11.9.1.202402080819/tools/bin/../lib/gcc/arm-none-eabi/12.3.1/../../../../arm-none-eabi/lib/thumb/v8-m.main+fp/hard\libcr_nohost_nf.a(_cr__main.o) (_initio)
c:/nxp/mcuxpressoide_11.9.1_2170/ide/plugins/com.nxp.mcuxpresso.tools.win32_11.9.1.202402080819/tools/bin/../lib/gcc/arm-none-eabi/12.3.1/../../../../arm-none-eabi/lib/thumb/v8-m.main+fp/hard\libcr_c.a(scanf.o)
                              ./utilities/fsl_str.o (strtoul)
c:/nxp/mcuxpressoide_11.9.1_2170/ide/plugins/com.nxp.mcuxpresso.tools.win32_11.9.1.202402080819/tools/bin/../lib/gcc/arm-none-eabi/12.3.1/../../../../arm-none-eabi/lib/thumb/v8-m.main+fp/hard\libcr_c.a(setvbuf.o)
                              c:/nxp/mcuxpressoide_11.9.1_2170/ide/plugins/com.nxp.mcuxpresso.tools.win32_11.9.1.202402080819/tools/bin/../lib/gcc/arm-none-eabi/12.3.1/../../../../arm-none-eabi/lib/thumb/v8-m.main+fp/hard\libcr_c.a(initio.o) (setvbuf)
c:/nxp/mcuxpressoide_11.9.1_2170/ide/plugins/com.nxp.mcuxpresso.tools.win32_11.9.1.202402080819/tools/bin/../lib/gcc/arm-none-eabi/12.3.1/../../../../arm-none-eabi/lib/thumb/v8-m.main+fp/hard\libcr_c.a(strlen.o)
                              ./utilities/fsl_str.o (strlen)
c:/nxp/mcuxpressoide_11.9.1_2170/ide/plugins/com.nxp.mcuxpresso.tools.win32_11.9.1.202402080819/tools/bin/../lib/gcc/arm-none-eabi/12.3.1/../../../../arm-none-eabi/lib/thumb/v8-m.main+fp/hard\libcr_c.a(ungetc.o)
                              c:/nxp/mcuxpressoide_11.9.1_2170/ide/plugins/com.nxp.mcuxpresso.tools.win32_11.9.1.202402080819/tools/bin/../lib/gcc/arm-none-eabi/12.3.1/../../../../arm-none-eabi/lib/thumb/v8-m.main+fp/hard\libcr_c.a(scanf.o) (ungetc)
c:/nxp/mcuxpressoide_11.9.1_2170/ide/plugins/com.nxp.mcuxpresso.tools.win32_11.9.1.202402080819/tools/bin/../lib/gcc/arm-none-eabi/12.3.1/../../../../arm-none-eabi/lib/thumb/v8-m.main+fp/hard\libcr_c.a(__fillbuf.o)
                              c:/nxp/mcuxpressoide_11.9.1_2170/ide/plugins/com.nxp.mcuxpresso.tools.win32_11.9.1.202402080819/tools/bin/../lib/gcc/arm-none-eabi/12.3.1/../../../../arm-none-eabi/lib/thumb/v8-m.main+fp/hard\libcr_c.a(scanf.o) (__filbuf)
c:/nxp/mcuxpressoide_11.9.1_2170/ide/plugins/com.nxp.mcuxpresso.tools.win32_11.9.1.202402080819/tools/bin/../lib/gcc/arm-none-eabi/12.3.1/../../../../arm-none-eabi/lib/thumb/v8-m.main+fp/hard\libcr_c.a(__init_alloc.o)
                              c:/nxp/mcuxpressoide_11.9.1_2170/ide/plugins/com.nxp.mcuxpresso.tools.win32_11.9.1.202402080819/tools/bin/../lib/gcc/arm-none-eabi/12.3.1/../../../../arm-none-eabi/lib/thumb/v8-m.main+fp/hard\libcr_c.a(alloc.o) (__heaps)
c:/nxp/mcuxpressoide_11.9.1_2170/ide/plugins/com.nxp.mcuxpresso.tools.win32_11.9.1.202402080819/tools/bin/../lib/gcc/arm-none-eabi/12.3.1/../../../../arm-none-eabi/lib/thumb/v8-m.main+fp/hard\libcr_c.a(_cr_sbrk.o)
                              c:/nxp/mcuxpressoide_11.9.1_2170/ide/plugins/com.nxp.mcuxpresso.tools.win32_11.9.1.202402080819/tools/bin/../lib/gcc/arm-none-eabi/12.3.1/../../../../arm-none-eabi/lib/thumb/v8-m.main+fp/hard\libcr_c.a(alloc.o) (_sbrk)
[...]
Memory Configuration

Name             Origin             Length             Attributes
PROGRAM_FLASH    0x00000000         0x0009d800         xr
SRAM             0x20000000         0x00040000         xrw
SRAMX            0x04000000         0x00008000         xrw
USB_RAM          0x40100000         0x00004000         xrw
SRAM4            0x20040000         0x00004000         xrw
*default*        0x00000000         0xffffffff

Linker script and memory map

LOAD ./utilities/fsl_assert.o
LOAD ./utilities/fsl_debug_console.o
LOAD ./utilities/fsl_str.o
LOAD ./startup/boot_multicore_slave.o
LOAD ./startup/startup_lpc55s69_cm33_core0.o
LOAD ./source/Day2_ex2.o
LOAD ./source/semihost_hardfault.o
LOAD ./drivers/fsl_clock.o
LOAD ./drivers/fsl_common.o
LOAD ./drivers/fsl_common_arm.o
LOAD ./drivers/fsl_flexcomm.o
LOAD ./drivers/fsl_gpio.o
LOAD ./drivers/fsl_i2c.o
LOAD ./drivers/fsl_power.o
LOAD ./drivers/fsl_reset.o
LOAD ./drivers/fsl_usart.o
LOAD ./device/system_LPC55S69_cm33_core0.o
LOAD ./component/uart/fsl_adapter_usart.o
LOAD ./component/serial_manager/fsl_component_serial_manager.o
LOAD ./component/serial_manager/fsl_component_serial_port_uart.o
LOAD ./component/lists/fsl_component_generic_list.o
LOAD ./board/board.o
LOAD ./board/clock_config.o
LOAD ./board/peripherals.o
LOAD ./board/pin_mux.o
START GROUP
LOAD c:/nxp/mcuxpressoide_11.9.1_2170/ide/plugins/com.nxp.mcuxpresso.tools.win32_11.9.1.202402080819/tools/bin/../lib/gcc/arm-none-eabi/12.3.1/../../../../arm-none-eabi/lib/thumb/v8-m.main+fp/hard\libcr_nohost_nf.a
LOAD c:/nxp/mcuxpressoide_11.9.1_2170/ide/plugins/com.nxp.mcuxpresso.tools.win32_11.9.1.202402080819/tools/bin/../lib/gcc/arm-none-eabi/12.3.1/../../../../arm-none-eabi/lib/thumb/v8-m.main+fp/hard\libcr_c.a
LOAD c:/nxp/mcuxpressoide_11.9.1_2170/ide/plugins/com.nxp.mcuxpresso.tools.win32_11.9.1.202402080819/tools/bin/../lib/gcc/arm-none-eabi/12.3.1/thumb/v8-m.main+fp/hard\libcr_eabihelpers.a
LOAD c:/nxp/mcuxpressoide_11.9.1_2170/ide/plugins/com.nxp.mcuxpresso.tools.win32_11.9.1.202402080819/tools/bin/../lib/gcc/arm-none-eabi/12.3.1/thumb/v8-m.main+fp/hard\libgcc.a
END GROUP
                0x00000000                        __base_PROGRAM_FLASH = 0x0
                0x00000000                        __base_Flash = 0x0
                0x0009d800                        __top_PROGRAM_FLASH = 0x9d800
                0x0009d800                        __top_Flash = 0x9d800
                0x20000000                        __base_SRAM = 0x20000000
                0x20000000                        __base_RAM = 0x20000000
                0x20040000                        __top_SRAM = 0x20040000
                0x20040000                        __top_RAM = 0x20040000
                0x04000000                        __base_SRAMX = 0x4000000
                0x04000000                        __base_RAM2 = 0x4000000
                0x04008000                        __top_SRAMX = 0x4008000
                0x04008000                        __top_RAM2 = 0x4008000
                0x40100000                        __base_USB_RAM = 0x40100000
                0x40100000                        __base_RAM3 = 0x40100000
                0x40104000                        __top_USB_RAM = 0x40104000
                0x40104000                        __top_RAM3 = 0x40104000
                0x20040000                        __base_SRAM4 = 0x20040000
                0x20040000                        __base_RAM4 = 0x20040000
                0x20044000                        __top_SRAM4 = 0x20044000
                0x20044000                        __top_RAM4 = 0x20044000

.text           0x00000000     0x38e4
 FILL mask 0xff
                0x00000000                        __vectors_start__ = ABSOLUTE (.)
 *(SORT_BY_ALIGNMENT(.isr_vector))
 .isr_vector    0x00000000      0x130 ./startup/startup_lpc55s69_cm33_core0.o
                0x00000000                g_pfnVectors
                0x00000000                __Vectors
                0x00000130                        . = ALIGN (0x4)
                0x00000130                        __section_table_start = .
                0x00000130                        __data_section_table = .
                0x00000130        0x4 LONG 0x38e4 LOADADDR (.data)
                0x00000134        0x4 LONG 0x20000000 ADDR (.data)
                0x00000138        0x4 LONG 0x8 SIZEOF (.data)
                0x0000013c        0x4 LONG 0x38e4 LOADADDR (.data_RAM2)
                0x00000140        0x4 LONG 0x4000000 ADDR (.data_RAM2)
                0x00000144        0x4 LONG 0x0 SIZEOF (.data_RAM2)
                0x00000148        0x4 LONG 0x38e4 LOADADDR (.data_RAM3)
                0x0000014c        0x4 LONG 0x40100000 ADDR (.data_RAM3)
                0x00000150        0x4 LONG 0x0 SIZEOF (.data_RAM3)
                0x00000154        0x4 LONG 0x38e4 LOADADDR (.data_RAM4)
                0x00000158        0x4 LONG 0x20040000 ADDR (.data_RAM4)
                0x0000015c        0x4 LONG 0x0 SIZEOF (.data_RAM4)
                0x00000160                        __data_section_table_end = .
                0x00000160                        __bss_section_table = .
                0x00000160        0x4 LONG 0x20000008 ADDR (.bss)
                0x00000164        0x4 LONG 0x12c SIZEOF (.bss)
                0x00000168        0x4 LONG 0x4000000 ADDR (.bss_RAM2)
                0x0000016c        0x4 LONG 0x0 SIZEOF (.bss_RAM2)
                0x00000170        0x4 LONG 0x40100000 ADDR (.bss_RAM3)
                0x00000174        0x4 LONG 0x0 SIZEOF (.bss_RAM3)
                0x00000178        0x4 LONG 0x20040000 ADDR (.bss_RAM4)
                0x0000017c        0x4 LONG 0x0 SIZEOF (.bss_RAM4)
                0x00000180                        __bss_section_table_end = .
                0x00000180                        __section_table_end = .
 *(SORT_BY_ALIGNMENT(.after_vectors*))
 .after_vectors.reset
                0x00000180       0x68 ./startup/startup_lpc55s69_cm33_core0.o
                0x00000180                ResetISR
 .after_vectors.init_data
                0x000001e8       0x1e ./startup/startup_lpc55s69_cm33_core0.o
                0x000001e8                data_init
 .after_vectors.init_bss
                0x00000206       0x12 ./startup/startup_lpc55s69_cm33_core0.o
                0x00000206                bss_init
 .after_vectors
                0x00000218       0x16 ./startup/startup_lpc55s69_cm33_core0.o
                0x00000218                NMI_Handler
                0x0000021c                MemManage_Handler
                0x0000021e                BusFault_Handler
                0x00000220                UsageFault_Handler
                0x00000222                SecureFault_Handler
                0x00000224                SVC_Handler
                0x00000226                DebugMon_Handler
                0x00000228                PendSV_Handler
                0x0000022a                SysTick_Handler
                0x0000022c                Reserved56_DriverIRQHandler
                0x0000022c                PIN_INT0_DriverIRQHandler
                0x0000022c                CTIMER2_DriverIRQHandler
                0x0000022c                PIN_INT2_DriverIRQHandler
                0x0000022c                PIN_INT3_DriverIRQHandler
                0x0000022c                IntDefaultHandler
                0x0000022c                USB0_DriverIRQHandler
                0x0000022c                CASER_DriverIRQHandler
                0x0000022c                MRT0_DriverIRQHandler
                0x0000022c                UTICK0_DriverIRQHandler
                0x0000022c                Reserved41_DriverIRQHandler
                0x0000022c                PIN_INT4_DriverIRQHandler
                0x0000022c                PIN_INT5_DriverIRQHandler
                0x0000022c                SEC_GPIO_INT0_IRQ0_DriverIRQHandler
                0x0000022c                CTIMER4_DriverIRQHandler
                0x0000022c                GINT1_DriverIRQHandler
                0x0000022c                PIN_INT7_DriverIRQHandler
                0x0000022c                Reserved55_DriverIRQHandler
                0x0000022c                SEC_VIO_DriverIRQHandler
                0x0000022c                USB0_NEEDCLK_DriverIRQHandler
                0x0000022c                CTIMER0_DriverIRQHandler
                0x0000022c                CTIMER1_DriverIRQHandler
                0x0000022c                Reserved42_DriverIRQHandler
                0x0000022c                PIN_INT6_DriverIRQHandler
                0x0000022c                PQ_DriverIRQHandler
                0x0000022c                MAILBOX_DriverIRQHandler
                0x0000022c                PIN_INT1_DriverIRQHandler
                0x0000022c                CTIMER3_DriverIRQHandler
                0x0000022c                Reserved61_DriverIRQHandler
                0x0000022c                SEC_GPIO_INT0_IRQ1_DriverIRQHandler
                0x0000022c                PUF_DriverIRQHandler
                0x0000022c                RTC_DriverIRQHandler
                0x0000022c                DMA0_DriverIRQHandler
                0x0000022c                Reserved39_DriverIRQHandler
                0x0000022c                USB1_DriverIRQHandler
                0x0000022c                Reserved60_DriverIRQHandler
                0x0000022c                DMA1_DriverIRQHandler
                0x0000022c                ADC0_DriverIRQHandler
                0x0000022c                USB1_NEEDCLK_DriverIRQHandler
                0x0000022c                Reserved59_DriverIRQHandler
                0x0000022c                SDIO_DriverIRQHandler
                0x0000022c                GINT0_DriverIRQHandler
                0x0000022c                USB1_PHY_DriverIRQHandler
                0x0000022c                ACMP_DriverIRQHandler
                0x0000022c                Reserved57_DriverIRQHandler
                0x0000022c                HASHCRYPT_DriverIRQHandler
                0x0000022c                Reserved46_DriverIRQHandler
                0x0000022c                WDT_BOD_DriverIRQHandler
                0x0000022c                SCT0_DriverIRQHandler
                0x0000022c                PLU_DriverIRQHandler
                0x0000022c                OS_EVENT_DriverIRQHandler
                0x0000022c                SEC_HYPERVISOR_CALL_DriverIRQHandler
 *(SORT_BY_ALIGNMENT(.text*))
 *fill*         0x0000022e        0x2 ff
 .text.__assertion_failed
                0x00000230       0x2c ./utilities/fsl_assert.o
                0x00000230                __assertion_failed
 .text.DbgConsole_SendDataReliable
                0x0000025c       0x54 ./utilities/fsl_debug_console.o
                0x0000025c                DbgConsole_SendDataReliable
 .text.DbgConsole_Init
                0x000002b0      0x138 ./utilities/fsl_debug_console.o
                0x000002b0                DbgConsole_Init
 .text.DbgConsole_Vprintf
                0x000003e8       0x6c ./utilities/fsl_debug_console.o
                0x000003e8                DbgConsole_Vprintf
 .text.main     0x00000454      0x148 ./source/Day2_ex2.o
                0x00000454                main
 .text.POWER_EnablePD
                0x0000059c       0x20 ./drivers/fsl_clock.o
 .text.POWER_DisablePD
                0x000005bc       0x20 ./drivers/fsl_clock.o
 .text.CLOCK_AttachClk
                0x000005dc       0xa0 ./drivers/fsl_clock.o
                0x000005dc                CLOCK_AttachClk
 .text.CLOCK_SetClkDiv
                0x0000067c       0x80 ./drivers/fsl_clock.o
                0x0000067c                CLOCK_SetClkDiv
 .text.CLOCK_SetupFROClocking
                0x000006fc       0x80 ./drivers/fsl_clock.o
                0x000006fc                CLOCK_SetupFROClocking
 .text.CLOCK_SetFLASHAccessCyclesForFreq
                0x0000077c      0x17c ./drivers/fsl_clock.o
                0x0000077c                CLOCK_SetFLASHAccessCyclesForFreq
 .text.CLOCK_SetupExtClocking
                0x000008f8       0x64 ./drivers/fsl_clock.o
                0x000008f8                CLOCK_SetupExtClocking
 .text.CLOCK_GetFro1MFreq
                0x0000095c       0x28 ./drivers/fsl_clock.o
                0x0000095c                CLOCK_GetFro1MFreq
 .text.CLOCK_GetExtClkFreq
                0x00000984       0x2c ./drivers/fsl_clock.o
                0x00000984                CLOCK_GetExtClkFreq
 .text.CLOCK_GetOsc32KFreq
                0x000009b0       0x58 ./drivers/fsl_clock.o
                0x000009b0                CLOCK_GetOsc32KFreq
 .text.CLOCK_GetPLL0InClockRate
                0x00000a08       0x64 ./drivers/fsl_clock.o
                0x00000a08                CLOCK_GetPLL0InClockRate
 .text.CLOCK_SetPLL0Freq
                0x00000a6c      0x14c ./drivers/fsl_clock.o
                0x00000a6c                CLOCK_SetPLL0Freq
 .text.SDK_DelayAtLeastUs
                0x00000bb8       0x8c ./drivers/fsl_common_arm.o
                0x00000bb8                SDK_DelayAtLeastUs
 .text.FLEXCOMM_GetInstance
                0x00000c44       0x4c ./drivers/fsl_flexcomm.o
                0x00000c44                FLEXCOMM_GetInstance
 .text.FLEXCOMM_Init
                0x00000c90       0x50 ./drivers/fsl_flexcomm.o
                0x00000c90                FLEXCOMM_Init
 .text.FLEXCOMM0_DriverIRQHandler
                0x00000ce0       0x5c ./drivers/fsl_flexcomm.o
                0x00000ce0                FLEXCOMM0_DriverIRQHandler
 .text.FLEXCOMM1_DriverIRQHandler
                0x00000d3c       0x5c ./drivers/fsl_flexcomm.o
                0x00000d3c                FLEXCOMM1_DriverIRQHandler
 .text.FLEXCOMM2_DriverIRQHandler
                0x00000d98       0x5c ./drivers/fsl_flexcomm.o
                0x00000d98                FLEXCOMM2_DriverIRQHandler
 .text.FLEXCOMM3_DriverIRQHandler
                0x00000df4       0x5c ./drivers/fsl_flexcomm.o
                0x00000df4                FLEXCOMM3_DriverIRQHandler
 .text.FLEXCOMM4_DriverIRQHandler
                0x00000e50       0x5c ./drivers/fsl_flexcomm.o
                0x00000e50                FLEXCOMM4_DriverIRQHandler
 .text.FLEXCOMM5_DriverIRQHandler
                0x00000eac       0x5c ./drivers/fsl_flexcomm.o
                0x00000eac                FLEXCOMM5_DriverIRQHandler
 .text.FLEXCOMM6_DriverIRQHandler
                0x00000f08       0x5c ./drivers/fsl_flexcomm.o
                0x00000f08                FLEXCOMM6_DriverIRQHandler
 .text.FLEXCOMM7_DriverIRQHandler
                0x00000f64       0x5c ./drivers/fsl_flexcomm.o
                0x00000f64                FLEXCOMM7_DriverIRQHandler
 .text.FLEXCOMM8_DriverIRQHandler
                0x00000fc0       0x5c ./drivers/fsl_flexcomm.o
                0x00000fc0                FLEXCOMM8_DriverIRQHandler
 .text.lowpower_set_system_voltage
                0x0000101c      0x154 ./drivers/fsl_power.o
 .text.lowpower_set_dcdc_power_profile
                0x00001170       0xec ./drivers/fsl_power.o
 .text.lowpower_get_part_process_corner
                0x0000125c       0x94 ./drivers/fsl_power.o
 .text.POWER_SetVoltageForFreq
                0x000012f0       0x50 ./drivers/fsl_power.o
                0x000012f0                POWER_SetVoltageForFreq
 .text.RESET_SetPeripheralReset
                0x00001340       0x5c ./drivers/fsl_reset.o
                0x00001340                RESET_SetPeripheralReset
 .text.RESET_ClearPeripheralReset
                0x0000139c       0x60 ./drivers/fsl_reset.o
                0x0000139c                RESET_ClearPeripheralReset
 .text.USART_Init
                0x000013fc      0x1cc ./drivers/fsl_usart.o
                0x000013fc                USART_Init
 .text.USART_GetDefaultConfig
                0x000015c8       0x80 ./drivers/fsl_usart.o
                0x000015c8                USART_GetDefaultConfig
 .text.USART_SetBaudRate
                0x00001648      0x18c ./drivers/fsl_usart.o
                0x00001648                USART_SetBaudRate
 .text.USART_WriteBlocking
                0x000017d4       0x8c ./drivers/fsl_usart.o
                0x000017d4                USART_WriteBlocking
 .text.USART_ReadBlocking
                0x00001860      0x104 ./drivers/fsl_usart.o
                0x00001860                USART_ReadBlocking
 .text.SystemInit
                0x00001964       0x64 ./device/system_LPC55S69_cm33_core0.o
                0x00001964                SystemInit
 .text.HAL_UartInitCommon
                0x000019c8      0x110 ./component/uart/fsl_adapter_usart.o
 .text.HAL_UartSendBlocking
                0x00001ad8       0x64 ./component/uart/fsl_adapter_usart.o
                0x00001ad8                HAL_UartSendBlocking
 .text.BOARD_InitDebugConsole
                0x00001b3c       0x38 ./board/board.o
                0x00001b3c                BOARD_InitDebugConsole
 .text.POWER_DisablePD
                0x00001b74       0x20 ./board/clock_config.o
 .text.BOARD_BootClockPLL150M
                0x00001b94       0xe0 ./board/clock_config.o
                0x00001b94                BOARD_BootClockPLL150M
 .text.BOARD_InitDEBUG_UARTPins
                0x00001c74       0x3c ./board/pin_mux.o
                0x00001c74                BOARD_InitDEBUG_UARTPins
 .text._initio  0x00001cb0       0x78 c:/nxp/mcuxpressoide_11.9.1_2170/ide/plugins/com.nxp.mcuxpresso.tools.win32_11.9.1.202402080819/tools/bin/../lib/gcc/arm-none-eabi/12.3.1/../../../../arm-none-eabi/lib/thumb/v8-m.main+fp/hard\libcr_c.a(initio.o)
                0x00001cb0                _initio
 .text._Cwritebuf
                0x00001d28       0x6c c:/nxp/mcuxpressoide_11.9.1_2170/ide/plugins/com.nxp.mcuxpresso.tools.win32_11.9.1.202402080819/tools/bin/../lib/gcc/arm-none-eabi/12.3.1/../../../../arm-none-eabi/lib/thumb/v8-m.main+fp/hard\libcr_c.a(_writebuf.o)
                0x00001d28                _Cwritebuf
 .text.fflush   0x00001d94       0x3c c:/nxp/mcuxpressoide_11.9.1_2170/ide/plugins/com.nxp.mcuxpresso.tools.win32_11.9.1.202402080819/tools/bin/../lib/gcc/arm-none-eabi/12.3.1/../../../../arm-none-eabi/lib/thumb/v8-m.main+fp/hard\libcr_c.a(fflush.o)
                0x00001d94                fflush
 .text.fseek    0x00001dd0       0xf8 c:/nxp/mcuxpressoide_11.9.1_2170/ide/plugins/com.nxp.mcuxpresso.tools.win32_11.9.1.202402080819/tools/bin/../lib/gcc/arm-none-eabi/12.3.1/../../../../arm-none-eabi/lib/thumb/v8-m.main+fp/hard\libcr_c.a(fseek.o)
                0x00001dd0                fseek
 .text.ftell    0x00001ec8       0x44 c:/nxp/mcuxpressoide_11.9.1_2170/ide/plugins/com.nxp.mcuxpresso.tools.win32_11.9.1.202402080819/tools/bin/../lib/gcc/arm-none-eabi/12.3.1/../../../../arm-none-eabi/lib/thumb/v8-m.main+fp/hard\libcr_c.a(ftell.o)
                0x00001ec8                ftell
 .text.fsl_assert_hook
                0x00001f0c       0x1a ./utilities/fsl_assert.o
                0x00001f0c                fsl_assert_hook
 .text.DbgConsole_PrintCallback
                0x00001f26       0x66 ./utilities/fsl_debug_console.o
 .text.DbgConsole_Printf
                0x00001f8c       0x2c ./utilities/fsl_debug_console.o
                0x00001f8c                DbgConsole_Printf
 .text.PrintGetWidth
                0x00001fb8       0x6a ./utilities/fsl_str.o
 .text.PrintGetPrecision
                0x00002022       0x8c ./utilities/fsl_str.o
 .text.PrintIsobpu
                0x000020ae       0x38 ./utilities/fsl_str.o
 .text.PrintIsdi
                0x000020e6       0x2c ./utilities/fsl_str.o
 .text.PrintOutputdifFobpu
                0x00002112       0x44 ./utilities/fsl_str.o
 .text.PrintOutputxX
                0x00002156       0x44 ./utilities/fsl_str.o
 .text.PrintIsfF
                0x0000219a       0x2c ./utilities/fsl_str.o
 .text.PrintIsxX
                0x000021c6       0x2c ./utilities/fsl_str.o
 .text.PrintFilterLengthFlag
                0x000021f2       0x3e ./utilities/fsl_str.o
 .text.PrintGetRadixFromobpu
                0x00002230       0x40 ./utilities/fsl_str.o
 .text.ConvertRadixNumToString
                0x00002270       0xc2 ./utilities/fsl_str.o
 .text.StrFormatExaminedi
                0x00002332       0x26 ./utilities/fsl_str.o
 .text.StrFormatExaminexX
                0x00002358       0x26 ./utilities/fsl_str.o
 .text.StrFormatExamineobpu
                0x0000237e       0x26 ./utilities/fsl_str.o
 .text.ConvertPrecisionWidthToLength
                0x000023a4       0x20 ./utilities/fsl_str.o
 .text.StrFormatPrintf
                0x000023c4      0x2bc ./utilities/fsl_str.o
                0x000023c4                StrFormatPrintf
 .text.WDT_BOD_IRQHandler
                0x00002680        0x8 ./startup/startup_lpc55s69_cm33_core0.o
                0x00002680                WDT_BOD_IRQHandler
 .text.DMA0_IRQHandler
                0x00002688        0x8 ./startup/startup_lpc55s69_cm33_core0.o
                0x00002688                DMA0_IRQHandler
 .text.GINT0_IRQHandler
                0x00002690        0x8 ./startup/startup_lpc55s69_cm33_core0.o
                0x00002690                GINT0_IRQHandler
 .text.GINT1_IRQHandler
                0x00002698        0x8 ./startup/startup_lpc55s69_cm33_core0.o
                0x00002698                GINT1_IRQHandler
 .text.PIN_INT0_IRQHandler
                0x000026a0        0x8 ./startup/startup_lpc55s69_cm33_core0.o
                0x000026a0                PIN_INT0_IRQHandler
 .text.PIN_INT1_IRQHandler
                0x000026a8        0x8 ./startup/startup_lpc55s69_cm33_core0.o
                0x000026a8                PIN_INT1_IRQHandler
 .text.PIN_INT2_IRQHandler
                0x000026b0        0x8 ./startup/startup_lpc55s69_cm33_core0.o
                0x000026b0                PIN_INT2_IRQHandler
 .text.PIN_INT3_IRQHandler
                0x000026b8        0x8 ./startup/startup_lpc55s69_cm33_core0.o
                0x000026b8                PIN_INT3_IRQHandler
 .text.UTICK0_IRQHandler
                0x000026c0        0x8 ./startup/startup_lpc55s69_cm33_core0.o
                0x000026c0                UTICK0_IRQHandler
 .text.MRT0_IRQHandler
                0x000026c8        0x8 ./startup/startup_lpc55s69_cm33_core0.o
                0x000026c8                MRT0_IRQHandler
 .text.CTIMER0_IRQHandler
                0x000026d0        0x8 ./startup/startup_lpc55s69_cm33_core0.o
                0x000026d0                CTIMER0_IRQHandler
 .text.CTIMER1_IRQHandler
                0x000026d8        0x8 ./startup/startup_lpc55s69_cm33_core0.o
                0x000026d8                CTIMER1_IRQHandler
 .text.SCT0_IRQHandler
                0x000026e0        0x8 ./startup/startup_lpc55s69_cm33_core0.o
                0x000026e0                SCT0_IRQHandler
 .text.CTIMER3_IRQHandler
                0x000026e8        0x8 ./startup/startup_lpc55s69_cm33_core0.o
                0x000026e8                CTIMER3_IRQHandler
 .text.FLEXCOMM0_IRQHandler
                0x000026f0        0x8 ./startup/startup_lpc55s69_cm33_core0.o
                0x000026f0                FLEXCOMM0_IRQHandler
 .text.FLEXCOMM1_IRQHandler
                0x000026f8        0x8 ./startup/startup_lpc55s69_cm33_core0.o
                0x000026f8                FLEXCOMM1_IRQHandler
 .text.FLEXCOMM2_IRQHandler
                0x00002700        0x8 ./startup/startup_lpc55s69_cm33_core0.o
                0x00002700                FLEXCOMM2_IRQHandler
 .text.FLEXCOMM3_IRQHandler
                0x00002708        0x8 ./startup/startup_lpc55s69_cm33_core0.o
                0x00002708                FLEXCOMM3_IRQHandler
 .text.FLEXCOMM4_IRQHandler
                0x00002710        0x8 ./startup/startup_lpc55s69_cm33_core0.o
                0x00002710                FLEXCOMM4_IRQHandler
 .text.FLEXCOMM5_IRQHandler
                0x00002718        0x8 ./startup/startup_lpc55s69_cm33_core0.o
                0x00002718                FLEXCOMM5_IRQHandler
 .text.FLEXCOMM6_IRQHandler
                0x00002720        0x8 ./startup/startup_lpc55s69_cm33_core0.o
                0x00002720                FLEXCOMM6_IRQHandler
 .text.FLEXCOMM7_IRQHandler
                0x00002728        0x8 ./startup/startup_lpc55s69_cm33_core0.o
                0x00002728                FLEXCOMM7_IRQHandler
 .text.ADC0_IRQHandler
                0x00002730        0x8 ./startup/startup_lpc55s69_cm33_core0.o
                0x00002730                ADC0_IRQHandler
 .text.Reserved39_IRQHandler
                0x00002738        0x8 ./startup/startup_lpc55s69_cm33_core0.o
                0x00002738                Reserved39_IRQHandler
 .text.ACMP_IRQHandler
                0x00002740        0x8 ./startup/startup_lpc55s69_cm33_core0.o
                0x00002740                ACMP_IRQHandler
 .text.Reserved41_IRQHandler
                0x00002748        0x8 ./startup/startup_lpc55s69_cm33_core0.o
                0x00002748                Reserved41_IRQHandler
 .text.Reserved42_IRQHandler
                0x00002750        0x8 ./startup/startup_lpc55s69_cm33_core0.o
                0x00002750                Reserved42_IRQHandler
 .text.USB0_NEEDCLK_IRQHandler
                0x00002758        0x8 ./startup/startup_lpc55s69_cm33_core0.o
                0x00002758                USB0_NEEDCLK_IRQHandler
 .text.USB0_IRQHandler
                0x00002760        0x8 ./startup/startup_lpc55s69_cm33_core0.o
                0x00002760                USB0_IRQHandler
 .text.RTC_IRQHandler
                0x00002768        0x8 ./startup/startup_lpc55s69_cm33_core0.o
                0x00002768                RTC_IRQHandler
 .text.Reserved46_IRQHandler
                0x00002770        0x8 ./startup/startup_lpc55s69_cm33_core0.o
                0x00002770                Reserved46_IRQHandler
 .text.MAILBOX_IRQHandler
                0x00002778        0x8 ./startup/startup_lpc55s69_cm33_core0.o
                0x00002778                MAILBOX_IRQHandler
 .text.PIN_INT4_IRQHandler
                0x00002780        0x8 ./startup/startup_lpc55s69_cm33_core0.o
                0x00002780                PIN_INT4_IRQHandler
 .text.PIN_INT5_IRQHandler
                0x00002788        0x8 ./startup/startup_lpc55s69_cm33_core0.o
                0x00002788                PIN_INT5_IRQHandler
 .text.PIN_INT6_IRQHandler
                0x00002790        0x8 ./startup/startup_lpc55s69_cm33_core0.o
                0x00002790                PIN_INT6_IRQHandler
 .text.PIN_INT7_IRQHandler
                0x00002798        0x8 ./startup/startup_lpc55s69_cm33_core0.o
                0x00002798                PIN_INT7_IRQHandler
 .text.CTIMER2_IRQHandler
                0x000027a0        0x8 ./startup/startup_lpc55s69_cm33_core0.o
                0x000027a0                CTIMER2_IRQHandler
 .text.CTIMER4_IRQHandler
                0x000027a8        0x8 ./startup/startup_lpc55s69_cm33_core0.o
                0x000027a8                CTIMER4_IRQHandler
 .text.OS_EVENT_IRQHandler
                0x000027b0        0x8 ./startup/startup_lpc55s69_cm33_core0.o
                0x000027b0                OS_EVENT_IRQHandler
 .text.Reserved55_IRQHandler
                0x000027b8        0x8 ./startup/startup_lpc55s69_cm33_core0.o
                0x000027b8                Reserved55_IRQHandler
 .text.Reserved56_IRQHandler
                0x000027c0        0x8 ./startup/startup_lpc55s69_cm33_core0.o
                0x000027c0                Reserved56_IRQHandler
 .text.Reserved57_IRQHandler
                0x000027c8        0x8 ./startup/startup_lpc55s69_cm33_core0.o
                0x000027c8                Reserved57_IRQHandler
 .text.SDIO_IRQHandler
                0x000027d0        0x8 ./startup/startup_lpc55s69_cm33_core0.o
                0x000027d0                SDIO_IRQHandler
 .text.Reserved59_IRQHandler
                0x000027d8        0x8 ./startup/startup_lpc55s69_cm33_core0.o
                0x000027d8                Reserved59_IRQHandler
 .text.Reserved60_IRQHandler
                0x000027e0        0x8 ./startup/startup_lpc55s69_cm33_core0.o
                0x000027e0                Reserved60_IRQHandler
 .text.Reserved61_IRQHandler
                0x000027e8        0x8 ./startup/startup_lpc55s69_cm33_core0.o
                0x000027e8                Reserved61_IRQHandler
 .text.USB1_PHY_IRQHandler
                0x000027f0        0x8 ./startup/startup_lpc55s69_cm33_core0.o
                0x000027f0                USB1_PHY_IRQHandler
 .text.USB1_IRQHandler
                0x000027f8        0x8 ./startup/startup_lpc55s69_cm33_core0.o
                0x000027f8                USB1_IRQHandler
 .text.USB1_NEEDCLK_IRQHandler
                0x00002800        0x8 ./startup/startup_lpc55s69_cm33_core0.o
                0x00002800                USB1_NEEDCLK_IRQHandler
 .text.SEC_HYPERVISOR_CALL_IRQHandler
                0x00002808        0x8 ./startup/startup_lpc55s69_cm33_core0.o
                0x00002808                SEC_HYPERVISOR_CALL_IRQHandler
 .text.SEC_GPIO_INT0_IRQ0_IRQHandler
                0x00002810        0x8 ./startup/startup_lpc55s69_cm33_core0.o
                0x00002810                SEC_GPIO_INT0_IRQ0_IRQHandler
 .text.SEC_GPIO_INT0_IRQ1_IRQHandler
                0x00002818        0x8 ./startup/startup_lpc55s69_cm33_core0.o
                0x00002818                SEC_GPIO_INT0_IRQ1_IRQHandler
 .text.PLU_IRQHandler
                0x00002820        0x8 ./startup/startup_lpc55s69_cm33_core0.o
                0x00002820                PLU_IRQHandler
 .text.SEC_VIO_IRQHandler
                0x00002828        0x8 ./startup/startup_lpc55s69_cm33_core0.o
                0x00002828                SEC_VIO_IRQHandler
 .text.HASHCRYPT_IRQHandler
                0x00002830        0x8 ./startup/startup_lpc55s69_cm33_core0.o
                0x00002830                HASHCRYPT_IRQHandler
 .text.CASER_IRQHandler
                0x00002838        0x8 ./startup/startup_lpc55s69_cm33_core0.o
                0x00002838                CASER_IRQHandler
 .text.PUF_IRQHandler
                0x00002840        0x8 ./startup/startup_lpc55s69_cm33_core0.o
                0x00002840                PUF_IRQHandler
 .text.PQ_IRQHandler
                0x00002848        0x8 ./startup/startup_lpc55s69_cm33_core0.o
                0x00002848                PQ_IRQHandler
 .text.DMA1_IRQHandler
                0x00002850        0x8 ./startup/startup_lpc55s69_cm33_core0.o
                0x00002850                DMA1_IRQHandler
 .text.FLEXCOMM8_IRQHandler
                0x00002858        0x8 ./startup/startup_lpc55s69_cm33_core0.o
                0x00002858                FLEXCOMM8_IRQHandler
 .text.HardFault_Handler
                0x00002860       0x36 ./source/semihost_hardfault.o
                0x00002860                HardFault_Handler
 .text.CLOCK_IsPLL0Locked
                0x00002896       0x24 ./drivers/fsl_clock.o
 .text.findPll0PreDiv
                0x000028ba       0x3e ./drivers/fsl_clock.o
 .text.DelayLoop
                0x000028f8       0x20 ./drivers/fsl_common_arm.o
 .text.CLOCK_EnableClock
                0x00002918       0x30 ./drivers/fsl_flexcomm.o
 .text.FLEXCOMM_PeripheralIsPresent
                0x00002948       0x64 ./drivers/fsl_flexcomm.o
 .text.FLEXCOMM_SetPeriph
                0x000029ac       0x74 ./drivers/fsl_flexcomm.o
 .text.lowpower_set_voltage_for_process
                0x00002a20       0xaa ./drivers/fsl_power.o
 .text.RESET_PeripheralReset
                0x00002aca       0x1c ./drivers/fsl_reset.o
                0x00002aca                RESET_PeripheralReset
 .text.USART_EnableContinuousSCLK
                0x00002ae6       0x38 ./drivers/fsl_usart.o
 .text.SystemInitHook
                0x00002b1e        0xe ./device/system_LPC55S69_cm33_core0.o
                0x00002b1e                SystemInitHook
 .text.HAL_UartGetStatus
                0x00002b2c       0x22 ./component/uart/fsl_adapter_usart.o
 .text.HAL_UartInit
                0x00002b4e       0x36 ./component/uart/fsl_adapter_usart.o
                0x00002b4e                HAL_UartInit
 .text.DisableGlobalIRQ
                0x00002b84       0x22 ./component/serial_manager/fsl_component_serial_manager.o
 .text.EnableGlobalIRQ
                0x00002ba6       0x20 ./component/serial_manager/fsl_component_serial_manager.o
 .text.SerialManager_StartWriting
                0x00002bc6       0x38 ./component/serial_manager/fsl_component_serial_manager.o
 .text.SerialManager_Write
                0x00002bfe       0x44 ./component/serial_manager/fsl_component_serial_manager.o
 .text.SerialManager_Init
                0x00002c42       0x60 ./component/serial_manager/fsl_component_serial_manager.o
                0x00002c42                SerialManager_Init
 .text.SerialManager_OpenWriteHandle
                0x00002ca2       0x50 ./component/serial_manager/fsl_component_serial_manager.o
                0x00002ca2                SerialManager_OpenWriteHandle
 .text.SerialManager_OpenReadHandle
                0x00002cf2       0x60 ./component/serial_manager/fsl_component_serial_manager.o
                0x00002cf2                SerialManager_OpenReadHandle
 .text.SerialManager_WriteBlocking
                0x00002d52       0x20 ./component/serial_manager/fsl_component_serial_manager.o
                0x00002d52                SerialManager_WriteBlocking
 .text.Serial_UartInit
                0x00002d72       0x3e ./component/serial_manager/fsl_component_serial_port_uart.o
                0x00002d72                Serial_UartInit
 .text.Serial_UartWrite
                0x00002db0       0x38 ./component/serial_manager/fsl_component_serial_port_uart.o
                0x00002db0                Serial_UartWrite
 .text.BOARD_InitBootClocks
                0x00002de8        0xc ./board/clock_config.o
                0x00002de8                BOARD_InitBootClocks
 .text.BOARD_InitPeripherals_cm33_core0
                0x00002df4        0xe ./board/peripherals.o
                0x00002df4                BOARD_InitPeripherals_cm33_core0
 .text.BOARD_InitBootPeripherals
                0x00002e02        0xc ./board/peripherals.o
                0x00002e02                BOARD_InitBootPeripherals
 .text.CLOCK_EnableClock
                0x00002e0e       0x30 ./board/pin_mux.o
 .text.IOCON_PinMuxSet
                0x00002e3e       0x2e ./board/pin_mux.o
 .text.BOARD_InitBootPins
                0x00002e6c        0xc ./board/pin_mux.o
                0x00002e6c                BOARD_InitBootPins
 .text.__main   0x00002e78        0xe c:/nxp/mcuxpressoide_11.9.1_2170/ide/plugins/com.nxp.mcuxpresso.tools.win32_11.9.1.202402080819/tools/bin/../lib/gcc/arm-none-eabi/12.3.1/../../../../arm-none-eabi/lib/thumb/v8-m.main+fp/hard\libcr_nohost_nf.a(_cr__main.o)
                0x00002e78                __main
 .text.memcpy   0x00002e86        0x4 c:/nxp/mcuxpressoide_11.9.1_2170/ide/plugins/com.nxp.mcuxpresso.tools.win32_11.9.1.202402080819/tools/bin/../lib/gcc/arm-none-eabi/12.3.1/../../../../arm-none-eabi/lib/thumb/v8-m.main+fp/hard\libcr_c.a(memcpy.o)
                0x00002e86                memcpy
 .text.memset   0x00002e8a        0x4 c:/nxp/mcuxpressoide_11.9.1_2170/ide/plugins/com.nxp.mcuxpresso.tools.win32_11.9.1.202402080819/tools/bin/../lib/gcc/arm-none-eabi/12.3.1/../../../../arm-none-eabi/lib/thumb/v8-m.main+fp/hard\libcr_c.a(memset.o)
                0x00002e8a                memset
 .text.free     0x00002e8e       0x30 c:/nxp/mcuxpressoide_11.9.1_2170/ide/plugins/com.nxp.mcuxpresso.tools.win32_11.9.1.202402080819/tools/bin/../lib/gcc/arm-none-eabi/12.3.1/../../../../arm-none-eabi/lib/thumb/v8-m.main+fp/hard\libcr_c.a(alloc.o)
                0x00002e8e                free
 .text.setvbuf  0x00002ebe       0x3e c:/nxp/mcuxpressoide_11.9.1_2170/ide/plugins/com.nxp.mcuxpresso.tools.win32_11.9.1.202402080819/tools/bin/../lib/gcc/arm-none-eabi/12.3.1/../../../../arm-none-eabi/lib/thumb/v8-m.main+fp/hard\libcr_c.a(setvbuf.o)
                0x00002ebe                setvbuf
 .text.strlen   0x00002efc       0x4e c:/nxp/mcuxpressoide_11.9.1_2170/ide/plugins/com.nxp.mcuxpresso.tools.win32_11.9.1.202402080819/tools/bin/../lib/gcc/arm-none-eabi/12.3.1/../../../../arm-none-eabi/lib/thumb/v8-m.main+fp/hard\libcr_c.a(strlen.o)
                0x00002efc                strlen
 .text._deferredlazyseek
                0x00002f4a       0x40 c:/nxp/mcuxpressoide_11.9.1_2170/ide/plugins/com.nxp.mcuxpresso.tools.win32_11.9.1.202402080819/tools/bin/../lib/gcc/arm-none-eabi/12.3.1/../../../../arm-none-eabi/lib/thumb/v8-m.main+fp/hard\libcr_c.a(_deferredlazyseek.o)
                0x00002f4a                _deferredlazyseek
 .text._fdopen  0x00002f8a       0x68 c:/nxp/mcuxpressoide_11.9.1_2170/ide/plugins/com.nxp.mcuxpresso.tools.win32_11.9.1.202402080819/tools/bin/../lib/gcc/arm-none-eabi/12.3.1/../../../../arm-none-eabi/lib/thumb/v8-m.main+fp/hard\libcr_c.a(_fdopen.o)
                0x00002f8a                _fdopen
 .text._fflush  0x00002ff2       0x52 c:/nxp/mcuxpressoide_11.9.1_2170/ide/plugins/com.nxp.mcuxpresso.tools.win32_11.9.1.202402080819/tools/bin/../lib/gcc/arm-none-eabi/12.3.1/../../../../arm-none-eabi/lib/thumb/v8-m.main+fp/hard\libcr_c.a(_fflush.o)
                0x00002ff2                _fflush
 .text.fclose   0x00003044       0x58 c:/nxp/mcuxpressoide_11.9.1_2170/ide/plugins/com.nxp.mcuxpresso.tools.win32_11.9.1.202402080819/tools/bin/../lib/gcc/arm-none-eabi/12.3.1/../../../../arm-none-eabi/lib/thumb/v8-m.main+fp/hard\libcr_c.a(fclose.o)
                0x00003044                fclose
 .text.remove   0x0000309c       0x14 c:/nxp/mcuxpressoide_11.9.1_2170/ide/plugins/com.nxp.mcuxpresso.tools.win32_11.9.1.202402080819/tools/bin/../lib/gcc/arm-none-eabi/12.3.1/../../../../arm-none-eabi/lib/thumb/v8-m.main+fp/hard\libcr_c.a(remove.o)
                0x0000309c                remove
 .text._do_fflush
                0x000030b0       0x40 c:/nxp/mcuxpressoide_11.9.1_2170/ide/plugins/com.nxp.mcuxpresso.tools.win32_11.9.1.202402080819/tools/bin/../lib/gcc/arm-none-eabi/12.3.1/../../../../arm-none-eabi/lib/thumb/v8-m.main+fp/hard\libcr_c.a(_do_fflush.o)
                0x000030b0                _do_fflush
 .text.__aeabi_division_uldivmod
                0x000030f0      0x174 c:/nxp/mcuxpressoide_11.9.1_2170/ide/plugins/com.nxp.mcuxpresso.tools.win32_11.9.1.202402080819/tools/bin/../lib/gcc/arm-none-eabi/12.3.1/thumb/v8-m.main+fp/hard\libcr_eabihelpers.a(division_64.o)
                0x000030f0                __aeabi_uldivmod
                0x000030f4                __bhs_ldivmod1
 .text.__aeabi_division_idiv0
                0x00003264        0x2 c:/nxp/mcuxpressoide_11.9.1_2170/ide/plugins/com.nxp.mcuxpresso.tools.win32_11.9.1.202402080819/tools/bin/../lib/gcc/arm-none-eabi/12.3.1/thumb/v8-m.main+fp/hard\libcr_eabihelpers.a(division_idiv0.o)
                0x00003264                __aeabi_idiv0
 .text.__aeabi_memcpy
                0x00003266       0x34 c:/nxp/mcuxpressoide_11.9.1_2170/ide/plugins/com.nxp.mcuxpresso.tools.win32_11.9.1.202402080819/tools/bin/../lib/gcc/arm-none-eabi/12.3.1/thumb/v8-m.main+fp/hard\libcr_eabihelpers.a(memcpy.o)
                0x00003266                __aeabi_memcpy
                0x00003270                __aeabi_memcpy8
                0x00003270                __aeabi_memcpy4
 .text.__aeabi_memset_lowlevel
                0x0000329a       0x32 c:/nxp/mcuxpressoide_11.9.1_2170/ide/plugins/com.nxp.mcuxpresso.tools.win32_11.9.1.202402080819/tools/bin/../lib/gcc/arm-none-eabi/12.3.1/thumb/v8-m.main+fp/hard\libcr_eabihelpers.a(memcpy.o)
                0x0000329a                __aeabi_lowlevel_memset
 .text.__sys_close
                0x000032cc        0x6 c:/nxp/mcuxpressoide_11.9.1_2170/ide/plugins/com.nxp.mcuxpresso.tools.win32_11.9.1.202402080819/tools/bin/../lib/gcc/arm-none-eabi/12.3.1/../../../../arm-none-eabi/lib/thumb/v8-m.main+fp/hard\libcr_nohost_nf.a(__sys_close.o)
                0x000032cc                __sys_close
 .text.__sys_flen
                0x000032d2        0x6 c:/nxp/mcuxpressoide_11.9.1_2170/ide/plugins/com.nxp.mcuxpresso.tools.win32_11.9.1.202402080819/tools/bin/../lib/gcc/arm-none-eabi/12.3.1/../../../../arm-none-eabi/lib/thumb/v8-m.main+fp/hard\libcr_nohost_nf.a(__sys_flen.o)
                0x000032d2                __sys_flen
 .text.__sys_istty
                0x000032d8        0x6 c:/nxp/mcuxpressoide_11.9.1_2170/ide/plugins/com.nxp.mcuxpresso.tools.win32_11.9.1.202402080819/tools/bin/../lib/gcc/arm-none-eabi/12.3.1/../../../../arm-none-eabi/lib/thumb/v8-m.main+fp/hard\libcr_nohost_nf.a(__sys_istty.o)
                0x000032d8                __sys_istty
 .text.__sys_remove
                0x000032de        0x6 c:/nxp/mcuxpressoide_11.9.1_2170/ide/plugins/com.nxp.mcuxpresso.tools.win32_11.9.1.202402080819/tools/bin/../lib/gcc/arm-none-eabi/12.3.1/../../../../arm-none-eabi/lib/thumb/v8-m.main+fp/hard\libcr_nohost_nf.a(__sys_remove.o)
                0x000032de                __sys_remove
 .text.__sys_seek
                0x000032e4        0x6 c:/nxp/mcuxpressoide_11.9.1_2170/ide/plugins/com.nxp.mcuxpresso.tools.win32_11.9.1.202402080819/tools/bin/../lib/gcc/arm-none-eabi/12.3.1/../../../../arm-none-eabi/lib/thumb/v8-m.main+fp/hard\libcr_nohost_nf.a(__sys_seek.o)
                0x000032e4                __sys_seek
 .text.__sys_tmpnam
                0x000032ea        0x6 c:/nxp/mcuxpressoide_11.9.1_2170/ide/plugins/com.nxp.mcuxpresso.tools.win32_11.9.1.202402080819/tools/bin/../lib/gcc/arm-none-eabi/12.3.1/../../../../arm-none-eabi/lib/thumb/v8-m.main+fp/hard\libcr_nohost_nf.a(__sys_tmpnam.o)
                0x000032ea                __sys_tmpnam
 .text.__sys_write
                0x000032f0        0x4 c:/nxp/mcuxpressoide_11.9.1_2170/ide/plugins/com.nxp.mcuxpresso.tools.win32_11.9.1.202402080819/tools/bin/../lib/gcc/arm-none-eabi/12.3.1/../../../../arm-none-eabi/lib/thumb/v8-m.main+fp/hard\libcr_nohost_nf.a(__sys_write.o)
                0x000032f0                __sys_write
 *(SORT_BY_ALIGNMENT(.rodata) SORT_BY_ALIGNMENT(.rodata.*) SORT_BY_ALIGNMENT(.constdata) SORT_BY_ALIGNMENT(.constdata.*))
 .rodata.__assertion_failed.str1.4
                0x000032f4       0x14 ./utilities/fsl_assert.o
 .rodata.SDK_DelayAtLeastUs.str1.4
                0x00003308       0x2b ./drivers/fsl_common_arm.o
 *fill*         0x00003333        0x1 ff
 .rodata.s_flexcommBaseAddrs
                0x00003334       0x24 ./drivers/fsl_flexcomm.o
 .rodata.s_flexcommClocks
                0x00003358       0x12 ./drivers/fsl_flexcomm.o
 *fill*         0x0000336a        0x2 ff
 .rodata.s_flexcommResets
                0x0000336c       0x24 ./drivers/fsl_flexcomm.o
 .rodata.FLEXCOMM_GetInstance.str1.4
                0x00003390       0x41 ./drivers/fsl_flexcomm.o
 *fill*         0x000033d1        0x3 ff
 .rodata.FLEXCOMM0_DriverIRQHandler.str1.4
                0x000033d4       0x3c ./drivers/fsl_flexcomm.o
 .rodata.FLEXCOMM1_DriverIRQHandler.str1.4
                0x00003410       0x3c ./drivers/fsl_flexcomm.o
 .rodata.FLEXCOMM2_DriverIRQHandler.str1.4
                0x0000344c       0x3c ./drivers/fsl_flexcomm.o
 .rodata.FLEXCOMM3_DriverIRQHandler.str1.4
                0x00003488       0x3c ./drivers/fsl_flexcomm.o
 .rodata.FLEXCOMM4_DriverIRQHandler.str1.4
                0x000034c4       0x3c ./drivers/fsl_flexcomm.o
 .rodata.FLEXCOMM5_DriverIRQHandler.str1.4
                0x00003500       0x3c ./drivers/fsl_flexcomm.o
 .rodata.FLEXCOMM6_DriverIRQHandler.str1.4
                0x0000353c       0x3c ./drivers/fsl_flexcomm.o
 .rodata.FLEXCOMM7_DriverIRQHandler.str1.4
                0x00003578       0x3c ./drivers/fsl_flexcomm.o
 .rodata.FLEXCOMM8_DriverIRQHandler.str1.4
                0x000035b4       0x3c ./drivers/fsl_flexcomm.o
 .rodata.RESET_SetPeripheralReset.str1.4
                0x000035f0       0x1e ./drivers/fsl_reset.o
 *fill*         0x0000360e        0x2 ff
 .rodata.RESET_ClearPeripheralReset.str1.4
                0x00003610       0x1e ./drivers/fsl_reset.o
 *fill*         0x0000362e        0x2 ff
 .rodata.USART_Init.str1.4
                0x00003630       0x4f ./drivers/fsl_usart.o
 *fill*         0x0000367f        0x1 ff
 .rodata.USART_GetDefaultConfig.str1.4
                0x00003680       0x21 ./drivers/fsl_usart.o
 *fill*         0x000036a1        0x3 ff
 .rodata.USART_SetBaudRate.str1.4
                0x000036a4       0x53 ./drivers/fsl_usart.o
 *fill*         0x000036f7        0x1 ff
 .rodata.USART_WriteBlocking.str1.4
                0x000036f8       0x36 ./drivers/fsl_usart.o
 *fill*         0x0000372e        0x2 ff
 .rodata.USART_ReadBlocking.str1.4
                0x00003730       0x36 ./drivers/fsl_usart.o
 *fill*         0x00003766        0x2 ff
 .rodata.s_UsartAdapterBase
                0x00003768       0x20 ./component/uart/fsl_adapter_usart.o
 .rodata.HAL_UartInitCommon.str1.4
                0x00003788       0xeb ./component/uart/fsl_adapter_usart.o
 *fill*         0x00003873        0x1 ff
 .rodata.HAL_UartSendBlocking.str1.4
                0x00003874       0x65 ./component/uart/fsl_adapter_usart.o
 *fill*         0x000038d9        0x3 ff
 .rodata.__num_Ciob_streams
                0x000038dc        0x4 c:/nxp/mcuxpressoide_11.9.1_2170/ide/plugins/com.nxp.mcuxpresso.tools.win32_11.9.1.202402080819/tools/bin/../lib/gcc/arm-none-eabi/12.3.1/../../../../arm-none-eabi/lib/thumb/v8-m.main+fp/hard\libcr_nohost_nf.a(__ciob.o)
                0x000038dc                __num_Ciob_streams
 .rodata._initio.str1.1
                0x000038e0        0x4 c:/nxp/mcuxpressoide_11.9.1_2170/ide/plugins/com.nxp.mcuxpresso.tools.win32_11.9.1.202402080819/tools/bin/../lib/gcc/arm-none-eabi/12.3.1/../../../../arm-none-eabi/lib/thumb/v8-m.main+fp/hard\libcr_c.a(initio.o)
                0x000038e4                        . = ALIGN (0x4)

.glue_7         0x000038e4        0x0
 .glue_7        0x000038e4        0x0 linker stubs

.glue_7t        0x000038e4        0x0
 .glue_7t       0x000038e4        0x0 linker stubs

.vfp11_veneer   0x000038e4        0x0
 .vfp11_veneer  0x000038e4        0x0 linker stubs

.v4_bx          0x000038e4        0x0
 .v4_bx         0x000038e4        0x0 linker stubs

.iplt           0x000038e4        0x0
 .iplt          0x000038e4        0x0 ./utilities/fsl_assert.o

.rel.dyn        0x000038e4        0x0
 .rel.iplt      0x000038e4        0x0 ./utilities/fsl_assert.o

.ARM.extab
 *(SORT_BY_ALIGNMENT(.ARM.extab*) SORT_BY_ALIGNMENT(.gnu.linkonce.armextab.*))

.ARM.exidx      0x000038e4        0x0
                0x000038e4                        __exidx_start = .
 *(SORT_BY_ALIGNMENT(.ARM.exidx*) SORT_BY_ALIGNMENT(.gnu.linkonce.armexidx.*))
                0x000038e4                        __exidx_end = .
                0x000038e4                        _etext = .

.m_usb_data
 *(SORT_BY_ALIGNMENT(m_usb_global))

.data_RAM2      0x04000000        0x0 load address 0x000038e4
 FILL mask 0xff
                [!provide]                        PROVIDE (__start_data_RAM2 = .)
                [!provide]                        PROVIDE (__start_data_SRAMX = .)
 *(SORT_BY_ALIGNMENT(.ramfunc.$RAM2))
 *(SORT_BY_ALIGNMENT(.ramfunc.$SRAMX))
 *(SORT_BY_ALIGNMENT(.data.$RAM2))
 *(SORT_BY_ALIGNMENT(.data.$SRAMX))
 *(SORT_BY_ALIGNMENT(.data.$RAM2.*))
 *(SORT_BY_ALIGNMENT(.data.$SRAMX.*))
                0x04000000                        . = ALIGN (0x4)
                [!provide]                        PROVIDE (__end_data_RAM2 = .)
                [!provide]                        PROVIDE (__end_data_SRAMX = .)

.data_RAM3      0x40100000        0x0 load address 0x000038e4
 FILL mask 0xff
                [!provide]                        PROVIDE (__start_data_RAM3 = .)
                [!provide]                        PROVIDE (__start_data_USB_RAM = .)
 *(SORT_BY_ALIGNMENT(.ramfunc.$RAM3))
 *(SORT_BY_ALIGNMENT(.ramfunc.$USB_RAM))
 *(SORT_BY_ALIGNMENT(.data.$RAM3))
 *(SORT_BY_ALIGNMENT(.data.$USB_RAM))
 *(SORT_BY_ALIGNMENT(.data.$RAM3.*))
 *(SORT_BY_ALIGNMENT(.data.$USB_RAM.*))
                0x40100000                        . = ALIGN (0x4)
                [!provide]                        PROVIDE (__end_data_RAM3 = .)
                [!provide]                        PROVIDE (__end_data_USB_RAM = .)

.data_RAM4      0x20040000        0x0 load address 0x000038e4
 FILL mask 0xff
                [!provide]                        PROVIDE (__start_data_RAM4 = .)
                [!provide]                        PROVIDE (__start_data_SRAM4 = .)
 *(SORT_BY_ALIGNMENT(.ramfunc.$RAM4))
 *(SORT_BY_ALIGNMENT(.ramfunc.$SRAM4))
 *(SORT_BY_ALIGNMENT(.data.$RAM4))
 *(SORT_BY_ALIGNMENT(.data.$SRAM4))
 *(SORT_BY_ALIGNMENT(.data.$RAM4.*))
 *(SORT_BY_ALIGNMENT(.data.$SRAM4.*))
                0x20040000                        . = ALIGN (0x4)
                [!provide]                        PROVIDE (__end_data_RAM4 = .)
                [!provide]                        PROVIDE (__end_data_SRAM4 = .)

.uninit_RESERVED
                0x20000000        0x0
                0x20000000                        _start_uninit_RESERVED = .
 *(SORT_BY_ALIGNMENT(.bss.$RESERVED*))
                0x20000000                        . = ALIGN (0x4)
                0x20000000                        _end_uninit_RESERVED = .

.data           0x20000000        0x8 load address 0x000038e4
 FILL mask 0xff
                0x20000000                        _data = .
                [!provide]                        PROVIDE (__start_data_RAM = .)
                [!provide]                        PROVIDE (__start_data_SRAM = .)
 *(SORT_BY_ALIGNMENT(vtable))
 *(SORT_BY_ALIGNMENT(.ramfunc*))
 *(SORT_BY_ALIGNMENT(CodeQuickAccess))
 *(SORT_BY_ALIGNMENT(DataQuickAccess))
 *(SORT_BY_ALIGNMENT(RamFunction))
 *(SORT_BY_ALIGNMENT(.data*))
 .data.s_Ext_Clk_Freq
                0x20000000        0x4 ./drivers/fsl_clock.o
 .data.SystemCoreClock
                0x20000004        0x4 ./device/system_LPC55S69_cm33_core0.o
                0x20000004                SystemCoreClock
                0x20000008                        . = ALIGN (0x4)
                0x20000008                        _edata = .
                [!provide]                        PROVIDE (__end_data_RAM = .)
                [!provide]                        PROVIDE (__end_data_SRAM = .)

.igot.plt       0x20000008        0x0 load address 0x000038ec
 .igot.plt      0x20000008        0x0 ./utilities/fsl_assert.o

.bss_RAM2       0x04000000        0x0
                [!provide]                        PROVIDE (__start_bss_RAM2 = .)
                [!provide]                        PROVIDE (__start_bss_SRAMX = .)
 *(SORT_BY_ALIGNMENT(.bss.$RAM2))
 *(SORT_BY_ALIGNMENT(.bss.$SRAMX))
 *(SORT_BY_ALIGNMENT(.bss.$RAM2.*))
 *(SORT_BY_ALIGNMENT(.bss.$SRAMX.*))
                0x04000000                        . = ALIGN ((. != 0x0)?0x4:0x1)
                [!provide]                        PROVIDE (__end_bss_RAM2 = .)
                [!provide]                        PROVIDE (__end_bss_SRAMX = .)

.bss_RAM3       0x40100000        0x0
                [!provide]                        PROVIDE (__start_bss_RAM3 = .)
                [!provide]                        PROVIDE (__start_bss_USB_RAM = .)
 *(SORT_BY_ALIGNMENT(.bss.$RAM3))
 *(SORT_BY_ALIGNMENT(.bss.$USB_RAM))
 *(SORT_BY_ALIGNMENT(.bss.$RAM3.*))
 *(SORT_BY_ALIGNMENT(.bss.$USB_RAM.*))
                0x40100000                        . = ALIGN ((. != 0x0)?0x4:0x1)
                [!provide]                        PROVIDE (__end_bss_RAM3 = .)
                [!provide]                        PROVIDE (__end_bss_USB_RAM = .)

.bss_RAM4       0x20040000        0x0
                [!provide]                        PROVIDE (__start_bss_RAM4 = .)
                [!provide]                        PROVIDE (__start_bss_SRAM4 = .)
 *(SORT_BY_ALIGNMENT(.bss.$RAM4))
 *(SORT_BY_ALIGNMENT(.bss.$SRAM4))
 *(SORT_BY_ALIGNMENT(.bss.$RAM4.*))
 *(SORT_BY_ALIGNMENT(.bss.$SRAM4.*))
                0x20040000                        . = ALIGN ((. != 0x0)?0x4:0x1)
                [!provide]                        PROVIDE (__end_bss_RAM4 = .)
                [!provide]                        PROVIDE (__end_bss_SRAM4 = .)

.bss            0x20000008      0x12c
                0x20000008                        _bss = .
                [!provide]                        PROVIDE (__start_bss_RAM = .)
                [!provide]                        PROVIDE (__start_bss_SRAM = .)
 *(SORT_BY_ALIGNMENT(.bss*))
 .bss.s_debugConsoleState
                0x20000008       0x20 ./utilities/fsl_debug_console.o
 .bss.g_serialHandle
                0x20000028        0x4 ./utilities/fsl_debug_console.o
                0x20000028                g_serialHandle
 .bss.s_Pll0_Freq
                0x2000002c        0x4 ./drivers/fsl_clock.o
 .bss.s_flexcommIrqHandler
                0x20000030       0x24 ./drivers/fsl_flexcomm.o
 .bss.s_flexcommHandle
                0x20000054       0x24 ./drivers/fsl_flexcomm.o
 .bss.errno     0x20000078        0x4 c:/nxp/mcuxpressoide_11.9.1_2170/ide/plugins/com.nxp.mcuxpresso.tools.win32_11.9.1.202402080819/tools/bin/../lib/gcc/arm-none-eabi/12.3.1/../../../../arm-none-eabi/lib/thumb/v8-m.main+fp/hard\libcr_c.a(errno.o)
                0x20000078                errno
 .bss.__Ciob    0x2000007c       0xb4 c:/nxp/mcuxpressoide_11.9.1_2170/ide/plugins/com.nxp.mcuxpresso.tools.win32_11.9.1.202402080819/tools/bin/../lib/gcc/arm-none-eabi/12.3.1/../../../../arm-none-eabi/lib/thumb/v8-m.main+fp/hard\libcr_nohost_nf.a(__ciob.o)
                0x2000007c                __Ciob
 .bss.s_debugConsoleReadWaitSemaphore
                0x20000130        0x1 ./utilities/fsl_debug_console.o
 *(SORT_BY_ALIGNMENT(COMMON))
                0x20000134                        . = ALIGN (0x4)
 *fill*         0x20000131        0x3 
                0x20000134                        _ebss = .
                [!provide]                        PROVIDE (__end_bss_RAM = .)
                [!provide]                        PROVIDE (__end_bss_SRAM = .)
                [!provide]                        PROVIDE (end = .)

.noinit_RAM2    0x04000000        0x0
                [!provide]                        PROVIDE (__start_noinit_RAM2 = .)
                [!provide]                        PROVIDE (__start_noinit_SRAMX = .)
 *(SORT_BY_ALIGNMENT(.noinit.$RAM2))
 *(SORT_BY_ALIGNMENT(.noinit.$SRAMX))
 *(SORT_BY_ALIGNMENT(.noinit.$RAM2.*))
 *(SORT_BY_ALIGNMENT(.noinit.$SRAMX.*))
                0x04000000                        . = ALIGN (0x4)
                [!provide]                        PROVIDE (__end_noinit_RAM2 = .)
                [!provide]                        PROVIDE (__end_noinit_SRAMX = .)

.noinit_RAM3    0x40100000        0x0
                [!provide]                        PROVIDE (__start_noinit_RAM3 = .)
                [!provide]                        PROVIDE (__start_noinit_USB_RAM = .)
 *(SORT_BY_ALIGNMENT(.noinit.$RAM3))
 *(SORT_BY_ALIGNMENT(.noinit.$USB_RAM))
 *(SORT_BY_ALIGNMENT(.noinit.$RAM3.*))
 *(SORT_BY_ALIGNMENT(.noinit.$USB_RAM.*))
                0x40100000                        . = ALIGN (0x4)
                [!provide]                        PROVIDE (__end_noinit_RAM3 = .)
                [!provide]                        PROVIDE (__end_noinit_USB_RAM = .)

.noinit_RAM4    0x20040000        0x0
                [!provide]                        PROVIDE (__start_noinit_RAM4 = .)
                [!provide]                        PROVIDE (__start_noinit_SRAM4 = .)
 *(SORT_BY_ALIGNMENT(.noinit.$RAM4))
 *(SORT_BY_ALIGNMENT(.noinit.$SRAM4))
 *(SORT_BY_ALIGNMENT(.noinit.$RAM4.*))
 *(SORT_BY_ALIGNMENT(.noinit.$SRAM4.*))
                0x20040000                        . = ALIGN (0x4)
                [!provide]                        PROVIDE (__end_noinit_RAM4 = .)
                [!provide]                        PROVIDE (__end_noinit_SRAM4 = .)

.noinit         0x20000134        0x0
                0x20000134                        _noinit = .
                [!provide]                        PROVIDE (__start_noinit_RAM = .)
                [!provide]                        PROVIDE (__start_noinit_SRAM = .)
 *(SORT_BY_ALIGNMENT(.noinit*))
                0x20000134                        . = ALIGN (0x4)
                0x20000134                        _end_noinit = .
                [!provide]                        PROVIDE (__end_noinit_RAM = .)
                [!provide]                        PROVIDE (__end_noinit_SRAM = .)
                0x00001000                        _HeapSize = 0x1000

.heap           0x20000134     0x1000
                0x20000134                        _pvHeapStart = .
                0x20001134                        . = (. + _HeapSize)
 *fill*         0x20000134     0x1000 
                0x20001134                        . = ALIGN (0x4)
                0x20001134                        _pvHeapLimit = .
                0x00001000                        _StackSize = 0x1000

.heap2stackfill
                0x20001134     0x1000
                0x20002134                        . = (. + _StackSize)
 *fill*         0x20001134     0x1000 

.stack          0x2003f000        0x0
                0x2003f000                        _vStackBase = .
                0x2003f000                        . = ALIGN (0x4)
                0x20040000                        _vStackTop = (. + _StackSize)
                [!provide]                        PROVIDE (__valid_user_code_checksum = (0x0 - ((((((_vStackTop + (ResetISR + 0x1)) + (NMI_Handler + 0x1)) + (HardFault_Handler + 0x1)) + (DEFINED (MemManage_Handler)?MemManage_Handler:0x0 + 0x1)) + (DEFINED (BusFault_Handler)?BusFault_Handler:0x0 + 0x1)) + (DEFINED (UsageFault_Handler)?UsageFault_Handler:0x0 + 0x1))))
                0x00000000                        _image_start = LOADADDR (.text)
                0x000038ec                        _image_end = (LOADADDR (.data) + SIZEOF (.data))
                0x000038ec                        _image_size = (_image_end - _image_start)
OUTPUT(Day2_ex2.axf elf32-littlearm)
LOAD linker stubs

.debug_info     0x00000000    0x16795
 .debug_info    0x00000000      0x12e ./utilities/fsl_assert.o
 .debug_info    0x0000012e      0xe59 ./utilities/fsl_debug_console.o
 .debug_info    0x00000f87      0xd5d ./utilities/fsl_str.o
 .debug_info    0x00001ce4      0x9c9 ./startup/startup_lpc55s69_cm33_core0.o
 .debug_info    0x000026ad      0x3b6 ./source/Day2_ex2.o
 .debug_info    0x00002a63       0x3c ./source/semihost_hardfault.o
 .debug_info    0x00002a9f     0x33f7 ./drivers/fsl_clock.o
 .debug_info    0x00005e96      0x623 ./drivers/fsl_common_arm.o
 .debug_info    0x000064b9     0x1b16 ./drivers/fsl_flexcomm.o
 .debug_info    0x00007fcf     0x2ade ./drivers/fsl_power.o
 .debug_info    0x0000aaad      0xf02 ./drivers/fsl_reset.o
 .debug_info    0x0000b9af     0x1892 ./drivers/fsl_usart.o
 .debug_info    0x0000d241     0x14be ./device/system_LPC55S69_cm33_core0.o
 .debug_info    0x0000e6ff      0xd56 ./component/uart/fsl_adapter_usart.o
 .debug_info    0x0000f455      0xdcd ./component/serial_manager/fsl_component_serial_manager.o
 .debug_info    0x00010222      0x551 ./component/serial_manager/fsl_component_serial_port_uart.o
 .debug_info    0x00010773      0x8d0 ./board/board.o
 .debug_info    0x00011043     0x181d ./board/clock_config.o
 .debug_info    0x00012860       0x9b ./board/peripherals.o
 .debug_info    0x000128fb     0x1508 ./board/pin_mux.o
 .debug_info    0x00013e03       0x85 c:/nxp/mcuxpressoide_11.9.1_2170/ide/plugins/com.nxp.mcuxpresso.tools.win32_11.9.1.202402080819/tools/bin/../lib/gcc/arm-none-eabi/12.3.1/../../../../arm-none-eabi/lib/thumb/v8-m.main+fp/hard\libcr_nohost_nf.a(_cr__main.o)
 .debug_info    0x00013e88      0x119 c:/nxp/mcuxpressoide_11.9.1_2170/ide/plugins/com.nxp.mcuxpresso.tools.win32_11.9.1.202402080819/tools/bin/../lib/gcc/arm-none-eabi/12.3.1/../../../../arm-none-eabi/lib/thumb/v8-m.main+fp/hard\libcr_c.a(memcpy.o)
 .debug_info    0x00013fa1       0xe3 c:/nxp/mcuxpressoide_11.9.1_2170/ide/plugins/com.nxp.mcuxpresso.tools.win32_11.9.1.202402080819/tools/bin/../lib/gcc/arm-none-eabi/12.3.1/../../../../arm-none-eabi/lib/thumb/v8-m.main+fp/hard\libcr_c.a(memset.o)
 .debug_info    0x00014084      0x506 c:/nxp/mcuxpressoide_11.9.1_2170/ide/plugins/com.nxp.mcuxpresso.tools.win32_11.9.1.202402080819/tools/bin/../lib/gcc/arm-none-eabi/12.3.1/../../../../arm-none-eabi/lib/thumb/v8-m.main+fp/hard\libcr_c.a(alloc.o)
 .debug_info    0x0001458a       0x44 c:/nxp/mcuxpressoide_11.9.1_2170/ide/plugins/com.nxp.mcuxpresso.tools.win32_11.9.1.202402080819/tools/bin/../lib/gcc/arm-none-eabi/12.3.1/../../../../arm-none-eabi/lib/thumb/v8-m.main+fp/hard\libcr_c.a(errno.o)
 .debug_info    0x000145ce      0x339 c:/nxp/mcuxpressoide_11.9.1_2170/ide/plugins/com.nxp.mcuxpresso.tools.win32_11.9.1.202402080819/tools/bin/../lib/gcc/arm-none-eabi/12.3.1/../../../../arm-none-eabi/lib/thumb/v8-m.main+fp/hard\libcr_c.a(initio.o)
 .debug_info    0x00014907      0x1f6 c:/nxp/mcuxpressoide_11.9.1_2170/ide/plugins/com.nxp.mcuxpresso.tools.win32_11.9.1.202402080819/tools/bin/../lib/gcc/arm-none-eabi/12.3.1/../../../../arm-none-eabi/lib/thumb/v8-m.main+fp/hard\libcr_c.a(setvbuf.o)
 .debug_info    0x00014afd       0xda c:/nxp/mcuxpressoide_11.9.1_2170/ide/plugins/com.nxp.mcuxpresso.tools.win32_11.9.1.202402080819/tools/bin/../lib/gcc/arm-none-eabi/12.3.1/../../../../arm-none-eabi/lib/thumb/v8-m.main+fp/hard\libcr_c.a(strlen.o)
 .debug_info    0x00014bd7      0x362 c:/nxp/mcuxpressoide_11.9.1_2170/ide/plugins/com.nxp.mcuxpresso.tools.win32_11.9.1.202402080819/tools/bin/../lib/gcc/arm-none-eabi/12.3.1/../../../../arm-none-eabi/lib/thumb/v8-m.main+fp/hard\libcr_c.a(_deferredlazyseek.o)
 .debug_info    0x00014f39      0x244 c:/nxp/mcuxpressoide_11.9.1_2170/ide/plugins/com.nxp.mcuxpresso.tools.win32_11.9.1.202402080819/tools/bin/../lib/gcc/arm-none-eabi/12.3.1/../../../../arm-none-eabi/lib/thumb/v8-m.main+fp/hard\libcr_c.a(_fdopen.o)
 .debug_info    0x0001517d      0x1e3 c:/nxp/mcuxpressoide_11.9.1_2170/ide/plugins/com.nxp.mcuxpresso.tools.win32_11.9.1.202402080819/tools/bin/../lib/gcc/arm-none-eabi/12.3.1/../../../../arm-none-eabi/lib/thumb/v8-m.main+fp/hard\libcr_c.a(_fflush.o)
 .debug_info    0x00015360      0x282 c:/nxp/mcuxpressoide_11.9.1_2170/ide/plugins/com.nxp.mcuxpresso.tools.win32_11.9.1.202402080819/tools/bin/../lib/gcc/arm-none-eabi/12.3.1/../../../../arm-none-eabi/lib/thumb/v8-m.main+fp/hard\libcr_c.a(_writebuf.o)
 .debug_info    0x000155e2      0x318 c:/nxp/mcuxpressoide_11.9.1_2170/ide/plugins/com.nxp.mcuxpresso.tools.win32_11.9.1.202402080819/tools/bin/../lib/gcc/arm-none-eabi/12.3.1/../../../../arm-none-eabi/lib/thumb/v8-m.main+fp/hard\libcr_c.a(fclose.o)
 .debug_info    0x000158fa      0x202 c:/nxp/mcuxpressoide_11.9.1_2170/ide/plugins/com.nxp.mcuxpresso.tools.win32_11.9.1.202402080819/tools/bin/../lib/gcc/arm-none-eabi/12.3.1/../../../../arm-none-eabi/lib/thumb/v8-m.main+fp/hard\libcr_c.a(fflush.o)
 .debug_info    0x00015afc      0x276 c:/nxp/mcuxpressoide_11.9.1_2170/ide/plugins/com.nxp.mcuxpresso.tools.win32_11.9.1.202402080819/tools/bin/../lib/gcc/arm-none-eabi/12.3.1/../../../../arm-none-eabi/lib/thumb/v8-m.main+fp/hard\libcr_c.a(fseek.o)
 .debug_info    0x00015d72      0x190 c:/nxp/mcuxpressoide_11.9.1_2170/ide/plugins/com.nxp.mcuxpresso.tools.win32_11.9.1.202402080819/tools/bin/../lib/gcc/arm-none-eabi/12.3.1/../../../../arm-none-eabi/lib/thumb/v8-m.main+fp/hard\libcr_c.a(ftell.o)
 .debug_info    0x00015f02      0x1ca c:/nxp/mcuxpressoide_11.9.1_2170/ide/plugins/com.nxp.mcuxpresso.tools.win32_11.9.1.202402080819/tools/bin/../lib/gcc/arm-none-eabi/12.3.1/../../../../arm-none-eabi/lib/thumb/v8-m.main+fp/hard\libcr_c.a(remove.o)
 .debug_info    0x000160cc      0x23a c:/nxp/mcuxpressoide_11.9.1_2170/ide/plugins/com.nxp.mcuxpresso.tools.win32_11.9.1.202402080819/tools/bin/../lib/gcc/arm-none-eabi/12.3.1/../../../../arm-none-eabi/lib/thumb/v8-m.main+fp/hard\libcr_c.a(_do_fflush.o)
 .debug_info    0x00016306      0x18b c:/nxp/mcuxpressoide_11.9.1_2170/ide/plugins/com.nxp.mcuxpresso.tools.win32_11.9.1.202402080819/tools/bin/../lib/gcc/arm-none-eabi/12.3.1/../../../../arm-none-eabi/lib/thumb/v8-m.main+fp/hard\libcr_nohost_nf.a(__ciob.o)
 .debug_info    0x00016491       0x5c c:/nxp/mcuxpressoide_11.9.1_2170/ide/plugins/com.nxp.mcuxpresso.tools.win32_11.9.1.202402080819/tools/bin/../lib/gcc/arm-none-eabi/12.3.1/../../../../arm-none-eabi/lib/thumb/v8-m.main+fp/hard\libcr_nohost_nf.a(__sys_close.o)
 .debug_info    0x000164ed       0x5c c:/nxp/mcuxpressoide_11.9.1_2170/ide/plugins/com.nxp.mcuxpresso.tools.win32_11.9.1.202402080819/tools/bin/../lib/gcc/arm-none-eabi/12.3.1/../../../../arm-none-eabi/lib/thumb/v8-m.main+fp/hard\libcr_nohost_nf.a(__sys_flen.o)
 .debug_info    0x00016549       0x5c c:/nxp/mcuxpressoide_11.9.1_2170/ide/plugins/com.nxp.mcuxpresso.tools.win32_11.9.1.202402080819/tools/bin/../lib/gcc/arm-none-eabi/12.3.1/../../../../arm-none-eabi/lib/thumb/v8-m.main+fp/hard\libcr_nohost_nf.a(__sys_istty.o)
 .debug_info    0x000165a5       0x7c c:/nxp/mcuxpressoide_11.9.1_2170/ide/plugins/com.nxp.mcuxpresso.tools.win32_11.9.1.202402080819/tools/bin/../lib/gcc/arm-none-eabi/12.3.1/../../../../arm-none-eabi/lib/thumb/v8-m.main+fp/hard\libcr_nohost_nf.a(__sys_remove.o)
 .debug_info    0x00016621       0x6a c:/nxp/mcuxpressoide_11.9.1_2170/ide/plugins/com.nxp.mcuxpresso.tools.win32_11.9.1.202402080819/tools/bin/../lib/gcc/arm-none-eabi/12.3.1/../../../../arm-none-eabi/lib/thumb/v8-m.main+fp/hard\libcr_nohost_nf.a(__sys_seek.o)
 .debug_info    0x0001668b       0x85 c:/nxp/mcuxpressoide_11.9.1_2170/ide/plugins/com.nxp.mcuxpresso.tools.win32_11.9.1.202402080819/tools/bin/../lib/gcc/arm-none-eabi/12.3.1/../../../../arm-none-eabi/lib/thumb/v8-m.main+fp/hard\libcr_nohost_nf.a(__sys_tmpnam.o)
 .debug_info    0x00016710       0x85 c:/nxp/mcuxpressoide_11.9.1_2170/ide/plugins/com.nxp.mcuxpresso.tools.win32_11.9.1.202402080819/tools/bin/../lib/gcc/arm-none-eabi/12.3.1/../../../../arm-none-eabi/lib/thumb/v8-m.main+fp/hard\libcr_nohost_nf.a(__sys_write.o)

.debug_abbrev   0x00000000     0x3d4e
 .debug_abbrev  0x00000000       0xbd ./utilities/fsl_assert.o
 .debug_abbrev  0x000000bd      0x270 ./utilities/fsl_debug_console.o
 .debug_abbrev  0x0000032d      0x270 ./utilities/fsl_str.o
 .debug_abbrev  0x0000059d      0x147 ./startup/startup_lpc55s69_cm33_core0.o
 .debug_abbrev  0x000006e4      0x14b ./source/Day2_ex2.o
 .debug_abbrev  0x0000082f       0x31 ./source/semihost_hardfault.o
 .debug_abbrev  0x00000860      0x3a8 ./drivers/fsl_clock.o
 .debug_abbrev  0x00000c08      0x17b ./drivers/fsl_common_arm.o
 .debug_abbrev  0x00000d83      0x2be ./drivers/fsl_flexcomm.o
 .debug_abbrev  0x00001041      0x368 ./drivers/fsl_power.o
 .debug_abbrev  0x000013a9      0x182 ./drivers/fsl_reset.o
 .debug_abbrev  0x0000152b      0x34f ./drivers/fsl_usart.o
 .debug_abbrev  0x0000187a      0x216 ./device/system_LPC55S69_cm33_core0.o
 .debug_abbrev  0x00001a90      0x249 ./component/uart/fsl_adapter_usart.o
 .debug_abbrev  0x00001cd9      0x2bb ./component/serial_manager/fsl_component_serial_manager.o
 .debug_abbrev  0x00001f94      0x18c ./component/serial_manager/fsl_component_serial_port_uart.o
 .debug_abbrev  0x00002120      0x113 ./board/board.o
 .debug_abbrev  0x00002233      0x226 ./board/clock_config.o
 .debug_abbrev  0x00002459       0x61 ./board/peripherals.o
 .debug_abbrev  0x000024ba      0x29a ./board/pin_mux.o
 .debug_abbrev  0x00002754       0x70 c:/nxp/mcuxpressoide_11.9.1_2170/ide/plugins/com.nxp.mcuxpresso.tools.win32_11.9.1.202402080819/tools/bin/../lib/gcc/arm-none-eabi/12.3.1/../../../../arm-none-eabi/lib/thumb/v8-m.main+fp/hard\libcr_nohost_nf.a(_cr__main.o)
 .debug_abbrev  0x000027c4       0xb6 c:/nxp/mcuxpressoide_11.9.1_2170/ide/plugins/com.nxp.mcuxpresso.tools.win32_11.9.1.202402080819/tools/bin/../lib/gcc/arm-none-eabi/12.3.1/../../../../arm-none-eabi/lib/thumb/v8-m.main+fp/hard\libcr_c.a(memcpy.o)
 .debug_abbrev  0x0000287a       0xa8 c:/nxp/mcuxpressoide_11.9.1_2170/ide/plugins/com.nxp.mcuxpresso.tools.win32_11.9.1.202402080819/tools/bin/../lib/gcc/arm-none-eabi/12.3.1/../../../../arm-none-eabi/lib/thumb/v8-m.main+fp/hard\libcr_c.a(memset.o)
 .debug_abbrev  0x00002922      0x284 c:/nxp/mcuxpressoide_11.9.1_2170/ide/plugins/com.nxp.mcuxpresso.tools.win32_11.9.1.202402080819/tools/bin/../lib/gcc/arm-none-eabi/12.3.1/../../../../arm-none-eabi/lib/thumb/v8-m.main+fp/hard\libcr_c.a(alloc.o)
 .debug_abbrev  0x00002ba6       0x44 c:/nxp/mcuxpressoide_11.9.1_2170/ide/plugins/com.nxp.mcuxpresso.tools.win32_11.9.1.202402080819/tools/bin/../lib/gcc/arm-none-eabi/12.3.1/../../../../arm-none-eabi/lib/thumb/v8-m.main+fp/hard\libcr_c.a(errno.o)
 .debug_abbrev  0x00002bea      0x169 c:/nxp/mcuxpressoide_11.9.1_2170/ide/plugins/com.nxp.mcuxpresso.tools.win32_11.9.1.202402080819/tools/bin/../lib/gcc/arm-none-eabi/12.3.1/../../../../arm-none-eabi/lib/thumb/v8-m.main+fp/hard\libcr_c.a(initio.o)
 .debug_abbrev  0x00002d53       0xe1 c:/nxp/mcuxpressoide_11.9.1_2170/ide/plugins/com.nxp.mcuxpresso.tools.win32_11.9.1.202402080819/tools/bin/../lib/gcc/arm-none-eabi/12.3.1/../../../../arm-none-eabi/lib/thumb/v8-m.main+fp/hard\libcr_c.a(setvbuf.o)
 .debug_abbrev  0x00002e34       0xa7 c:/nxp/mcuxpressoide_11.9.1_2170/ide/plugins/com.nxp.mcuxpresso.tools.win32_11.9.1.202402080819/tools/bin/../lib/gcc/arm-none-eabi/12.3.1/../../../../arm-none-eabi/lib/thumb/v8-m.main+fp/hard\libcr_c.a(strlen.o)
 .debug_abbrev  0x00002edb      0x152 c:/nxp/mcuxpressoide_11.9.1_2170/ide/plugins/com.nxp.mcuxpresso.tools.win32_11.9.1.202402080819/tools/bin/../lib/gcc/arm-none-eabi/12.3.1/../../../../arm-none-eabi/lib/thumb/v8-m.main+fp/hard\libcr_c.a(_deferredlazyseek.o)
 .debug_abbrev  0x0000302d      0x119 c:/nxp/mcuxpressoide_11.9.1_2170/ide/plugins/com.nxp.mcuxpresso.tools.win32_11.9.1.202402080819/tools/bin/../lib/gcc/arm-none-eabi/12.3.1/../../../../arm-none-eabi/lib/thumb/v8-m.main+fp/hard\libcr_c.a(_fdopen.o)
 .debug_abbrev  0x00003146       0xf1 c:/nxp/mcuxpressoide_11.9.1_2170/ide/plugins/com.nxp.mcuxpresso.tools.win32_11.9.1.202402080819/tools/bin/../lib/gcc/arm-none-eabi/12.3.1/../../../../arm-none-eabi/lib/thumb/v8-m.main+fp/hard\libcr_c.a(_fflush.o)
 .debug_abbrev  0x00003237      0x126 c:/nxp/mcuxpressoide_11.9.1_2170/ide/plugins/com.nxp.mcuxpresso.tools.win32_11.9.1.202402080819/tools/bin/../lib/gcc/arm-none-eabi/12.3.1/../../../../arm-none-eabi/lib/thumb/v8-m.main+fp/hard\libcr_c.a(_writebuf.o)
 .debug_abbrev  0x0000335d      0x155 c:/nxp/mcuxpressoide_11.9.1_2170/ide/plugins/com.nxp.mcuxpresso.tools.win32_11.9.1.202402080819/tools/bin/../lib/gcc/arm-none-eabi/12.3.1/../../../../arm-none-eabi/lib/thumb/v8-m.main+fp/hard\libcr_c.a(fclose.o)
 .debug_abbrev  0x000034b2      0x125 c:/nxp/mcuxpressoide_11.9.1_2170/ide/plugins/com.nxp.mcuxpresso.tools.win32_11.9.1.202402080819/tools/bin/../lib/gcc/arm-none-eabi/12.3.1/../../../../arm-none-eabi/lib/thumb/v8-m.main+fp/hard\libcr_c.a(fflush.o)
 .debug_abbrev  0x000035d7      0x11b c:/nxp/mcuxpressoide_11.9.1_2170/ide/plugins/com.nxp.mcuxpresso.tools.win32_11.9.1.202402080819/tools/bin/../lib/gcc/arm-none-eabi/12.3.1/../../../../arm-none-eabi/lib/thumb/v8-m.main+fp/hard\libcr_c.a(fseek.o)
 .debug_abbrev  0x000036f2       0xc2 c:/nxp/mcuxpressoide_11.9.1_2170/ide/plugins/com.nxp.mcuxpresso.tools.win32_11.9.1.202402080819/tools/bin/../lib/gcc/arm-none-eabi/12.3.1/../../../../arm-none-eabi/lib/thumb/v8-m.main+fp/hard\libcr_c.a(ftell.o)
 .debug_abbrev  0x000037b4       0xfb c:/nxp/mcuxpressoide_11.9.1_2170/ide/plugins/com.nxp.mcuxpresso.tools.win32_11.9.1.202402080819/tools/bin/../lib/gcc/arm-none-eabi/12.3.1/../../../../arm-none-eabi/lib/thumb/v8-m.main+fp/hard\libcr_c.a(remove.o)
 .debug_abbrev  0x000038af      0x12c c:/nxp/mcuxpressoide_11.9.1_2170/ide/plugins/com.nxp.mcuxpresso.tools.win32_11.9.1.202402080819/tools/bin/../lib/gcc/arm-none-eabi/12.3.1/../../../../arm-none-eabi/lib/thumb/v8-m.main+fp/hard\libcr_c.a(_do_fflush.o)
 .debug_abbrev  0x000039db       0xb5 c:/nxp/mcuxpressoide_11.9.1_2170/ide/plugins/com.nxp.mcuxpresso.tools.win32_11.9.1.202402080819/tools/bin/../lib/gcc/arm-none-eabi/12.3.1/../../../../arm-none-eabi/lib/thumb/v8-m.main+fp/hard\libcr_nohost_nf.a(__ciob.o)
 .debug_abbrev  0x00003a90       0x51 c:/nxp/mcuxpressoide_11.9.1_2170/ide/plugins/com.nxp.mcuxpresso.tools.win32_11.9.1.202402080819/tools/bin/../lib/gcc/arm-none-eabi/12.3.1/../../../../arm-none-eabi/lib/thumb/v8-m.main+fp/hard\libcr_nohost_nf.a(__sys_close.o)
 .debug_abbrev  0x00003ae1       0x51 c:/nxp/mcuxpressoide_11.9.1_2170/ide/plugins/com.nxp.mcuxpresso.tools.win32_11.9.1.202402080819/tools/bin/../lib/gcc/arm-none-eabi/12.3.1/../../../../arm-none-eabi/lib/thumb/v8-m.main+fp/hard\libcr_nohost_nf.a(__sys_flen.o)
 .debug_abbrev  0x00003b32       0x51 c:/nxp/mcuxpressoide_11.9.1_2170/ide/plugins/com.nxp.mcuxpresso.tools.win32_11.9.1.202402080819/tools/bin/../lib/gcc/arm-none-eabi/12.3.1/../../../../arm-none-eabi/lib/thumb/v8-m.main+fp/hard\libcr_nohost_nf.a(__sys_istty.o)
 .debug_abbrev  0x00003b83       0x7d c:/nxp/mcuxpressoide_11.9.1_2170/ide/plugins/com.nxp.mcuxpresso.tools.win32_11.9.1.202402080819/tools/bin/../lib/gcc/arm-none-eabi/12.3.1/../../../../arm-none-eabi/lib/thumb/v8-m.main+fp/hard\libcr_nohost_nf.a(__sys_remove.o)
 .debug_abbrev  0x00003c00       0x62 c:/nxp/mcuxpressoide_11.9.1_2170/ide/plugins/com.nxp.mcuxpresso.tools.win32_11.9.1.202402080819/tools/bin/../lib/gcc/arm-none-eabi/12.3.1/../../../../arm-none-eabi/lib/thumb/v8-m.main+fp/hard\libcr_nohost_nf.a(__sys_seek.o)
 .debug_abbrev  0x00003c62       0x76 c:/nxp/mcuxpressoide_11.9.1_2170/ide/plugins/com.nxp.mcuxpresso.tools.win32_11.9.1.202402080819/tools/bin/../lib/gcc/arm-none-eabi/12.3.1/../../../../arm-none-eabi/lib/thumb/v8-m.main+fp/hard\libcr_nohost_nf.a(__sys_tmpnam.o)
 .debug_abbrev  0x00003cd8       0x76 c:/nxp/mcuxpressoide_11.9.1_2170/ide/plugins/com.nxp.mcuxpresso.tools.win32_11.9.1.202402080819/tools/bin/../lib/gcc/arm-none-eabi/12.3.1/../../../../arm-none-eabi/lib/thumb/v8-m.main+fp/hard\libcr_nohost_nf.a(__sys_write.o)

.debug_aranges  0x00000000      0xf80
 .debug_aranges
                0x00000000       0x28 ./utilities/fsl_assert.o
 .debug_aranges
                0x00000028       0xa8 ./utilities/fsl_debug_console.o
 .debug_aranges
                0x000000d0       0xe8 ./utilities/fsl_str.o
 .debug_aranges
                0x000001b8      0x268 ./startup/startup_lpc55s69_cm33_core0.o
 .debug_aranges
                0x00000420       0x20 ./source/Day2_ex2.o
 .debug_aranges
                0x00000440       0x20 ./source/semihost_hardfault.o
 .debug_aranges
                0x00000460      0x228 ./drivers/fsl_clock.o
 .debug_aranges
                0x00000688       0x38 ./drivers/fsl_common_arm.o
 .debug_aranges
                0x000006c0       0x90 ./drivers/fsl_flexcomm.o
 .debug_aranges
                0x00000750       0xc8 ./drivers/fsl_power.o
 .debug_aranges
                0x00000818       0x30 ./drivers/fsl_reset.o
 .debug_aranges
                0x00000848       0xf8 ./drivers/fsl_usart.o
 .debug_aranges
                0x00000940       0x88 ./device/system_LPC55S69_cm33_core0.o
 .debug_aranges
                0x000009c8       0x58 ./component/uart/fsl_adapter_usart.o
 .debug_aranges
                0x00000a20       0xa0 ./component/serial_manager/fsl_component_serial_manager.o
 .debug_aranges
                0x00000ac0       0x48 ./component/serial_manager/fsl_component_serial_port_uart.o
 .debug_aranges
                0x00000b08       0x28 ./board/board.o
 .debug_aranges
                0x00000b30       0x50 ./board/clock_config.o
 .debug_aranges
                0x00000b80       0x28 ./board/peripherals.o
 .debug_aranges
                0x00000ba8       0x70 ./board/pin_mux.o
 .debug_aranges
                0x00000c18       0x20 c:/nxp/mcuxpressoide_11.9.1_2170/ide/plugins/com.nxp.mcuxpresso.tools.win32_11.9.1.202402080819/tools/bin/../lib/gcc/arm-none-eabi/12.3.1/../../../../arm-none-eabi/lib/thumb/v8-m.main+fp/hard\libcr_nohost_nf.a(_cr__main.o)
 .debug_aranges
                0x00000c38       0x20 c:/nxp/mcuxpressoide_11.9.1_2170/ide/plugins/com.nxp.mcuxpresso.tools.win32_11.9.1.202402080819/tools/bin/../lib/gcc/arm-none-eabi/12.3.1/../../../../arm-none-eabi/lib/thumb/v8-m.main+fp/hard\libcr_c.a(memcpy.o)
 .debug_aranges
                0x00000c58       0x20 c:/nxp/mcuxpressoide_11.9.1_2170/ide/plugins/com.nxp.mcuxpresso.tools.win32_11.9.1.202402080819/tools/bin/../lib/gcc/arm-none-eabi/12.3.1/../../../../arm-none-eabi/lib/thumb/v8-m.main+fp/hard\libcr_c.a(memset.o)
 .debug_aranges
                0x00000c78       0x40 c:/nxp/mcuxpressoide_11.9.1_2170/ide/plugins/com.nxp.mcuxpresso.tools.win32_11.9.1.202402080819/tools/bin/../lib/gcc/arm-none-eabi/12.3.1/../../../../arm-none-eabi/lib/thumb/v8-m.main+fp/hard\libcr_c.a(alloc.o)
 .debug_aranges
                0x00000cb8       0x18 c:/nxp/mcuxpressoide_11.9.1_2170/ide/plugins/com.nxp.mcuxpresso.tools.win32_11.9.1.202402080819/tools/bin/../lib/gcc/arm-none-eabi/12.3.1/../../../../arm-none-eabi/lib/thumb/v8-m.main+fp/hard\libcr_c.a(errno.o)
 .debug_aranges
                0x00000cd0       0x28 c:/nxp/mcuxpressoide_11.9.1_2170/ide/plugins/com.nxp.mcuxpresso.tools.win32_11.9.1.202402080819/tools/bin/../lib/gcc/arm-none-eabi/12.3.1/../../../../arm-none-eabi/lib/thumb/v8-m.main+fp/hard\libcr_c.a(initio.o)
 .debug_aranges
                0x00000cf8       0x20 c:/nxp/mcuxpressoide_11.9.1_2170/ide/plugins/com.nxp.mcuxpresso.tools.win32_11.9.1.202402080819/tools/bin/../lib/gcc/arm-none-eabi/12.3.1/../../../../arm-none-eabi/lib/thumb/v8-m.main+fp/hard\libcr_c.a(setvbuf.o)
 .debug_aranges
                0x00000d18       0x20 c:/nxp/mcuxpressoide_11.9.1_2170/ide/plugins/com.nxp.mcuxpresso.tools.win32_11.9.1.202402080819/tools/bin/../lib/gcc/arm-none-eabi/12.3.1/../../../../arm-none-eabi/lib/thumb/v8-m.main+fp/hard\libcr_c.a(strlen.o)
 .debug_aranges
                0x00000d38       0x28 c:/nxp/mcuxpressoide_11.9.1_2170/ide/plugins/com.nxp.mcuxpresso.tools.win32_11.9.1.202402080819/tools/bin/../lib/gcc/arm-none-eabi/12.3.1/../../../../arm-none-eabi/lib/thumb/v8-m.main+fp/hard\libcr_c.a(_deferredlazyseek.o)
 .debug_aranges
                0x00000d60       0x20 c:/nxp/mcuxpressoide_11.9.1_2170/ide/plugins/com.nxp.mcuxpresso.tools.win32_11.9.1.202402080819/tools/bin/../lib/gcc/arm-none-eabi/12.3.1/../../../../arm-none-eabi/lib/thumb/v8-m.main+fp/hard\libcr_c.a(_fdopen.o)
 .debug_aranges
                0x00000d80       0x20 c:/nxp/mcuxpressoide_11.9.1_2170/ide/plugins/com.nxp.mcuxpresso.tools.win32_11.9.1.202402080819/tools/bin/../lib/gcc/arm-none-eabi/12.3.1/../../../../arm-none-eabi/lib/thumb/v8-m.main+fp/hard\libcr_c.a(_fflush.o)
 .debug_aranges
                0x00000da0       0x20 c:/nxp/mcuxpressoide_11.9.1_2170/ide/plugins/com.nxp.mcuxpresso.tools.win32_11.9.1.202402080819/tools/bin/../lib/gcc/arm-none-eabi/12.3.1/../../../../arm-none-eabi/lib/thumb/v8-m.main+fp/hard\libcr_c.a(_writebuf.o)
 .debug_aranges
                0x00000dc0       0x20 c:/nxp/mcuxpressoide_11.9.1_2170/ide/plugins/com.nxp.mcuxpresso.tools.win32_11.9.1.202402080819/tools/bin/../lib/gcc/arm-none-eabi/12.3.1/../../../../arm-none-eabi/lib/thumb/v8-m.main+fp/hard\libcr_c.a(fclose.o)
 .debug_aranges
                0x00000de0       0x20 c:/nxp/mcuxpressoide_11.9.1_2170/ide/plugins/com.nxp.mcuxpresso.tools.win32_11.9.1.202402080819/tools/bin/../lib/gcc/arm-none-eabi/12.3.1/../../../../arm-none-eabi/lib/thumb/v8-m.main+fp/hard\libcr_c.a(fflush.o)
 .debug_aranges
                0x00000e00       0x20 c:/nxp/mcuxpressoide_11.9.1_2170/ide/plugins/com.nxp.mcuxpresso.tools.win32_11.9.1.202402080819/tools/bin/../lib/gcc/arm-none-eabi/12.3.1/../../../../arm-none-eabi/lib/thumb/v8-m.main+fp/hard\libcr_c.a(fseek.o)
 .debug_aranges
                0x00000e20       0x20 c:/nxp/mcuxpressoide_11.9.1_2170/ide/plugins/com.nxp.mcuxpresso.tools.win32_11.9.1.202402080819/tools/bin/../lib/gcc/arm-none-eabi/12.3.1/../../../../arm-none-eabi/lib/thumb/v8-m.main+fp/hard\libcr_c.a(ftell.o)
 .debug_aranges
                0x00000e40       0x28 c:/nxp/mcuxpressoide_11.9.1_2170/ide/plugins/com.nxp.mcuxpresso.tools.win32_11.9.1.202402080819/tools/bin/../lib/gcc/arm-none-eabi/12.3.1/../../../../arm-none-eabi/lib/thumb/v8-m.main+fp/hard\libcr_c.a(remove.o)
 .debug_aranges
                0x00000e68       0x20 c:/nxp/mcuxpressoide_11.9.1_2170/ide/plugins/com.nxp.mcuxpresso.tools.win32_11.9.1.202402080819/tools/bin/../lib/gcc/arm-none-eabi/12.3.1/../../../../arm-none-eabi/lib/thumb/v8-m.main+fp/hard\libcr_c.a(_do_fflush.o)
 .debug_aranges
                0x00000e88       0x18 c:/nxp/mcuxpressoide_11.9.1_2170/ide/plugins/com.nxp.mcuxpresso.tools.win32_11.9.1.202402080819/tools/bin/../lib/gcc/arm-none-eabi/12.3.1/../../../../arm-none-eabi/lib/thumb/v8-m.main+fp/hard\libcr_nohost_nf.a(__ciob.o)
 .debug_aranges
                0x00000ea0       0x20 c:/nxp/mcuxpressoide_11.9.1_2170/ide/plugins/com.nxp.mcuxpresso.tools.win32_11.9.1.202402080819/tools/bin/../lib/gcc/arm-none-eabi/12.3.1/../../../../arm-none-eabi/lib/thumb/v8-m.main+fp/hard\libcr_nohost_nf.a(__sys_close.o)
 .debug_aranges
                0x00000ec0       0x20 c:/nxp/mcuxpressoide_11.9.1_2170/ide/plugins/com.nxp.mcuxpresso.tools.win32_11.9.1.202402080819/tools/bin/../lib/gcc/arm-none-eabi/12.3.1/../../../../arm-none-eabi/lib/thumb/v8-m.main+fp/hard\libcr_nohost_nf.a(__sys_flen.o)
 .debug_aranges
                0x00000ee0       0x20 c:/nxp/mcuxpressoide_11.9.1_2170/ide/plugins/com.nxp.mcuxpresso.tools.win32_11.9.1.202402080819/tools/bin/../lib/gcc/arm-none-eabi/12.3.1/../../../../arm-none-eabi/lib/thumb/v8-m.main+fp/hard\libcr_nohost_nf.a(__sys_istty.o)
 .debug_aranges
                0x00000f00       0x20 c:/nxp/mcuxpressoide_11.9.1_2170/ide/plugins/com.nxp.mcuxpresso.tools.win32_11.9.1.202402080819/tools/bin/../lib/gcc/arm-none-eabi/12.3.1/../../../../arm-none-eabi/lib/thumb/v8-m.main+fp/hard\libcr_nohost_nf.a(__sys_remove.o)
 .debug_aranges
                0x00000f20       0x20 c:/nxp/mcuxpressoide_11.9.1_2170/ide/plugins/com.nxp.mcuxpresso.tools.win32_11.9.1.202402080819/tools/bin/../lib/gcc/arm-none-eabi/12.3.1/../../../../arm-none-eabi/lib/thumb/v8-m.main+fp/hard\libcr_nohost_nf.a(__sys_seek.o)
 .debug_aranges
                0x00000f40       0x20 c:/nxp/mcuxpressoide_11.9.1_2170/ide/plugins/com.nxp.mcuxpresso.tools.win32_11.9.1.202402080819/tools/bin/../lib/gcc/arm-none-eabi/12.3.1/../../../../arm-none-eabi/lib/thumb/v8-m.main+fp/hard\libcr_nohost_nf.a(__sys_tmpnam.o)
 .debug_aranges
                0x00000f60       0x20 c:/nxp/mcuxpressoide_11.9.1_2170/ide/plugins/com.nxp.mcuxpresso.tools.win32_11.9.1.202402080819/tools/bin/../lib/gcc/arm-none-eabi/12.3.1/../../../../arm-none-eabi/lib/thumb/v8-m.main+fp/hard\libcr_nohost_nf.a(__sys_write.o)

.debug_ranges   0x00000000      0xd28
 .debug_ranges  0x00000000       0x18 ./utilities/fsl_assert.o
 .debug_ranges  0x00000018       0x98 ./utilities/fsl_debug_console.o
 .debug_ranges  0x000000b0      0x108 ./utilities/fsl_str.o
 .debug_ranges  0x000001b8      0x258 ./startup/startup_lpc55s69_cm33_core0.o
 .debug_ranges  0x00000410       0x10 ./source/Day2_ex2.o
 .debug_ranges  0x00000420       0x10 ./source/semihost_hardfault.o
 .debug_ranges  0x00000430      0x218 ./drivers/fsl_clock.o
 .debug_ranges  0x00000648       0x28 ./drivers/fsl_common_arm.o
 .debug_ranges  0x00000670       0x80 ./drivers/fsl_flexcomm.o
 .debug_ranges  0x000006f0       0xb8 ./drivers/fsl_power.o
 .debug_ranges  0x000007a8       0x20 ./drivers/fsl_reset.o
 .debug_ranges  0x000007c8       0xe8 ./drivers/fsl_usart.o
 .debug_ranges  0x000008b0       0x78 ./device/system_LPC55S69_cm33_core0.o
 .debug_ranges  0x00000928       0x48 ./component/uart/fsl_adapter_usart.o
 .debug_ranges  0x00000970       0x90 ./component/serial_manager/fsl_component_serial_manager.o
 .debug_ranges  0x00000a00       0x38 ./component/serial_manager/fsl_component_serial_port_uart.o
 .debug_ranges  0x00000a38       0x18 ./board/board.o
 .debug_ranges  0x00000a50       0x40 ./board/clock_config.o
 .debug_ranges  0x00000a90       0x18 ./board/peripherals.o
 .debug_ranges  0x00000aa8       0x60 ./board/pin_mux.o
 .debug_ranges  0x00000b08       0x10 c:/nxp/mcuxpressoide_11.9.1_2170/ide/plugins/com.nxp.mcuxpresso.tools.win32_11.9.1.202402080819/tools/bin/../lib/gcc/arm-none-eabi/12.3.1/../../../../arm-none-eabi/lib/thumb/v8-m.main+fp/hard\libcr_nohost_nf.a(_cr__main.o)
 .debug_ranges  0x00000b18       0x10 c:/nxp/mcuxpressoide_11.9.1_2170/ide/plugins/com.nxp.mcuxpresso.tools.win32_11.9.1.202402080819/tools/bin/../lib/gcc/arm-none-eabi/12.3.1/../../../../arm-none-eabi/lib/thumb/v8-m.main+fp/hard\libcr_c.a(memcpy.o)
 .debug_ranges  0x00000b28       0x10 c:/nxp/mcuxpressoide_11.9.1_2170/ide/plugins/com.nxp.mcuxpresso.tools.win32_11.9.1.202402080819/tools/bin/../lib/gcc/arm-none-eabi/12.3.1/../../../../arm-none-eabi/lib/thumb/v8-m.main+fp/hard\libcr_c.a(memset.o)
 .debug_ranges  0x00000b38       0x48 c:/nxp/mcuxpressoide_11.9.1_2170/ide/plugins/com.nxp.mcuxpresso.tools.win32_11.9.1.202402080819/tools/bin/../lib/gcc/arm-none-eabi/12.3.1/../../../../arm-none-eabi/lib/thumb/v8-m.main+fp/hard\libcr_c.a(alloc.o)
 .debug_ranges  0x00000b80       0x18 c:/nxp/mcuxpressoide_11.9.1_2170/ide/plugins/com.nxp.mcuxpresso.tools.win32_11.9.1.202402080819/tools/bin/../lib/gcc/arm-none-eabi/12.3.1/../../../../arm-none-eabi/lib/thumb/v8-m.main+fp/hard\libcr_c.a(initio.o)
 .debug_ranges  0x00000b98       0x10 c:/nxp/mcuxpressoide_11.9.1_2170/ide/plugins/com.nxp.mcuxpresso.tools.win32_11.9.1.202402080819/tools/bin/../lib/gcc/arm-none-eabi/12.3.1/../../../../arm-none-eabi/lib/thumb/v8-m.main+fp/hard\libcr_c.a(setvbuf.o)
 .debug_ranges  0x00000ba8       0x10 c:/nxp/mcuxpressoide_11.9.1_2170/ide/plugins/com.nxp.mcuxpresso.tools.win32_11.9.1.202402080819/tools/bin/../lib/gcc/arm-none-eabi/12.3.1/../../../../arm-none-eabi/lib/thumb/v8-m.main+fp/hard\libcr_c.a(strlen.o)
 .debug_ranges  0x00000bb8       0x38 c:/nxp/mcuxpressoide_11.9.1_2170/ide/plugins/com.nxp.mcuxpresso.tools.win32_11.9.1.202402080819/tools/bin/../lib/gcc/arm-none-eabi/12.3.1/../../../../arm-none-eabi/lib/thumb/v8-m.main+fp/hard\libcr_c.a(_deferredlazyseek.o)
 .debug_ranges  0x00000bf0       0x10 c:/nxp/mcuxpressoide_11.9.1_2170/ide/plugins/com.nxp.mcuxpresso.tools.win32_11.9.1.202402080819/tools/bin/../lib/gcc/arm-none-eabi/12.3.1/../../../../arm-none-eabi/lib/thumb/v8-m.main+fp/hard\libcr_c.a(_fdopen.o)
 .debug_ranges  0x00000c00       0x10 c:/nxp/mcuxpressoide_11.9.1_2170/ide/plugins/com.nxp.mcuxpresso.tools.win32_11.9.1.202402080819/tools/bin/../lib/gcc/arm-none-eabi/12.3.1/../../../../arm-none-eabi/lib/thumb/v8-m.main+fp/hard\libcr_c.a(_fflush.o)
 .debug_ranges  0x00000c10       0x10 c:/nxp/mcuxpressoide_11.9.1_2170/ide/plugins/com.nxp.mcuxpresso.tools.win32_11.9.1.202402080819/tools/bin/../lib/gcc/arm-none-eabi/12.3.1/../../../../arm-none-eabi/lib/thumb/v8-m.main+fp/hard\libcr_c.a(_writebuf.o)
 .debug_ranges  0x00000c20       0x10 c:/nxp/mcuxpressoide_11.9.1_2170/ide/plugins/com.nxp.mcuxpresso.tools.win32_11.9.1.202402080819/tools/bin/../lib/gcc/arm-none-eabi/12.3.1/../../../../arm-none-eabi/lib/thumb/v8-m.main+fp/hard\libcr_c.a(fclose.o)
 .debug_ranges  0x00000c30       0x28 c:/nxp/mcuxpressoide_11.9.1_2170/ide/plugins/com.nxp.mcuxpresso.tools.win32_11.9.1.202402080819/tools/bin/../lib/gcc/arm-none-eabi/12.3.1/../../../../arm-none-eabi/lib/thumb/v8-m.main+fp/hard\libcr_c.a(fflush.o)
 .debug_ranges  0x00000c58       0x10 c:/nxp/mcuxpressoide_11.9.1_2170/ide/plugins/com.nxp.mcuxpresso.tools.win32_11.9.1.202402080819/tools/bin/../lib/gcc/arm-none-eabi/12.3.1/../../../../arm-none-eabi/lib/thumb/v8-m.main+fp/hard\libcr_c.a(fseek.o)
 .debug_ranges  0x00000c68       0x10 c:/nxp/mcuxpressoide_11.9.1_2170/ide/plugins/com.nxp.mcuxpresso.tools.win32_11.9.1.202402080819/tools/bin/../lib/gcc/arm-none-eabi/12.3.1/../../../../arm-none-eabi/lib/thumb/v8-m.main+fp/hard\libcr_c.a(ftell.o)
 .debug_ranges  0x00000c78       0x18 c:/nxp/mcuxpressoide_11.9.1_2170/ide/plugins/com.nxp.mcuxpresso.tools.win32_11.9.1.202402080819/tools/bin/../lib/gcc/arm-none-eabi/12.3.1/../../../../arm-none-eabi/lib/thumb/v8-m.main+fp/hard\libcr_c.a(remove.o)
 .debug_ranges  0x00000c90       0x28 c:/nxp/mcuxpressoide_11.9.1_2170/ide/plugins/com.nxp.mcuxpresso.tools.win32_11.9.1.202402080819/tools/bin/../lib/gcc/arm-none-eabi/12.3.1/../../../../arm-none-eabi/lib/thumb/v8-m.main+fp/hard\libcr_c.a(_do_fflush.o)
 .debug_ranges  0x00000cb8       0x10 c:/nxp/mcuxpressoide_11.9.1_2170/ide/plugins/com.nxp.mcuxpresso.tools.win32_11.9.1.202402080819/tools/bin/../lib/gcc/arm-none-eabi/12.3.1/../../../../arm-none-eabi/lib/thumb/v8-m.main+fp/hard\libcr_nohost_nf.a(__sys_close.o)
 .debug_ranges  0x00000cc8       0x10 c:/nxp/mcuxpressoide_11.9.1_2170/ide/plugins/com.nxp.mcuxpresso.tools.win32_11.9.1.202402080819/tools/bin/../lib/gcc/arm-none-eabi/12.3.1/../../../../arm-none-eabi/lib/thumb/v8-m.main+fp/hard\libcr_nohost_nf.a(__sys_flen.o)
 .debug_ranges  0x00000cd8       0x10 c:/nxp/mcuxpressoide_11.9.1_2170/ide/plugins/com.nxp.mcuxpresso.tools.win32_11.9.1.202402080819/tools/bin/../lib/gcc/arm-none-eabi/12.3.1/../../../../arm-none-eabi/lib/thumb/v8-m.main+fp/hard\libcr_nohost_nf.a(__sys_istty.o)
 .debug_ranges  0x00000ce8       0x10 c:/nxp/mcuxpressoide_11.9.1_2170/ide/plugins/com.nxp.mcuxpresso.tools.win32_11.9.1.202402080819/tools/bin/../lib/gcc/arm-none-eabi/12.3.1/../../../../arm-none-eabi/lib/thumb/v8-m.main+fp/hard\libcr_nohost_nf.a(__sys_remove.o)
 .debug_ranges  0x00000cf8       0x10 c:/nxp/mcuxpressoide_11.9.1_2170/ide/plugins/com.nxp.mcuxpresso.tools.win32_11.9.1.202402080819/tools/bin/../lib/gcc/arm-none-eabi/12.3.1/../../../../arm-none-eabi/lib/thumb/v8-m.main+fp/hard\libcr_nohost_nf.a(__sys_seek.o)
 .debug_ranges  0x00000d08       0x10 c:/nxp/mcuxpressoide_11.9.1_2170/ide/plugins/com.nxp.mcuxpresso.tools.win32_11.9.1.202402080819/tools/bin/../lib/gcc/arm-none-eabi/12.3.1/../../../../arm-none-eabi/lib/thumb/v8-m.main+fp/hard\libcr_nohost_nf.a(__sys_tmpnam.o)
 .debug_ranges  0x00000d18       0x10 c:/nxp/mcuxpressoide_11.9.1_2170/ide/plugins/com.nxp.mcuxpresso.tools.win32_11.9.1.202402080819/tools/bin/../lib/gcc/arm-none-eabi/12.3.1/../../../../arm-none-eabi/lib/thumb/v8-m.main+fp/hard\libcr_nohost_nf.a(__sys_write.o)

.debug_macro    0x00000000    0x18179
 .debug_macro   0x00000000      0x183 ./utilities/fsl_assert.o
 .debug_macro   0x00000183      0xaf6 ./utilities/fsl_assert.o
 .debug_macro   0x00000c79       0x10 ./utilities/fsl_assert.o
 .debug_macro   0x00000c89       0x1c ./utilities/fsl_assert.o
 .debug_macro   0x00000ca5       0x22 ./utilities/fsl_assert.o
 .debug_macro   0x00000cc7      0x12e ./utilities/fsl_assert.o
 .debug_macro   0x00000df5      0x5b3 ./utilities/fsl_assert.o
 .debug_macro   0x000013a8       0x22 ./utilities/fsl_assert.o
 .debug_macro   0x000013ca       0x10 ./utilities/fsl_assert.o
 .debug_macro   0x000013da       0x46 ./utilities/fsl_assert.o
 .debug_macro   0x00001420       0x1c ./utilities/fsl_assert.o
 .debug_macro   0x0000143c       0x29 ./utilities/fsl_assert.o
 .debug_macro   0x00001465       0xfb ./utilities/fsl_assert.o
 .debug_macro   0x00001560     0x167e ./utilities/fsl_assert.o
 .debug_macro   0x00002bde       0x5e ./utilities/fsl_assert.o
 .debug_macro   0x00002c3c       0x2e ./utilities/fsl_assert.o
 .debug_macro   0x00002c6a    0x116e8 ./utilities/fsl_assert.o
 .debug_macro   0x00014352      0x4f1 ./utilities/fsl_assert.o
 .debug_macro   0x00014843       0x7a ./utilities/fsl_assert.o
 .debug_macro   0x000148bd       0xaf ./utilities/fsl_assert.o
 .debug_macro   0x0001496c      0x2ca ./utilities/fsl_assert.o
 .debug_macro   0x00014c36       0x16 ./utilities/fsl_assert.o
 .debug_macro   0x00014c4c      0x11f ./utilities/fsl_assert.o
 .debug_macro   0x00014d6b       0x70 ./utilities/fsl_assert.o
 .debug_macro   0x00014ddb       0x47 ./utilities/fsl_assert.o
 .debug_macro   0x00014e22       0x16 ./utilities/fsl_assert.o
 .debug_macro   0x00014e38       0x6d ./utilities/fsl_assert.o
 .debug_macro   0x00014ea5       0x16 ./utilities/fsl_assert.o
 .debug_macro   0x00014ebb       0x1c ./utilities/fsl_assert.o
 .debug_macro   0x00014ed7       0x1c ./utilities/fsl_assert.o
 .debug_macro   0x00014ef3      0x1f0 ./utilities/fsl_debug_console.o
 .debug_macro   0x000150e3       0x16 ./utilities/fsl_debug_console.o
 .debug_macro   0x000150f9       0x10 ./utilities/fsl_debug_console.o
 .debug_macro   0x00015109       0x28 ./utilities/fsl_debug_console.o
 .debug_macro   0x00015131       0x3c ./utilities/fsl_debug_console.o
 .debug_macro   0x0001516d       0x1c ./utilities/fsl_debug_console.o
 .debug_macro   0x00015189       0x1c ./utilities/fsl_debug_console.o
 .debug_macro   0x000151a5      0x172 ./utilities/fsl_str.o
 .debug_macro   0x00015317       0xc4 ./utilities/fsl_str.o
 .debug_macro   0x000153db      0x1c7 ./utilities/fsl_str.o
 .debug_macro   0x000155a2       0x16 ./utilities/fsl_str.o
 .debug_macro   0x000155b8       0x29 ./startup/startup_lpc55s69_cm33_core0.o
 .debug_macro   0x000155e1      0x1e4 ./source/Day2_ex2.o
 .debug_macro   0x000157c5       0xd8 ./source/Day2_ex2.o
 .debug_macro   0x0001589d       0x2f ./source/Day2_ex2.o
 .debug_macro   0x000158cc       0x10 ./source/Day2_ex2.o
 .debug_macro   0x000158dc       0xfe ./source/Day2_ex2.o
 .debug_macro   0x000159da      0x1f0 ./source/Day2_ex2.o
 .debug_macro   0x00015bca      0x88e ./source/Day2_ex2.o
 .debug_macro   0x00016458       0x22 ./source/Day2_ex2.o
 .debug_macro   0x0001647a       0x11 ./source/semihost_hardfault.o
 .debug_macro   0x0001648b      0x1db ./drivers/fsl_clock.o
 .debug_macro   0x00016666      0x304 ./drivers/fsl_clock.o
 .debug_macro   0x0001696a      0x13c ./drivers/fsl_common_arm.o
 .debug_macro   0x00016aa6      0x145 ./drivers/fsl_flexcomm.o
 .debug_macro   0x00016beb       0x10 ./drivers/fsl_flexcomm.o
 .debug_macro   0x00016bfb      0x410 ./drivers/fsl_power.o
 .debug_macro   0x0001700b      0x13c ./drivers/fsl_reset.o
 .debug_macro   0x00017147      0x154 ./drivers/fsl_usart.o
 .debug_macro   0x0001729b       0x1c ./drivers/fsl_usart.o
 .debug_macro   0x000172b7       0xc1 ./device/system_LPC55S69_cm33_core0.o
 .debug_macro   0x00017378      0x151 ./component/uart/fsl_adapter_usart.o
 .debug_macro   0x000174c9       0x47 ./component/uart/fsl_adapter_usart.o
 .debug_macro   0x00017510      0x1ba ./component/serial_manager/fsl_component_serial_manager.o
 .debug_macro   0x000176ca       0x6a ./component/serial_manager/fsl_component_serial_manager.o
 .debug_macro   0x00017734      0x178 ./component/serial_manager/fsl_component_serial_port_uart.o
 .debug_macro   0x000178ac      0x1ad ./board/board.o
 .debug_macro   0x00017a59       0x35 ./board/board.o
 .debug_macro   0x00017a8e      0x15c ./board/clock_config.o
 .debug_macro   0x00017bea      0x2fe ./board/clock_config.o