Archive member included to satisfy reference by file (symbol)

c:/nxp/mcuxpressoide_11.9.1_2170/ide/plugins/com.nxp.mcuxpresso.tools.win32_11.9.1.202402080819/tools/bin/../lib/gcc/arm-none-eabi/12.3.1/../../../../arm-none-eabi/lib/thumb/v8-m.main+fp/hard\libcr_nohost_nf.a(_cr__main.o)
                              ./startup/startup_lpc55s69_cm33_core0.o (__main)
c:/nxp/mcuxpressoide_11.9.1_2170/ide/plugins/com.nxp.mcuxpresso.tools.win32_11.9.1.202402080819/tools/bin/../lib/gcc/arm-none-eabi/12.3.1/../../../../arm-none-eabi/lib/thumb/v8-m.main+fp/hard\libcr_c.a(memcpy.o)
                              ./utilities/fsl_str.o (memcpy)
c:/nxp/mcuxpressoide_11.9.1_2170/ide/plugins/com.nxp.mcuxpresso.tools.win32_11.9.1.202402080819/tools/bin/../lib/gcc/arm-none-eabi/12.3.1/../../../../arm-none-eabi/lib/thumb/v8-m.main+fp/hard\libcr_c.a(memset.o)
                              ./utilities/fsl_debug_console.o (memset)
c:/nxp/mcuxpressoide_11.9.1_2170/ide/plugins/com.nxp.mcuxpresso.tools.win32_11.9.1.202402080819/tools/bin/../lib/gcc/arm-none-eabi/12.3.1/../../../../arm-none-eabi/lib/thumb/v8-m.main+fp/hard\libcr_c.a(alloc.o)
                              ./drivers/fsl_common.o (malloc)
c:/nxp/mcuxpressoide_11.9.1_2170/ide/plugins/com.nxp.mcuxpresso.tools.win32_11.9.1.202402080819/tools/bin/../lib/gcc/arm-none-eabi/12.3.1/../../../../arm-none-eabi/lib/thumb/v8-m.main+fp/hard\libcr_c.a(errno.o)
                              ./utilities/fsl_str.o (errno)
c:/nxp/mcuxpressoide_11.9.1_2170/ide/plugins/com.nxp.mcuxpresso.tools.win32_11.9.1.202402080819/tools/bin/../lib/gcc/arm-none-eabi/12.3.1/../../../../arm-none-eabi/lib/thumb/v8-m.main+fp/hard\libcr_c.a(initio.o)
                              c:/nxp/mcuxpressoide_11.9.1_2170/ide/plugins/com.nxp.mcuxpresso.tools.win32_11.9.1.202402080819/tools/bin/../lib/gcc/arm-none-eabi/12.3.1/../../../../arm-none-eabi/lib/thumb/v8-m.main+fp/hard\libcr_nohost_nf.a(_cr__main.o) (_initio)
c:/nxp/mcuxpressoide_11.9.1_2170/ide/plugins/com.nxp.mcuxpresso.tools.win32_11.9.1.202402080819/tools/bin/../lib/gcc/arm-none-eabi/12.3.1/../../../../arm-none-eabi/lib/thumb/v8-m.main+fp/hard\libcr_c.a(printf.o)
                              ./source/tests/test_check_prime.o (_sprintf)
c:/nxp/mcuxpressoide_11.9.1_2170/ide/plugins/com.nxp.mcuxpresso.tools.win32_11.9.1.202402080819/tools/bin/../lib/gcc/arm-none-eabi/12.3.1/../../../../arm-none-eabi/lib/thumb/v8-m.main+fp/hard\libcr_c.a(scanf.o)
                              ./utilities/fsl_str.o (strtoul)
c:/nxp/mcuxpressoide_11.9.1_2170/ide/plugins/com.nxp.mcuxpresso.tools.win32_11.9.1.202402080819/tools/bin/../lib/gcc/arm-none-eabi/12.3.1/../../../../arm-none-eabi/lib/thumb/v8-m.main+fp/hard\libcr_c.a(setvbuf.o)
                              c:/nxp/mcuxpressoide_11.9.1_2170/ide/plugins/com.nxp.mcuxpresso.tools.win32_11.9.1.202402080819/tools/bin/../lib/gcc/arm-none-eabi/12.3.1/../../../../arm-none-eabi/lib/thumb/v8-m.main+fp/hard\libcr_c.a(initio.o) (setvbuf)
c:/nxp/mcuxpressoide_11.9.1_2170/ide/plugins/com.nxp.mcuxpresso.tools.win32_11.9.1.202402080819/tools/bin/../lib/gcc/arm-none-eabi/12.3.1/../../../../arm-none-eabi/lib/thumb/v8-m.main+fp/hard\libcr_c.a(strlen.o)
                              ./utilities/fsl_str.o (strlen)
c:/nxp/mcuxpressoide_11.9.1_2170/ide/plugins/com.nxp.mcuxpresso.tools.win32_11.9.1.202402080819/tools/bin/../lib/gcc/arm-none-eabi/12.3.1/../../../../arm-none-eabi/lib/thumb/v8-m.main+fp/hard\libcr_c.a(ungetc.o)
                              c:/nxp/mcuxpressoide_11.9.1_2170/ide/plugins/com.nxp.mcuxpresso.tools.win32_11.9.1.202402080819/tools/bin/../lib/gcc/arm-none-eabi/12.3.1/../../../../arm-none-eabi/lib/thumb/v8-m.main+fp/hard\libcr_c.a(scanf.o) (ungetc)
c:/nxp/mcuxpressoide_11.9.1_2170/ide/plugins/com.nxp.mcuxpresso.tools.win32_11.9.1.202402080819/tools/bin/../lib/gcc/arm-none-eabi/12.3.1/../../../../arm-none-eabi/lib/thumb/v8-m.main+fp/hard\libcr_c.a(__fillbuf.o)
                              c:/nxp/mcuxpressoide_11.9.1_2170/ide/plugins/com.nxp.mcuxpresso.tools.win32_11.9.1.202402080819/tools/bin/../lib/gcc/arm-none-eabi/12.3.1/../../../../arm-none-eabi/lib/thumb/v8-m.main+fp/hard\libcr_c.a(scanf.o) (__filbuf)
c:/nxp/mcuxpressoide_11.9.1_2170/ide/plugins/com.nxp.mcuxpresso.tools.win32_11.9.1.202402080819/tools/bin/../lib/gcc/arm-none-eabi/12.3.1/../../../../arm-none-eabi/lib/thumb/v8-m.main+fp/hard\libcr_c.a(__init_alloc.o)
                              c:/nxp/mcuxpressoide_11.9.1_2170/ide/plugins/com.nxp.mcuxpresso.tools.win32_11.9.1.202402080819/tools/bin/../lib/gcc/arm-none-eabi/12.3.1/../../../../arm-none-eabi/lib/thumb/v8-m.main+fp/hard\libcr_c.a(alloc.o) (__heaps)
c:/nxp/mcuxpressoide_11.9.1_2170/ide/plugins/com.nxp.mcuxpresso.tools.win32_11.9.1.202402080819/tools/bin/../lib/gcc/arm-none-eabi/12.3.1/../../../../arm-none-eabi/lib/thumb/v8-m.main+fp/hard\libcr_c.a(_cr_sbrk.o)
[...]
Memory Configuration

Name             Origin             Length             Attributes
PROGRAM_FLASH    0x00000000         0x0009d800         xr
SRAM             0x20000000         0x00040000         xrw
SRAMX            0x04000000         0x00008000         xrw
USB_RAM          0x40100000         0x00004000         xrw
SRAM4            0x20040000         0x00004000         xrw
*default*        0x00000000         0xffffffff

Linker script and memory map

LOAD ./utilities/fsl_assert.o
LOAD ./utilities/fsl_debug_console.o
LOAD ./utilities/fsl_str.o
LOAD ./startup/boot_multicore_slave.o
LOAD ./startup/startup_lpc55s69_cm33_core0.o
LOAD ./source/tests/test_check_prime.o
LOAD ./source/tests/test_memcopy.o
LOAD ./source/src/check_prime.o
LOAD ./source/src/memcopy_functions.o
LOAD ./source/Day3_testing.o
LOAD ./source/semihost_hardfault.o
LOAD ./source/test_utils.o
LOAD ./drivers/fsl_clock.o
LOAD ./drivers/fsl_common.o
LOAD ./drivers/fsl_common_arm.o
LOAD ./drivers/fsl_ctimer.o
LOAD ./drivers/fsl_flexcomm.o
LOAD ./drivers/fsl_gpio.o
LOAD ./drivers/fsl_i2c.o
LOAD ./drivers/fsl_power.o
LOAD ./drivers/fsl_reset.o
LOAD ./drivers/fsl_usart.o
LOAD ./device/system_LPC55S69_cm33_core0.o
LOAD ./component/uart/fsl_adapter_usart.o
LOAD ./component/serial_manager/fsl_component_serial_manager.o
LOAD ./component/serial_manager/fsl_component_serial_port_uart.o
LOAD ./component/lists/fsl_component_generic_list.o
LOAD ./board/board.o
LOAD ./board/clock_config.o
LOAD ./board/peripherals.o
LOAD ./board/pin_mux.o
START GROUP
LOAD c:/nxp/mcuxpressoide_11.9.1_2170/ide/plugins/com.nxp.mcuxpresso.tools.win32_11.9.1.202402080819/tools/bin/../lib/gcc/arm-none-eabi/12.3.1/../../../../arm-none-eabi/lib/thumb/v8-m.main+fp/hard\libcr_nohost_nf.a
LOAD c:/nxp/mcuxpressoide_11.9.1_2170/ide/plugins/com.nxp.mcuxpresso.tools.win32_11.9.1.202402080819/tools/bin/../lib/gcc/arm-none-eabi/12.3.1/../../../../arm-none-eabi/lib/thumb/v8-m.main+fp/hard\libcr_c.a
LOAD c:/nxp/mcuxpressoide_11.9.1_2170/ide/plugins/com.nxp.mcuxpresso.tools.win32_11.9.1.202402080819/tools/bin/../lib/gcc/arm-none-eabi/12.3.1/thumb/v8-m.main+fp/hard\libcr_eabihelpers.a
LOAD c:/nxp/mcuxpressoide_11.9.1_2170/ide/plugins/com.nxp.mcuxpresso.tools.win32_11.9.1.202402080819/tools/bin/../lib/gcc/arm-none-eabi/12.3.1/thumb/v8-m.main+fp/hard\libgcc.a
END GROUP
                0x00000000                        __base_PROGRAM_FLASH = 0x0
                0x00000000                        __base_Flash = 0x0
                0x0009d800                        __top_PROGRAM_FLASH = 0x9d800
                0x0009d800                        __top_Flash = 0x9d800
                0x20000000                        __base_SRAM = 0x20000000
                0x20000000                        __base_RAM = 0x20000000
                0x20040000                        __top_SRAM = 0x20040000
                0x20040000                        __top_RAM = 0x20040000
                0x04000000                        __base_SRAMX = 0x4000000
                0x04000000                        __base_RAM2 = 0x4000000
                0x04008000                        __top_SRAMX = 0x4008000
                0x04008000                        __top_RAM2 = 0x4008000
                0x40100000                        __base_USB_RAM = 0x40100000
                0x40100000                        __base_RAM3 = 0x40100000
                0x40104000                        __top_USB_RAM = 0x40104000
                0x40104000                        __top_RAM3 = 0x40104000
                0x20040000                        __base_SRAM4 = 0x20040000
                0x20040000                        __base_RAM4 = 0x20040000
                0x20044000                        __top_SRAM4 = 0x20044000
                0x20044000                        __top_RAM4 = 0x20044000

.text           0x00000000     0x4e4c
 FILL mask 0xff
                0x00000000                        __vectors_start__ = ABSOLUTE (.)
 *(SORT_BY_ALIGNMENT(.isr_vector))
 .isr_vector    0x00000000      0x130 ./startup/startup_lpc55s69_cm33_core0.o
                0x00000000                g_pfnVectors
                0x00000000                __Vectors
                0x00000130                        . = ALIGN (0x4)
                0x00000130                        __section_table_start = .
                0x00000130                        __data_section_table = .
                0x00000130        0x4 LONG 0x4e4c LOADADDR (.data)
                0x00000134        0x4 LONG 0x20000000 ADDR (.data)
                0x00000138        0x4 LONG 0x8 SIZEOF (.data)
                0x0000013c        0x4 LONG 0x4e4c LOADADDR (.data_RAM2)
                0x00000140        0x4 LONG 0x4000000 ADDR (.data_RAM2)
                0x00000144        0x4 LONG 0x0 SIZEOF (.data_RAM2)
                0x00000148        0x4 LONG 0x4e4c LOADADDR (.data_RAM3)
                0x0000014c        0x4 LONG 0x40100000 ADDR (.data_RAM3)
                0x00000150        0x4 LONG 0x0 SIZEOF (.data_RAM3)
                0x00000154        0x4 LONG 0x4e4c LOADADDR (.data_RAM4)
                0x00000158        0x4 LONG 0x20040000 ADDR (.data_RAM4)
                0x0000015c        0x4 LONG 0x0 SIZEOF (.data_RAM4)
                0x00000160                        __data_section_table_end = .
                0x00000160                        __bss_section_table = .
                0x00000160        0x4 LONG 0x20000008 ADDR (.bss)
                0x00000164        0x4 LONG 0x150 SIZEOF (.bss)
                0x00000168        0x4 LONG 0x4000000 ADDR (.bss_RAM2)
                0x0000016c        0x4 LONG 0x0 SIZEOF (.bss_RAM2)
                0x00000170        0x4 LONG 0x40100000 ADDR (.bss_RAM3)
                0x00000174        0x4 LONG 0x0 SIZEOF (.bss_RAM3)
                0x00000178        0x4 LONG 0x20040000 ADDR (.bss_RAM4)
                0x0000017c        0x4 LONG 0x0 SIZEOF (.bss_RAM4)
                0x00000180                        __bss_section_table_end = .
                0x00000180                        __section_table_end = .
 *(SORT_BY_ALIGNMENT(.after_vectors*))
 .after_vectors.reset
                0x00000180       0x68 ./startup/startup_lpc55s69_cm33_core0.o
                0x00000180                ResetISR
 .after_vectors.init_data
                0x000001e8       0x1e ./startup/startup_lpc55s69_cm33_core0.o
                0x000001e8                data_init
 .after_vectors.init_bss
                0x00000206       0x12 ./startup/startup_lpc55s69_cm33_core0.o
                0x00000206                bss_init
 .after_vectors
                0x00000218       0x16 ./startup/startup_lpc55s69_cm33_core0.o
                0x00000218                NMI_Handler
                0x0000021c                MemManage_Handler
                0x0000021e                BusFault_Handler
                0x00000220                UsageFault_Handler
                0x00000222                SecureFault_Handler
                0x00000224                SVC_Handler
                0x00000226                DebugMon_Handler
                0x00000228                PendSV_Handler
                0x0000022a                SysTick_Handler
                0x0000022c                Reserved56_DriverIRQHandler
                0x0000022c                PIN_INT0_DriverIRQHandler
                0x0000022c                PIN_INT2_DriverIRQHandler
                0x0000022c                PIN_INT3_DriverIRQHandler
                0x0000022c                IntDefaultHandler
                0x0000022c                USB0_DriverIRQHandler
                0x0000022c                CASER_DriverIRQHandler
                0x0000022c                MRT0_DriverIRQHandler
                0x0000022c                UTICK0_DriverIRQHandler
                0x0000022c                Reserved41_DriverIRQHandler
                0x0000022c                PIN_INT4_DriverIRQHandler
                0x0000022c                PIN_INT5_DriverIRQHandler
                0x0000022c                SEC_GPIO_INT0_IRQ0_DriverIRQHandler
                0x0000022c                GINT1_DriverIRQHandler
                0x0000022c                PIN_INT7_DriverIRQHandler
                0x0000022c                Reserved55_DriverIRQHandler
                0x0000022c                SEC_VIO_DriverIRQHandler
                0x0000022c                USB0_NEEDCLK_DriverIRQHandler
                0x0000022c                Reserved42_DriverIRQHandler
                0x0000022c                PIN_INT6_DriverIRQHandler
                0x0000022c                PQ_DriverIRQHandler
                0x0000022c                MAILBOX_DriverIRQHandler
                0x0000022c                PIN_INT1_DriverIRQHandler
                0x0000022c                Reserved61_DriverIRQHandler
                0x0000022c                SEC_GPIO_INT0_IRQ1_DriverIRQHandler
                0x0000022c                PUF_DriverIRQHandler
                0x0000022c                RTC_DriverIRQHandler
                0x0000022c                DMA0_DriverIRQHandler
                0x0000022c                Reserved39_DriverIRQHandler
                0x0000022c                USB1_DriverIRQHandler
                0x0000022c                Reserved60_DriverIRQHandler
                0x0000022c                DMA1_DriverIRQHandler
                0x0000022c                ADC0_DriverIRQHandler
                0x0000022c                USB1_NEEDCLK_DriverIRQHandler
                0x0000022c                Reserved59_DriverIRQHandler
                0x0000022c                SDIO_DriverIRQHandler
                0x0000022c                GINT0_DriverIRQHandler
                0x0000022c                USB1_PHY_DriverIRQHandler
                0x0000022c                ACMP_DriverIRQHandler
                0x0000022c                Reserved57_DriverIRQHandler
                0x0000022c                HASHCRYPT_DriverIRQHandler
                0x0000022c                Reserved46_DriverIRQHandler
                0x0000022c                WDT_BOD_DriverIRQHandler
                0x0000022c                SCT0_DriverIRQHandler
                0x0000022c                PLU_DriverIRQHandler
                0x0000022c                OS_EVENT_DriverIRQHandler
                0x0000022c                SEC_HYPERVISOR_CALL_DriverIRQHandler
 *(SORT_BY_ALIGNMENT(.text*))
 *fill*         0x0000022e        0x2 ff
 .text.__assertion_failed
                0x00000230       0x2c ./utilities/fsl_assert.o
                0x00000230                __assertion_failed
 .text.DbgConsole_SendDataReliable
                0x0000025c       0x54 ./utilities/fsl_debug_console.o
                0x0000025c                DbgConsole_SendDataReliable
 .text.DbgConsole_Init
                0x000002b0      0x138 ./utilities/fsl_debug_console.o
                0x000002b0                DbgConsole_Init
 .text.DbgConsole_Vprintf
                0x000003e8       0x6c ./utilities/fsl_debug_console.o
                0x000003e8                DbgConsole_Vprintf
 .text.test_check_prime
                0x00000454       0xdc ./source/tests/test_check_prime.o
                0x00000454                test_check_prime
 .text.test_memcopy
                0x00000530      0x1a8 ./source/tests/test_memcopy.o
                0x00000530                test_memcopy
 .text.main     0x000006d8      0x130 ./source/Day3_testing.o
                0x000006d8                main
 .text.POWER_EnablePD
                0x00000808       0x20 ./drivers/fsl_clock.o
 .text.POWER_DisablePD
                0x00000828       0x20 ./drivers/fsl_clock.o
 .text.CLOCK_AttachClk
                0x00000848       0xa0 ./drivers/fsl_clock.o
                0x00000848                CLOCK_AttachClk
 .text.CLOCK_SetClkDiv
                0x000008e8       0x80 ./drivers/fsl_clock.o
                0x000008e8                CLOCK_SetClkDiv
 .text.CLOCK_SetupFROClocking
                0x00000968       0x80 ./drivers/fsl_clock.o
                0x00000968                CLOCK_SetupFROClocking
 .text.CLOCK_SetFLASHAccessCyclesForFreq
                0x000009e8      0x17c ./drivers/fsl_clock.o
                0x000009e8                CLOCK_SetFLASHAccessCyclesForFreq
 .text.CLOCK_SetupExtClocking
                0x00000b64       0x64 ./drivers/fsl_clock.o
                0x00000b64                CLOCK_SetupExtClocking
 .text.CLOCK_GetFro1MFreq
                0x00000bc8       0x28 ./drivers/fsl_clock.o
                0x00000bc8                CLOCK_GetFro1MFreq
 .text.CLOCK_GetExtClkFreq
                0x00000bf0       0x2c ./drivers/fsl_clock.o
                0x00000bf0                CLOCK_GetExtClkFreq
 .text.CLOCK_GetOsc32KFreq
                0x00000c1c       0x58 ./drivers/fsl_clock.o
                0x00000c1c                CLOCK_GetOsc32KFreq
 .text.CLOCK_GetPLL0InClockRate
                0x00000c74       0x64 ./drivers/fsl_clock.o
                0x00000c74                CLOCK_GetPLL0InClockRate
 .text.CLOCK_SetPLL0Freq
                0x00000cd8      0x14c ./drivers/fsl_clock.o
                0x00000cd8                CLOCK_SetPLL0Freq
 .text.SDK_DelayAtLeastUs
                0x00000e24       0x8c ./drivers/fsl_common_arm.o
                0x00000e24                SDK_DelayAtLeastUs
 .text.CTIMER_GenericIRQHandler
                0x00000eb0       0xb4 ./drivers/fsl_ctimer.o
 .text.FLEXCOMM_GetInstance
                0x00000f64       0x4c ./drivers/fsl_flexcomm.o
                0x00000f64                FLEXCOMM_GetInstance
 .text.FLEXCOMM_Init
                0x00000fb0       0x50 ./drivers/fsl_flexcomm.o
                0x00000fb0                FLEXCOMM_Init
 .text.FLEXCOMM0_DriverIRQHandler
                0x00001000       0x5c ./drivers/fsl_flexcomm.o
                0x00001000                FLEXCOMM0_DriverIRQHandler
 .text.FLEXCOMM1_DriverIRQHandler
                0x0000105c       0x5c ./drivers/fsl_flexcomm.o
                0x0000105c                FLEXCOMM1_DriverIRQHandler
 .text.FLEXCOMM2_DriverIRQHandler
                0x000010b8       0x5c ./drivers/fsl_flexcomm.o
                0x000010b8                FLEXCOMM2_DriverIRQHandler
 .text.FLEXCOMM3_DriverIRQHandler
                0x00001114       0x5c ./drivers/fsl_flexcomm.o
                0x00001114                FLEXCOMM3_DriverIRQHandler
 .text.FLEXCOMM4_DriverIRQHandler
                0x00001170       0x5c ./drivers/fsl_flexcomm.o
                0x00001170                FLEXCOMM4_DriverIRQHandler
 .text.FLEXCOMM5_DriverIRQHandler
                0x000011cc       0x5c ./drivers/fsl_flexcomm.o
                0x000011cc                FLEXCOMM5_DriverIRQHandler
 .text.FLEXCOMM6_DriverIRQHandler
                0x00001228       0x5c ./drivers/fsl_flexcomm.o
                0x00001228                FLEXCOMM6_DriverIRQHandler
 .text.FLEXCOMM7_DriverIRQHandler
                0x00001284       0x5c ./drivers/fsl_flexcomm.o
                0x00001284                FLEXCOMM7_DriverIRQHandler
 .text.FLEXCOMM8_DriverIRQHandler
                0x000012e0       0x5c ./drivers/fsl_flexcomm.o
                0x000012e0                FLEXCOMM8_DriverIRQHandler
 .text.lowpower_set_system_voltage
                0x0000133c      0x154 ./drivers/fsl_power.o
 .text.lowpower_set_dcdc_power_profile
                0x00001490       0xec ./drivers/fsl_power.o
 .text.lowpower_get_part_process_corner
                0x0000157c       0x94 ./drivers/fsl_power.o
 .text.POWER_SetVoltageForFreq
                0x00001610       0x50 ./drivers/fsl_power.o
                0x00001610                POWER_SetVoltageForFreq
 .text.RESET_SetPeripheralReset
                0x00001660       0x5c ./drivers/fsl_reset.o
                0x00001660                RESET_SetPeripheralReset
 .text.RESET_ClearPeripheralReset
                0x000016bc       0x60 ./drivers/fsl_reset.o
                0x000016bc                RESET_ClearPeripheralReset
 .text.USART_Init
                0x0000171c      0x1cc ./drivers/fsl_usart.o
                0x0000171c                USART_Init
 .text.USART_GetDefaultConfig
                0x000018e8       0x80 ./drivers/fsl_usart.o
                0x000018e8                USART_GetDefaultConfig
 .text.USART_SetBaudRate
                0x00001968      0x18c ./drivers/fsl_usart.o
                0x00001968                USART_SetBaudRate
 .text.USART_WriteBlocking
                0x00001af4       0x8c ./drivers/fsl_usart.o
                0x00001af4                USART_WriteBlocking
 .text.USART_ReadBlocking
                0x00001b80      0x104 ./drivers/fsl_usart.o
                0x00001b80                USART_ReadBlocking
 .text.SystemInit
                0x00001c84       0x64 ./device/system_LPC55S69_cm33_core0.o
                0x00001c84                SystemInit
 .text.HAL_UartInitCommon
                0x00001ce8      0x110 ./component/uart/fsl_adapter_usart.o
 .text.HAL_UartSendBlocking
                0x00001df8       0x64 ./component/uart/fsl_adapter_usart.o
                0x00001df8                HAL_UartSendBlocking
 .text.BOARD_InitDebugConsole
                0x00001e5c       0x38 ./board/board.o
                0x00001e5c                BOARD_InitDebugConsole
 .text.POWER_DisablePD
                0x00001e94       0x20 ./board/clock_config.o
 .text.BOARD_BootClockPLL150M
                0x00001eb4       0xe0 ./board/clock_config.o
                0x00001eb4                BOARD_BootClockPLL150M
 .text.BOARD_InitDEBUG_UARTPins
                0x00001f94       0x3c ./board/pin_mux.o
                0x00001f94                BOARD_InitDEBUG_UARTPins
 .text.malloc   0x00001fd0       0xe8 c:/nxp/mcuxpressoide_11.9.1_2170/ide/plugins/com.nxp.mcuxpresso.tools.win32_11.9.1.202402080819/tools/bin/../lib/gcc/arm-none-eabi/12.3.1/../../../../arm-none-eabi/lib/thumb/v8-m.main+fp/hard\libcr_c.a(alloc.o)
                0x00001fd0                malloc
 .text._Csys_alloc
                0x000020b8       0x20 c:/nxp/mcuxpressoide_11.9.1_2170/ide/plugins/com.nxp.mcuxpresso.tools.win32_11.9.1.202402080819/tools/bin/../lib/gcc/arm-none-eabi/12.3.1/../../../../arm-none-eabi/lib/thumb/v8-m.main+fp/hard\libcr_c.a(alloc.o)
                0x000020b8                _Csys_alloc
 .text._initio  0x000020d8       0x78 c:/nxp/mcuxpressoide_11.9.1_2170/ide/plugins/com.nxp.mcuxpresso.tools.win32_11.9.1.202402080819/tools/bin/../lib/gcc/arm-none-eabi/12.3.1/../../../../arm-none-eabi/lib/thumb/v8-m.main+fp/hard\libcr_c.a(initio.o)
                0x000020d8                _initio
 .text.__vfprintf
                0x00002150      0xb78 c:/nxp/mcuxpressoide_11.9.1_2170/ide/plugins/com.nxp.mcuxpresso.tools.win32_11.9.1.202402080819/tools/bin/../lib/gcc/arm-none-eabi/12.3.1/../../../../arm-none-eabi/lib/thumb/v8-m.main+fp/hard\libcr_c.a(printf.o)
                0x00002150                __vfprintf
 .text._sprintf
                0x00002cc8       0x6c c:/nxp/mcuxpressoide_11.9.1_2170/ide/plugins/com.nxp.mcuxpresso.tools.win32_11.9.1.202402080819/tools/bin/../lib/gcc/arm-none-eabi/12.3.1/../../../../arm-none-eabi/lib/thumb/v8-m.main+fp/hard\libcr_c.a(printf.o)
                0x00002cc8                _sprintf
 .text._sbrk    0x00002d34       0x3c c:/nxp/mcuxpressoide_11.9.1_2170/ide/plugins/com.nxp.mcuxpresso.tools.win32_11.9.1.202402080819/tools/bin/../lib/gcc/arm-none-eabi/12.3.1/../../../../arm-none-eabi/lib/thumb/v8-m.main+fp/hard\libcr_c.a(_cr_sbrk.o)
                0x00002d34                _sbrk
 .text._Cwritebuf
                0x00002d70       0x6c c:/nxp/mcuxpressoide_11.9.1_2170/ide/plugins/com.nxp.mcuxpresso.tools.win32_11.9.1.202402080819/tools/bin/../lib/gcc/arm-none-eabi/12.3.1/../../../../arm-none-eabi/lib/thumb/v8-m.main+fp/hard\libcr_c.a(_writebuf.o)
                0x00002d70                _Cwritebuf
 .text.fflush   0x00002ddc       0x3c c:/nxp/mcuxpressoide_11.9.1_2170/ide/plugins/com.nxp.mcuxpresso.tools.win32_11.9.1.202402080819/tools/bin/../lib/gcc/arm-none-eabi/12.3.1/../../../../arm-none-eabi/lib/thumb/v8-m.main+fp/hard\libcr_c.a(fflush.o)
                0x00002ddc                fflush
 .text.fseek    0x00002e18       0xf8 c:/nxp/mcuxpressoide_11.9.1_2170/ide/plugins/com.nxp.mcuxpresso.tools.win32_11.9.1.202402080819/tools/bin/../lib/gcc/arm-none-eabi/12.3.1/../../../../arm-none-eabi/lib/thumb/v8-m.main+fp/hard\libcr_c.a(fseek.o)
                0x00002e18                fseek
 .text.ftell    0x00002f10       0x44 c:/nxp/mcuxpressoide_11.9.1_2170/ide/plugins/com.nxp.mcuxpresso.tools.win32_11.9.1.202402080819/tools/bin/../lib/gcc/arm-none-eabi/12.3.1/../../../../arm-none-eabi/lib/thumb/v8-m.main+fp/hard\libcr_c.a(ftell.o)
                0x00002f10                ftell
 .text.__check_heap_overflow
                0x00002f54       0x18 c:/nxp/mcuxpressoide_11.9.1_2170/ide/plugins/com.nxp.mcuxpresso.tools.win32_11.9.1.202402080819/tools/bin/../lib/gcc/arm-none-eabi/12.3.1/../../../../arm-none-eabi/lib/thumb/v8-m.main+fp/hard\libcr_c.a(_cr_check_heap.o)
                0x00002f54                __check_heap_overflow
 .text.fsl_assert_hook
                0x00002f6c       0x1a ./utilities/fsl_assert.o
                0x00002f6c                fsl_assert_hook
 .text.DbgConsole_PrintCallback
                0x00002f86       0x66 ./utilities/fsl_debug_console.o
 .text.DbgConsole_Printf
                0x00002fec       0x2c ./utilities/fsl_debug_console.o
                0x00002fec                DbgConsole_Printf
 .text.PrintGetWidth
                0x00003018       0x6a ./utilities/fsl_str.o
 .text.PrintGetPrecision
                0x00003082       0x8c ./utilities/fsl_str.o
 .text.PrintIsobpu
                0x0000310e       0x38 ./utilities/fsl_str.o
 .text.PrintIsdi
                0x00003146       0x2c ./utilities/fsl_str.o
 .text.PrintOutputdifFobpu
                0x00003172       0x44 ./utilities/fsl_str.o
 .text.PrintOutputxX
                0x000031b6       0x44 ./utilities/fsl_str.o
 .text.PrintIsfF
                0x000031fa       0x2c ./utilities/fsl_str.o
 .text.PrintIsxX
                0x00003226       0x2c ./utilities/fsl_str.o
 .text.PrintFilterLengthFlag
                0x00003252       0x3e ./utilities/fsl_str.o
 .text.PrintGetRadixFromobpu
                0x00003290       0x40 ./utilities/fsl_str.o
 .text.ConvertRadixNumToString
                0x000032d0       0xc2 ./utilities/fsl_str.o
 .text.StrFormatExaminedi
                0x00003392       0x26 ./utilities/fsl_str.o
 .text.StrFormatExaminexX
                0x000033b8       0x26 ./utilities/fsl_str.o
 .text.StrFormatExamineobpu
                0x000033de       0x26 ./utilities/fsl_str.o
 .text.ConvertPrecisionWidthToLength
                0x00003404       0x20 ./utilities/fsl_str.o
 .text.StrFormatPrintf
                0x00003424      0x2bc ./utilities/fsl_str.o
                0x00003424                StrFormatPrintf
 .text.WDT_BOD_IRQHandler
                0x000036e0        0x8 ./startup/startup_lpc55s69_cm33_core0.o
                0x000036e0                WDT_BOD_IRQHandler
 .text.DMA0_IRQHandler
                0x000036e8        0x8 ./startup/startup_lpc55s69_cm33_core0.o
                0x000036e8                DMA0_IRQHandler
 .text.GINT0_IRQHandler
                0x000036f0        0x8 ./startup/startup_lpc55s69_cm33_core0.o
                0x000036f0                GINT0_IRQHandler
 .text.GINT1_IRQHandler
                0x000036f8        0x8 ./startup/startup_lpc55s69_cm33_core0.o
                0x000036f8                GINT1_IRQHandler
 .text.PIN_INT0_IRQHandler
                0x00003700        0x8 ./startup/startup_lpc55s69_cm33_core0.o
                0x00003700                PIN_INT0_IRQHandler
 .text.PIN_INT1_IRQHandler
                0x00003708        0x8 ./startup/startup_lpc55s69_cm33_core0.o
                0x00003708                PIN_INT1_IRQHandler
 .text.PIN_INT2_IRQHandler
                0x00003710        0x8 ./startup/startup_lpc55s69_cm33_core0.o
                0x00003710                PIN_INT2_IRQHandler
 .text.PIN_INT3_IRQHandler
                0x00003718        0x8 ./startup/startup_lpc55s69_cm33_core0.o
                0x00003718                PIN_INT3_IRQHandler
 .text.UTICK0_IRQHandler
                0x00003720        0x8 ./startup/startup_lpc55s69_cm33_core0.o
                0x00003720                UTICK0_IRQHandler
 .text.MRT0_IRQHandler
                0x00003728        0x8 ./startup/startup_lpc55s69_cm33_core0.o
                0x00003728                MRT0_IRQHandler
 .text.CTIMER0_IRQHandler
                0x00003730        0x8 ./startup/startup_lpc55s69_cm33_core0.o
                0x00003730                CTIMER0_IRQHandler
 .text.CTIMER1_IRQHandler
                0x00003738        0x8 ./startup/startup_lpc55s69_cm33_core0.o
                0x00003738                CTIMER1_IRQHandler
 .text.SCT0_IRQHandler
                0x00003740        0x8 ./startup/startup_lpc55s69_cm33_core0.o
                0x00003740                SCT0_IRQHandler
 .text.CTIMER3_IRQHandler
                0x00003748        0x8 ./startup/startup_lpc55s69_cm33_core0.o
                0x00003748                CTIMER3_IRQHandler
 .text.FLEXCOMM0_IRQHandler
                0x00003750        0x8 ./startup/startup_lpc55s69_cm33_core0.o
                0x00003750                FLEXCOMM0_IRQHandler
 .text.FLEXCOMM1_IRQHandler
                0x00003758        0x8 ./startup/startup_lpc55s69_cm33_core0.o
                0x00003758                FLEXCOMM1_IRQHandler
 .text.FLEXCOMM2_IRQHandler
                0x00003760        0x8 ./startup/startup_lpc55s69_cm33_core0.o
                0x00003760                FLEXCOMM2_IRQHandler
 .text.FLEXCOMM3_IRQHandler
                0x00003768        0x8 ./startup/startup_lpc55s69_cm33_core0.o
                0x00003768                FLEXCOMM3_IRQHandler
 .text.FLEXCOMM4_IRQHandler
                0x00003770        0x8 ./startup/startup_lpc55s69_cm33_core0.o
                0x00003770                FLEXCOMM4_IRQHandler
 .text.FLEXCOMM5_IRQHandler
                0x00003778        0x8 ./startup/startup_lpc55s69_cm33_core0.o
                0x00003778                FLEXCOMM5_IRQHandler
 .text.FLEXCOMM6_IRQHandler
                0x00003780        0x8 ./startup/startup_lpc55s69_cm33_core0.o
                0x00003780                FLEXCOMM6_IRQHandler
 .text.FLEXCOMM7_IRQHandler
                0x00003788        0x8 ./startup/startup_lpc55s69_cm33_core0.o
                0x00003788                FLEXCOMM7_IRQHandler
 .text.ADC0_IRQHandler
                0x00003790        0x8 ./startup/startup_lpc55s69_cm33_core0.o
                0x00003790                ADC0_IRQHandler
 .text.Reserved39_IRQHandler
                0x00003798        0x8 ./startup/startup_lpc55s69_cm33_core0.o
                0x00003798                Reserved39_IRQHandler
 .text.ACMP_IRQHandler
                0x000037a0        0x8 ./startup/startup_lpc55s69_cm33_core0.o
                0x000037a0                ACMP_IRQHandler
 .text.Reserved41_IRQHandler
                0x000037a8        0x8 ./startup/startup_lpc55s69_cm33_core0.o
                0x000037a8                Reserved41_IRQHandler
 .text.Reserved42_IRQHandler
                0x000037b0        0x8 ./startup/startup_lpc55s69_cm33_core0.o
                0x000037b0                Reserved42_IRQHandler
 .text.USB0_NEEDCLK_IRQHandler
                0x000037b8        0x8 ./startup/startup_lpc55s69_cm33_core0.o
                0x000037b8                USB0_NEEDCLK_IRQHandler
 .text.USB0_IRQHandler
                0x000037c0        0x8 ./startup/startup_lpc55s69_cm33_core0.o
                0x000037c0                USB0_IRQHandler
 .text.RTC_IRQHandler
                0x000037c8        0x8 ./startup/startup_lpc55s69_cm33_core0.o
                0x000037c8                RTC_IRQHandler
 .text.Reserved46_IRQHandler
                0x000037d0        0x8 ./startup/startup_lpc55s69_cm33_core0.o
                0x000037d0                Reserved46_IRQHandler
 .text.MAILBOX_IRQHandler
                0x000037d8        0x8 ./startup/startup_lpc55s69_cm33_core0.o
                0x000037d8                MAILBOX_IRQHandler
 .text.PIN_INT4_IRQHandler
                0x000037e0        0x8 ./startup/startup_lpc55s69_cm33_core0.o
                0x000037e0                PIN_INT4_IRQHandler
 .text.PIN_INT5_IRQHandler
                0x000037e8        0x8 ./startup/startup_lpc55s69_cm33_core0.o
                0x000037e8                PIN_INT5_IRQHandler
 .text.PIN_INT6_IRQHandler
                0x000037f0        0x8 ./startup/startup_lpc55s69_cm33_core0.o
                0x000037f0                PIN_INT6_IRQHandler
 .text.PIN_INT7_IRQHandler
                0x000037f8        0x8 ./startup/startup_lpc55s69_cm33_core0.o
                0x000037f8                PIN_INT7_IRQHandler
 .text.CTIMER2_IRQHandler
                0x00003800        0x8 ./startup/startup_lpc55s69_cm33_core0.o
                0x00003800                CTIMER2_IRQHandler
 .text.CTIMER4_IRQHandler
                0x00003808        0x8 ./startup/startup_lpc55s69_cm33_core0.o
                0x00003808                CTIMER4_IRQHandler
 .text.OS_EVENT_IRQHandler
                0x00003810        0x8 ./startup/startup_lpc55s69_cm33_core0.o
                0x00003810                OS_EVENT_IRQHandler
 .text.Reserved55_IRQHandler
                0x00003818        0x8 ./startup/startup_lpc55s69_cm33_core0.o
                0x00003818                Reserved55_IRQHandler
 .text.Reserved56_IRQHandler
                0x00003820        0x8 ./startup/startup_lpc55s69_cm33_core0.o
                0x00003820                Reserved56_IRQHandler
 .text.Reserved57_IRQHandler
                0x00003828        0x8 ./startup/startup_lpc55s69_cm33_core0.o
                0x00003828                Reserved57_IRQHandler
 .text.SDIO_IRQHandler
                0x00003830        0x8 ./startup/startup_lpc55s69_cm33_core0.o
                0x00003830                SDIO_IRQHandler
 .text.Reserved59_IRQHandler
                0x00003838        0x8 ./startup/startup_lpc55s69_cm33_core0.o
                0x00003838                Reserved59_IRQHandler
 .text.Reserved60_IRQHandler
                0x00003840        0x8 ./startup/startup_lpc55s69_cm33_core0.o
                0x00003840                Reserved60_IRQHandler
 .text.Reserved61_IRQHandler
                0x00003848        0x8 ./startup/startup_lpc55s69_cm33_core0.o
                0x00003848                Reserved61_IRQHandler
 .text.USB1_PHY_IRQHandler
                0x00003850        0x8 ./startup/startup_lpc55s69_cm33_core0.o
                0x00003850                USB1_PHY_IRQHandler
 .text.USB1_IRQHandler
                0x00003858        0x8 ./startup/startup_lpc55s69_cm33_core0.o
                0x00003858                USB1_IRQHandler
 .text.USB1_NEEDCLK_IRQHandler
                0x00003860        0x8 ./startup/startup_lpc55s69_cm33_core0.o
                0x00003860                USB1_NEEDCLK_IRQHandler
 .text.SEC_HYPERVISOR_CALL_IRQHandler
                0x00003868        0x8 ./startup/startup_lpc55s69_cm33_core0.o
                0x00003868                SEC_HYPERVISOR_CALL_IRQHandler
 .text.SEC_GPIO_INT0_IRQ0_IRQHandler
                0x00003870        0x8 ./startup/startup_lpc55s69_cm33_core0.o
                0x00003870                SEC_GPIO_INT0_IRQ0_IRQHandler
 .text.SEC_GPIO_INT0_IRQ1_IRQHandler
                0x00003878        0x8 ./startup/startup_lpc55s69_cm33_core0.o
                0x00003878                SEC_GPIO_INT0_IRQ1_IRQHandler
 .text.PLU_IRQHandler
                0x00003880        0x8 ./startup/startup_lpc55s69_cm33_core0.o
                0x00003880                PLU_IRQHandler
 .text.SEC_VIO_IRQHandler
                0x00003888        0x8 ./startup/startup_lpc55s69_cm33_core0.o
                0x00003888                SEC_VIO_IRQHandler
 .text.HASHCRYPT_IRQHandler
                0x00003890        0x8 ./startup/startup_lpc55s69_cm33_core0.o
                0x00003890                HASHCRYPT_IRQHandler
 .text.CASER_IRQHandler
                0x00003898        0x8 ./startup/startup_lpc55s69_cm33_core0.o
                0x00003898                CASER_IRQHandler
 .text.PUF_IRQHandler
                0x000038a0        0x8 ./startup/startup_lpc55s69_cm33_core0.o
                0x000038a0                PUF_IRQHandler
 .text.PQ_IRQHandler
                0x000038a8        0x8 ./startup/startup_lpc55s69_cm33_core0.o
                0x000038a8                PQ_IRQHandler
 .text.DMA1_IRQHandler
                0x000038b0        0x8 ./startup/startup_lpc55s69_cm33_core0.o
                0x000038b0                DMA1_IRQHandler
 .text.FLEXCOMM8_IRQHandler
                0x000038b8        0x8 ./startup/startup_lpc55s69_cm33_core0.o
                0x000038b8                FLEXCOMM8_IRQHandler
 .text.check_prime
                0x000038c0       0x50 ./source/src/check_prime.o
                0x000038c0                check_prime
 .text.memcopy_1
                0x00003910       0x40 ./source/src/memcopy_functions.o
                0x00003910                memcopy_1
 .text.memcopy_2
                0x00003950       0x30 ./source/src/memcopy_functions.o
                0x00003950                memcopy_2
 .text.memcopy_3
                0x00003980       0x40 ./source/src/memcopy_functions.o
                0x00003980                memcopy_3
 .text.CLOCK_EnableClock
                0x000039c0       0x30 ./source/Day3_testing.o
 .text.HardFault_Handler
                0x000039f0       0x36 ./source/semihost_hardfault.o
                0x000039f0                HardFault_Handler
 .text.test_fencing
                0x00003a26       0x5a ./source/test_utils.o
                0x00003a26                test_fencing
 .text.test_check_result
                0x00003a80       0x48 ./source/test_utils.o
                0x00003a80                test_check_result
 .text.test_add_fencing
                0x00003ac8       0x4e ./source/test_utils.o
                0x00003ac8                test_add_fencing
 .text.CLOCK_IsPLL0Locked
                0x00003b16       0x24 ./drivers/fsl_clock.o
 .text.findPll0PreDiv
                0x00003b3a       0x3e ./drivers/fsl_clock.o
 .text.DelayLoop
                0x00003b78       0x20 ./drivers/fsl_common_arm.o
 .text.CTIMER_GetStatusFlags
                0x00003b98       0x18 ./drivers/fsl_ctimer.o
 .text.CTIMER_ClearStatusFlags
                0x00003bb0       0x1c ./drivers/fsl_ctimer.o
 .text.CTIMER0_DriverIRQHandler
                0x00003bcc        0xe ./drivers/fsl_ctimer.o
                0x00003bcc                CTIMER0_DriverIRQHandler
 .text.CTIMER1_DriverIRQHandler
                0x00003bda        0xe ./drivers/fsl_ctimer.o
                0x00003bda                CTIMER1_DriverIRQHandler
 .text.CTIMER2_DriverIRQHandler
                0x00003be8        0xe ./drivers/fsl_ctimer.o
                0x00003be8                CTIMER2_DriverIRQHandler
 .text.CTIMER3_DriverIRQHandler
                0x00003bf6        0xe ./drivers/fsl_ctimer.o
                0x00003bf6                CTIMER3_DriverIRQHandler
 .text.CTIMER4_DriverIRQHandler
                0x00003c04        0xe ./drivers/fsl_ctimer.o
                0x00003c04                CTIMER4_DriverIRQHandler
 .text.CLOCK_EnableClock
                0x00003c12       0x30 ./drivers/fsl_flexcomm.o
 .text.FLEXCOMM_PeripheralIsPresent
                0x00003c42       0x64 ./drivers/fsl_flexcomm.o
 .text.FLEXCOMM_SetPeriph
                0x00003ca6       0x74 ./drivers/fsl_flexcomm.o
 .text.lowpower_set_voltage_for_process
                0x00003d1a       0xaa ./drivers/fsl_power.o
 .text.RESET_PeripheralReset
                0x00003dc4       0x1c ./drivers/fsl_reset.o
                0x00003dc4                RESET_PeripheralReset
 .text.USART_EnableContinuousSCLK
                0x00003de0       0x38 ./drivers/fsl_usart.o
 .text.SystemInitHook
                0x00003e18        0xe ./device/system_LPC55S69_cm33_core0.o
                0x00003e18                SystemInitHook
 .text.HAL_UartGetStatus
                0x00003e26       0x22 ./component/uart/fsl_adapter_usart.o
 .text.HAL_UartInit
                0x00003e48       0x36 ./component/uart/fsl_adapter_usart.o
                0x00003e48                HAL_UartInit
 .text.DisableGlobalIRQ
                0x00003e7e       0x22 ./component/serial_manager/fsl_component_serial_manager.o
 .text.EnableGlobalIRQ
                0x00003ea0       0x20 ./component/serial_manager/fsl_component_serial_manager.o
 .text.SerialManager_StartWriting
                0x00003ec0       0x38 ./component/serial_manager/fsl_component_serial_manager.o
 .text.SerialManager_Write
                0x00003ef8       0x44 ./component/serial_manager/fsl_component_serial_manager.o
 .text.SerialManager_Init
                0x00003f3c       0x60 ./component/serial_manager/fsl_component_serial_manager.o
                0x00003f3c                SerialManager_Init
 .text.SerialManager_OpenWriteHandle
                0x00003f9c       0x50 ./component/serial_manager/fsl_component_serial_manager.o
                0x00003f9c                SerialManager_OpenWriteHandle
 .text.SerialManager_OpenReadHandle
                0x00003fec       0x60 ./component/serial_manager/fsl_component_serial_manager.o
                0x00003fec                SerialManager_OpenReadHandle
 .text.SerialManager_WriteBlocking
                0x0000404c       0x20 ./component/serial_manager/fsl_component_serial_manager.o
                0x0000404c                SerialManager_WriteBlocking
 .text.Serial_UartInit
                0x0000406c       0x3e ./component/serial_manager/fsl_component_serial_port_uart.o
                0x0000406c                Serial_UartInit
 .text.Serial_UartWrite
                0x000040aa       0x38 ./component/serial_manager/fsl_component_serial_port_uart.o
                0x000040aa                Serial_UartWrite
 .text.BOARD_InitBootClocks
                0x000040e2        0xc ./board/clock_config.o
                0x000040e2                BOARD_InitBootClocks
 .text.BOARD_InitPeripherals_cm33_core0
                0x000040ee        0xe ./board/peripherals.o
                0x000040ee                BOARD_InitPeripherals_cm33_core0
 .text.BOARD_InitBootPeripherals
                0x000040fc        0xc ./board/peripherals.o
                0x000040fc                BOARD_InitBootPeripherals
 .text.CLOCK_EnableClock
                0x00004108       0x30 ./board/pin_mux.o
 .text.IOCON_PinMuxSet
                0x00004138       0x2e ./board/pin_mux.o
 .text.BOARD_InitBootPins
                0x00004166        0xc ./board/pin_mux.o
                0x00004166                BOARD_InitBootPins
 .text.__main   0x00004172        0xe c:/nxp/mcuxpressoide_11.9.1_2170/ide/plugins/com.nxp.mcuxpresso.tools.win32_11.9.1.202402080819/tools/bin/../lib/gcc/arm-none-eabi/12.3.1/../../../../arm-none-eabi/lib/thumb/v8-m.main+fp/hard\libcr_nohost_nf.a(_cr__main.o)
                0x00004172                __main
 .text.memcpy   0x00004180        0x4 c:/nxp/mcuxpressoide_11.9.1_2170/ide/plugins/com.nxp.mcuxpresso.tools.win32_11.9.1.202402080819/tools/bin/../lib/gcc/arm-none-eabi/12.3.1/../../../../arm-none-eabi/lib/thumb/v8-m.main+fp/hard\libcr_c.a(memcpy.o)
                0x00004180                memcpy
 .text.memset   0x00004184        0x4 c:/nxp/mcuxpressoide_11.9.1_2170/ide/plugins/com.nxp.mcuxpresso.tools.win32_11.9.1.202402080819/tools/bin/../lib/gcc/arm-none-eabi/12.3.1/../../../../arm-none-eabi/lib/thumb/v8-m.main+fp/hard\libcr_c.a(memset.o)
                0x00004184                memset
 .text.free     0x00004188       0x30 c:/nxp/mcuxpressoide_11.9.1_2170/ide/plugins/com.nxp.mcuxpresso.tools.win32_11.9.1.202402080819/tools/bin/../lib/gcc/arm-none-eabi/12.3.1/../../../../arm-none-eabi/lib/thumb/v8-m.main+fp/hard\libcr_c.a(alloc.o)
                0x00004188                free
 .text.no_fp_display
                0x000041b8        0x4 c:/nxp/mcuxpressoide_11.9.1_2170/ide/plugins/com.nxp.mcuxpresso.tools.win32_11.9.1.202402080819/tools/bin/../lib/gcc/arm-none-eabi/12.3.1/../../../../arm-none-eabi/lib/thumb/v8-m.main+fp/hard\libcr_c.a(printf.o)
 .text.setvbuf  0x000041bc       0x3e c:/nxp/mcuxpressoide_11.9.1_2170/ide/plugins/com.nxp.mcuxpresso.tools.win32_11.9.1.202402080819/tools/bin/../lib/gcc/arm-none-eabi/12.3.1/../../../../arm-none-eabi/lib/thumb/v8-m.main+fp/hard\libcr_c.a(setvbuf.o)
                0x000041bc                setvbuf
 .text.strlen   0x000041fa       0x4e c:/nxp/mcuxpressoide_11.9.1_2170/ide/plugins/com.nxp.mcuxpresso.tools.win32_11.9.1.202402080819/tools/bin/../lib/gcc/arm-none-eabi/12.3.1/../../../../arm-none-eabi/lib/thumb/v8-m.main+fp/hard\libcr_c.a(strlen.o)
                0x000041fa                strlen
 .text._deferredlazyseek
                0x00004248       0x40 c:/nxp/mcuxpressoide_11.9.1_2170/ide/plugins/com.nxp.mcuxpresso.tools.win32_11.9.1.202402080819/tools/bin/../lib/gcc/arm-none-eabi/12.3.1/../../../../arm-none-eabi/lib/thumb/v8-m.main+fp/hard\libcr_c.a(_deferredlazyseek.o)
                0x00004248                _deferredlazyseek
 .text.__flsbuf
                0x00004288      0x140 c:/nxp/mcuxpressoide_11.9.1_2170/ide/plugins/com.nxp.mcuxpresso.tools.win32_11.9.1.202402080819/tools/bin/../lib/gcc/arm-none-eabi/12.3.1/../../../../arm-none-eabi/lib/thumb/v8-m.main+fp/hard\libcr_c.a(_deferredlazyseek.o)
                0x00004288                __flsbuf
 .text._fdopen  0x000043c8       0x68 c:/nxp/mcuxpressoide_11.9.1_2170/ide/plugins/com.nxp.mcuxpresso.tools.win32_11.9.1.202402080819/tools/bin/../lib/gcc/arm-none-eabi/12.3.1/../../../../arm-none-eabi/lib/thumb/v8-m.main+fp/hard\libcr_c.a(_fdopen.o)
                0x000043c8                _fdopen
 .text._fflush  0x00004430       0x52 c:/nxp/mcuxpressoide_11.9.1_2170/ide/plugins/com.nxp.mcuxpresso.tools.win32_11.9.1.202402080819/tools/bin/../lib/gcc/arm-none-eabi/12.3.1/../../../../arm-none-eabi/lib/thumb/v8-m.main+fp/hard\libcr_c.a(_fflush.o)
                0x00004430                _fflush
 .text.fclose   0x00004482       0x58 c:/nxp/mcuxpressoide_11.9.1_2170/ide/plugins/com.nxp.mcuxpresso.tools.win32_11.9.1.202402080819/tools/bin/../lib/gcc/arm-none-eabi/12.3.1/../../../../arm-none-eabi/lib/thumb/v8-m.main+fp/hard\libcr_c.a(fclose.o)
                0x00004482                fclose
 .text.remove   0x000044da       0x14 c:/nxp/mcuxpressoide_11.9.1_2170/ide/plugins/com.nxp.mcuxpresso.tools.win32_11.9.1.202402080819/tools/bin/../lib/gcc/arm-none-eabi/12.3.1/../../../../arm-none-eabi/lib/thumb/v8-m.main+fp/hard\libcr_c.a(remove.o)
                0x000044da                remove
 .text._do_fflush
                0x000044ee       0x40 c:/nxp/mcuxpressoide_11.9.1_2170/ide/plugins/com.nxp.mcuxpresso.tools.win32_11.9.1.202402080819/tools/bin/../lib/gcc/arm-none-eabi/12.3.1/../../../../arm-none-eabi/lib/thumb/v8-m.main+fp/hard\libcr_c.a(_do_fflush.o)
                0x000044ee                _do_fflush
 .text.__aeabi_division_uldivmod
                0x0000452e      0x174 c:/nxp/mcuxpressoide_11.9.1_2170/ide/plugins/com.nxp.mcuxpresso.tools.win32_11.9.1.202402080819/tools/bin/../lib/gcc/arm-none-eabi/12.3.1/thumb/v8-m.main+fp/hard\libcr_eabihelpers.a(division_64.o)
                0x0000452e                __aeabi_uldivmod
                0x00004532                __bhs_ldivmod1
 .text.__aeabi_division_idiv0
                0x000046a2        0x2 c:/nxp/mcuxpressoide_11.9.1_2170/ide/plugins/com.nxp.mcuxpresso.tools.win32_11.9.1.202402080819/tools/bin/../lib/gcc/arm-none-eabi/12.3.1/thumb/v8-m.main+fp/hard\libcr_eabihelpers.a(division_idiv0.o)
                0x000046a2                __aeabi_idiv0
 .text.__aeabi_memcpy
                0x000046a4       0x34 c:/nxp/mcuxpressoide_11.9.1_2170/ide/plugins/com.nxp.mcuxpresso.tools.win32_11.9.1.202402080819/tools/bin/../lib/gcc/arm-none-eabi/12.3.1/thumb/v8-m.main+fp/hard\libcr_eabihelpers.a(memcpy.o)
                0x000046a4                __aeabi_memcpy
                0x000046ae                __aeabi_memcpy8
                0x000046ae                __aeabi_memcpy4
 .text.__aeabi_memset_lowlevel
                0x000046d8       0x32 c:/nxp/mcuxpressoide_11.9.1_2170/ide/plugins/com.nxp.mcuxpresso.tools.win32_11.9.1.202402080819/tools/bin/../lib/gcc/arm-none-eabi/12.3.1/thumb/v8-m.main+fp/hard\libcr_eabihelpers.a(memcpy.o)
                0x000046d8                __aeabi_lowlevel_memset
 .text.__sys_appexit
                0x0000470a        0x2 c:/nxp/mcuxpressoide_11.9.1_2170/ide/plugins/com.nxp.mcuxpresso.tools.win32_11.9.1.202402080819/tools/bin/../lib/gcc/arm-none-eabi/12.3.1/../../../../arm-none-eabi/lib/thumb/v8-m.main+fp/hard\libcr_nohost_nf.a(__sys_appexit.o)
                0x0000470a                __sys_appexit
                0x0000470a                __exit
 .text.__sys_close
                0x0000470c        0x6 c:/nxp/mcuxpressoide_11.9.1_2170/ide/plugins/com.nxp.mcuxpresso.tools.win32_11.9.1.202402080819/tools/bin/../lib/gcc/arm-none-eabi/12.3.1/../../../../arm-none-eabi/lib/thumb/v8-m.main+fp/hard\libcr_nohost_nf.a(__sys_close.o)
                0x0000470c                __sys_close
 .text.__sys_flen
                0x00004712        0x6 c:/nxp/mcuxpressoide_11.9.1_2170/ide/plugins/com.nxp.mcuxpresso.tools.win32_11.9.1.202402080819/tools/bin/../lib/gcc/arm-none-eabi/12.3.1/../../../../arm-none-eabi/lib/thumb/v8-m.main+fp/hard\libcr_nohost_nf.a(__sys_flen.o)
                0x00004712                __sys_flen
 .text.__sys_istty
                0x00004718        0x6 c:/nxp/mcuxpressoide_11.9.1_2170/ide/plugins/com.nxp.mcuxpresso.tools.win32_11.9.1.202402080819/tools/bin/../lib/gcc/arm-none-eabi/12.3.1/../../../../arm-none-eabi/lib/thumb/v8-m.main+fp/hard\libcr_nohost_nf.a(__sys_istty.o)
                0x00004718                __sys_istty
 .text.__sys_remove
                0x0000471e        0x6 c:/nxp/mcuxpressoide_11.9.1_2170/ide/plugins/com.nxp.mcuxpresso.tools.win32_11.9.1.202402080819/tools/bin/../lib/gcc/arm-none-eabi/12.3.1/../../../../arm-none-eabi/lib/thumb/v8-m.main+fp/hard\libcr_nohost_nf.a(__sys_remove.o)
                0x0000471e                __sys_remove
 .text.__sys_seek
                0x00004724        0x6 c:/nxp/mcuxpressoide_11.9.1_2170/ide/plugins/com.nxp.mcuxpresso.tools.win32_11.9.1.202402080819/tools/bin/../lib/gcc/arm-none-eabi/12.3.1/../../../../arm-none-eabi/lib/thumb/v8-m.main+fp/hard\libcr_nohost_nf.a(__sys_seek.o)
                0x00004724                __sys_seek
 .text.__sys_tmpnam
                0x0000472a        0x6 c:/nxp/mcuxpressoide_11.9.1_2170/ide/plugins/com.nxp.mcuxpresso.tools.win32_11.9.1.202402080819/tools/bin/../lib/gcc/arm-none-eabi/12.3.1/../../../../arm-none-eabi/lib/thumb/v8-m.main+fp/hard\libcr_nohost_nf.a(__sys_tmpnam.o)
                0x0000472a                __sys_tmpnam
 .text.__sys_write
                0x00004730        0x4 c:/nxp/mcuxpressoide_11.9.1_2170/ide/plugins/com.nxp.mcuxpresso.tools.win32_11.9.1.202402080819/tools/bin/../lib/gcc/arm-none-eabi/12.3.1/../../../../arm-none-eabi/lib/thumb/v8-m.main+fp/hard\libcr_nohost_nf.a(__sys_write.o)
                0x00004730                __sys_write
 *(SORT_BY_ALIGNMENT(.rodata) SORT_BY_ALIGNMENT(.rodata.*) SORT_BY_ALIGNMENT(.constdata) SORT_BY_ALIGNMENT(.constdata.*))
 .rodata.__assertion_failed.str1.4
                0x00004734       0x14 ./utilities/fsl_assert.o
 .rodata.test_check_prime.str1.4
                0x00004748       0x17 ./source/tests/test_check_prime.o
 *fill*         0x0000475f        0x1 ff
 .rodata.test_memcopy.str1.4
                0x00004760       0x78 ./source/tests/test_memcopy.o
 .rodata.main.str1.4
                0x000047d8       0x31 ./source/Day3_testing.o
 *fill*         0x00004809        0x3 ff
 .rodata.SDK_DelayAtLeastUs.str1.4
                0x0000480c       0x2b ./drivers/fsl_common_arm.o
 *fill*         0x00004837        0x1 ff
 .rodata.s_ctimerBases
                0x00004838       0x14 ./drivers/fsl_ctimer.o
 .rodata.s_flexcommBaseAddrs
                0x0000484c       0x24 ./drivers/fsl_flexcomm.o
 .rodata.s_flexcommClocks
                0x00004870       0x12 ./drivers/fsl_flexcomm.o
 *fill*         0x00004882        0x2 ff
 .rodata.s_flexcommResets
                0x00004884       0x24 ./drivers/fsl_flexcomm.o
 .rodata.FLEXCOMM_GetInstance.str1.4
                0x000048a8       0x41 ./drivers/fsl_flexcomm.o
 *fill*         0x000048e9        0x3 ff
 .rodata.FLEXCOMM0_DriverIRQHandler.str1.4
                0x000048ec       0x3c ./drivers/fsl_flexcomm.o
 .rodata.FLEXCOMM1_DriverIRQHandler.str1.4
                0x00004928       0x3c ./drivers/fsl_flexcomm.o
 .rodata.FLEXCOMM2_DriverIRQHandler.str1.4
                0x00004964       0x3c ./drivers/fsl_flexcomm.o
 .rodata.FLEXCOMM3_DriverIRQHandler.str1.4
                0x000049a0       0x3c ./drivers/fsl_flexcomm.o
 .rodata.FLEXCOMM4_DriverIRQHandler.str1.4
                0x000049dc       0x3c ./drivers/fsl_flexcomm.o
 .rodata.FLEXCOMM5_DriverIRQHandler.str1.4
                0x00004a18       0x3c ./drivers/fsl_flexcomm.o
 .rodata.FLEXCOMM6_DriverIRQHandler.str1.4
                0x00004a54       0x3c ./drivers/fsl_flexcomm.o
 .rodata.FLEXCOMM7_DriverIRQHandler.str1.4
                0x00004a90       0x3c ./drivers/fsl_flexcomm.o
 .rodata.FLEXCOMM8_DriverIRQHandler.str1.4
                0x00004acc       0x3c ./drivers/fsl_flexcomm.o
 .rodata.RESET_SetPeripheralReset.str1.4
                0x00004b08       0x1e ./drivers/fsl_reset.o
 *fill*         0x00004b26        0x2 ff
 .rodata.RESET_ClearPeripheralReset.str1.4
                0x00004b28       0x1e ./drivers/fsl_reset.o
 *fill*         0x00004b46        0x2 ff
 .rodata.USART_Init.str1.4
                0x00004b48       0x4f ./drivers/fsl_usart.o
 *fill*         0x00004b97        0x1 ff
 .rodata.USART_GetDefaultConfig.str1.4
                0x00004b98       0x21 ./drivers/fsl_usart.o
 *fill*         0x00004bb9        0x3 ff
 .rodata.USART_SetBaudRate.str1.4
                0x00004bbc       0x53 ./drivers/fsl_usart.o
 *fill*         0x00004c0f        0x1 ff
 .rodata.USART_WriteBlocking.str1.4
                0x00004c10       0x36 ./drivers/fsl_usart.o
 *fill*         0x00004c46        0x2 ff
 .rodata.USART_ReadBlocking.str1.4
                0x00004c48       0x36 ./drivers/fsl_usart.o
 *fill*         0x00004c7e        0x2 ff
 .rodata.s_UsartAdapterBase
                0x00004c80       0x20 ./component/uart/fsl_adapter_usart.o
 .rodata.HAL_UartInitCommon.str1.4
                0x00004ca0       0xeb ./component/uart/fsl_adapter_usart.o
 *fill*         0x00004d8b        0x1 ff
 .rodata.HAL_UartSendBlocking.str1.4
                0x00004d8c       0x65 ./component/uart/fsl_adapter_usart.o
 *fill*         0x00004df1        0x3 ff
 .rodata.__num_Ciob_streams
                0x00004df4        0x4 c:/nxp/mcuxpressoide_11.9.1_2170/ide/plugins/com.nxp.mcuxpresso.tools.win32_11.9.1.202402080819/tools/bin/../lib/gcc/arm-none-eabi/12.3.1/../../../../arm-none-eabi/lib/thumb/v8-m.main+fp/hard\libcr_nohost_nf.a(__ciob.o)
                0x00004df4                __num_Ciob_streams
 .rodata._Csys_alloc.str1.1
                0x00004df8       0x18 c:/nxp/mcuxpressoide_11.9.1_2170/ide/plugins/com.nxp.mcuxpresso.tools.win32_11.9.1.202402080819/tools/bin/../lib/gcc/arm-none-eabi/12.3.1/../../../../arm-none-eabi/lib/thumb/v8-m.main+fp/hard\libcr_c.a(alloc.o)
 .rodata._initio.str1.1
                0x00004e10        0x4 c:/nxp/mcuxpressoide_11.9.1_2170/ide/plugins/com.nxp.mcuxpresso.tools.win32_11.9.1.202402080819/tools/bin/../lib/gcc/arm-none-eabi/12.3.1/../../../../arm-none-eabi/lib/thumb/v8-m.main+fp/hard\libcr_c.a(initio.o)
 .rodata.__vfprintf.str1.1
                0x00004e14       0x37 c:/nxp/mcuxpressoide_11.9.1_2170/ide/plugins/com.nxp.mcuxpresso.tools.win32_11.9.1.202402080819/tools/bin/../lib/gcc/arm-none-eabi/12.3.1/../../../../arm-none-eabi/lib/thumb/v8-m.main+fp/hard\libcr_c.a(printf.o)
                                 0x38 (size before relaxing)
                0x00004e4c                        . = ALIGN (0x4)
 *fill*         0x00004e4b        0x1 ff

.glue_7         0x00004e4c        0x0
 .glue_7        0x00004e4c        0x0 linker stubs

.glue_7t        0x00004e4c        0x0
 .glue_7t       0x00004e4c        0x0 linker stubs

.vfp11_veneer   0x00004e4c        0x0
 .vfp11_veneer  0x00004e4c        0x0 linker stubs

.v4_bx          0x00004e4c        0x0
 .v4_bx         0x00004e4c        0x0 linker stubs

.iplt           0x00004e4c        0x0
 .iplt          0x00004e4c        0x0 ./utilities/fsl_assert.o

.rel.dyn        0x00004e4c        0x0
 .rel.iplt      0x00004e4c        0x0 ./utilities/fsl_assert.o

.ARM.extab
 *(SORT_BY_ALIGNMENT(.ARM.extab*) SORT_BY_ALIGNMENT(.gnu.linkonce.armextab.*))

.ARM.exidx      0x00004e4c        0x0
                0x00004e4c                        __exidx_start = .
 *(SORT_BY_ALIGNMENT(.ARM.exidx*) SORT_BY_ALIGNMENT(.gnu.linkonce.armexidx.*))
                0x00004e4c                        __exidx_end = .
                0x00004e4c                        _etext = .

.m_usb_data
 *(SORT_BY_ALIGNMENT(m_usb_global))

.data_RAM2      0x04000000        0x0 load address 0x00004e4c
 FILL mask 0xff
                [!provide]                        PROVIDE (__start_data_RAM2 = .)
                [!provide]                        PROVIDE (__start_data_SRAMX = .)
 *(SORT_BY_ALIGNMENT(.ramfunc.$RAM2))
 *(SORT_BY_ALIGNMENT(.ramfunc.$SRAMX))
 *(SORT_BY_ALIGNMENT(.data.$RAM2))
 *(SORT_BY_ALIGNMENT(.data.$SRAMX))
 *(SORT_BY_ALIGNMENT(.data.$RAM2.*))
 *(SORT_BY_ALIGNMENT(.data.$SRAMX.*))
                0x04000000                        . = ALIGN (0x4)
                [!provide]                        PROVIDE (__end_data_RAM2 = .)
                [!provide]                        PROVIDE (__end_data_SRAMX = .)

.data_RAM3      0x40100000        0x0 load address 0x00004e4c
 FILL mask 0xff
                [!provide]                        PROVIDE (__start_data_RAM3 = .)
                [!provide]                        PROVIDE (__start_data_USB_RAM = .)
 *(SORT_BY_ALIGNMENT(.ramfunc.$RAM3))
 *(SORT_BY_ALIGNMENT(.ramfunc.$USB_RAM))
 *(SORT_BY_ALIGNMENT(.data.$RAM3))
 *(SORT_BY_ALIGNMENT(.data.$USB_RAM))
 *(SORT_BY_ALIGNMENT(.data.$RAM3.*))
 *(SORT_BY_ALIGNMENT(.data.$USB_RAM.*))
                0x40100000                        . = ALIGN (0x4)
                [!provide]                        PROVIDE (__end_data_RAM3 = .)
                [!provide]                        PROVIDE (__end_data_USB_RAM = .)

.data_RAM4      0x20040000        0x0 load address 0x00004e4c
 FILL mask 0xff
                [!provide]                        PROVIDE (__start_data_RAM4 = .)
                [!provide]                        PROVIDE (__start_data_SRAM4 = .)
 *(SORT_BY_ALIGNMENT(.ramfunc.$RAM4))
 *(SORT_BY_ALIGNMENT(.ramfunc.$SRAM4))
 *(SORT_BY_ALIGNMENT(.data.$RAM4))
 *(SORT_BY_ALIGNMENT(.data.$SRAM4))
 *(SORT_BY_ALIGNMENT(.data.$RAM4.*))
 *(SORT_BY_ALIGNMENT(.data.$SRAM4.*))
                0x20040000                        . = ALIGN (0x4)
                [!provide]                        PROVIDE (__end_data_RAM4 = .)
                [!provide]                        PROVIDE (__end_data_SRAM4 = .)

.uninit_RESERVED
                0x20000000        0x0
                0x20000000                        _start_uninit_RESERVED = .
 *(SORT_BY_ALIGNMENT(.bss.$RESERVED*))
                0x20000000                        . = ALIGN (0x4)
                0x20000000                        _end_uninit_RESERVED = .

.data           0x20000000        0x8 load address 0x00004e4c
 FILL mask 0xff
                0x20000000                        _data = .
                [!provide]                        PROVIDE (__start_data_RAM = .)
                [!provide]                        PROVIDE (__start_data_SRAM = .)
 *(SORT_BY_ALIGNMENT(vtable))
 *(SORT_BY_ALIGNMENT(.ramfunc*))
 *(SORT_BY_ALIGNMENT(CodeQuickAccess))
 *(SORT_BY_ALIGNMENT(DataQuickAccess))
 *(SORT_BY_ALIGNMENT(RamFunction))
 *(SORT_BY_ALIGNMENT(.data*))
 .data.s_Ext_Clk_Freq
                0x20000000        0x4 ./drivers/fsl_clock.o
 .data.SystemCoreClock
                0x20000004        0x4 ./device/system_LPC55S69_cm33_core0.o
                0x20000004                SystemCoreClock
                0x20000008                        . = ALIGN (0x4)
                0x20000008                        _edata = .
                [!provide]                        PROVIDE (__end_data_RAM = .)
                [!provide]                        PROVIDE (__end_data_SRAM = .)

.igot.plt       0x20000008        0x0 load address 0x00004e54
 .igot.plt      0x20000008        0x0 ./utilities/fsl_assert.o

.bss_RAM2       0x04000000        0x0
                [!provide]                        PROVIDE (__start_bss_RAM2 = .)
                [!provide]                        PROVIDE (__start_bss_SRAMX = .)
 *(SORT_BY_ALIGNMENT(.bss.$RAM2))
 *(SORT_BY_ALIGNMENT(.bss.$SRAMX))
 *(SORT_BY_ALIGNMENT(.bss.$RAM2.*))
 *(SORT_BY_ALIGNMENT(.bss.$SRAMX.*))
                0x04000000                        . = ALIGN ((. != 0x0)?0x4:0x1)
                [!provide]                        PROVIDE (__end_bss_RAM2 = .)
                [!provide]                        PROVIDE (__end_bss_SRAMX = .)

.bss_RAM3       0x40100000        0x0
                [!provide]                        PROVIDE (__start_bss_RAM3 = .)
                [!provide]                        PROVIDE (__start_bss_USB_RAM = .)
 *(SORT_BY_ALIGNMENT(.bss.$RAM3))
 *(SORT_BY_ALIGNMENT(.bss.$USB_RAM))
 *(SORT_BY_ALIGNMENT(.bss.$RAM3.*))
 *(SORT_BY_ALIGNMENT(.bss.$USB_RAM.*))
                0x40100000                        . = ALIGN ((. != 0x0)?0x4:0x1)
                [!provide]                        PROVIDE (__end_bss_RAM3 = .)
                [!provide]                        PROVIDE (__end_bss_USB_RAM = .)

.bss_RAM4       0x20040000        0x0
                [!provide]                        PROVIDE (__start_bss_RAM4 = .)
                [!provide]                        PROVIDE (__start_bss_SRAM4 = .)
 *(SORT_BY_ALIGNMENT(.bss.$RAM4))
 *(SORT_BY_ALIGNMENT(.bss.$SRAM4))
 *(SORT_BY_ALIGNMENT(.bss.$RAM4.*))
 *(SORT_BY_ALIGNMENT(.bss.$SRAM4.*))
                0x20040000                        . = ALIGN ((. != 0x0)?0x4:0x1)
                [!provide]                        PROVIDE (__end_bss_RAM4 = .)
                [!provide]                        PROVIDE (__end_bss_SRAM4 = .)

.bss            0x20000008      0x150
                0x20000008                        _bss = .
                [!provide]                        PROVIDE (__start_bss_RAM = .)
                [!provide]                        PROVIDE (__start_bss_SRAM = .)
 *(SORT_BY_ALIGNMENT(.bss*))
 .bss.s_debugConsoleState
                0x20000008       0x20 ./utilities/fsl_debug_console.o
 .bss.g_serialHandle
                0x20000028        0x4 ./utilities/fsl_debug_console.o
                0x20000028                g_serialHandle
 .bss.s_Pll0_Freq
                0x2000002c        0x4 ./drivers/fsl_clock.o
 .bss.s_ctimerCallback
                0x20000030       0x14 ./drivers/fsl_ctimer.o
 .bss.ctimerCallbackType
                0x20000044        0x5 ./drivers/fsl_ctimer.o
 *fill*         0x20000049        0x3 
 .bss.s_flexcommIrqHandler
                0x2000004c       0x24 ./drivers/fsl_flexcomm.o
 .bss.s_flexcommHandle
                0x20000070       0x24 ./drivers/fsl_flexcomm.o
 .bss.errno     0x20000094        0x4 c:/nxp/mcuxpressoide_11.9.1_2170/ide/plugins/com.nxp.mcuxpresso.tools.win32_11.9.1.202402080819/tools/bin/../lib/gcc/arm-none-eabi/12.3.1/../../../../arm-none-eabi/lib/thumb/v8-m.main+fp/hard\libcr_c.a(errno.o)
                0x20000094                errno
 .bss.__end_of_heap
                0x20000098        0x4 c:/nxp/mcuxpressoide_11.9.1_2170/ide/plugins/com.nxp.mcuxpresso.tools.win32_11.9.1.202402080819/tools/bin/../lib/gcc/arm-none-eabi/12.3.1/../../../../arm-none-eabi/lib/thumb/v8-m.main+fp/hard\libcr_c.a(__init_alloc.o)
                0x20000098                __end_of_heap
 .bss.__heaps   0x2000009c        0x4 c:/nxp/mcuxpressoide_11.9.1_2170/ide/plugins/com.nxp.mcuxpresso.tools.win32_11.9.1.202402080819/tools/bin/../lib/gcc/arm-none-eabi/12.3.1/../../../../arm-none-eabi/lib/thumb/v8-m.main+fp/hard\libcr_c.a(__init_alloc.o)
                0x2000009c                __heaps
 .bss.__Ciob    0x200000a0       0xb4 c:/nxp/mcuxpressoide_11.9.1_2170/ide/plugins/com.nxp.mcuxpresso.tools.win32_11.9.1.202402080819/tools/bin/../lib/gcc/arm-none-eabi/12.3.1/../../../../arm-none-eabi/lib/thumb/v8-m.main+fp/hard\libcr_nohost_nf.a(__ciob.o)
                0x200000a0                __Ciob
 .bss.s_debugConsoleReadWaitSemaphore
                0x20000154        0x1 ./utilities/fsl_debug_console.o
 *(SORT_BY_ALIGNMENT(COMMON))
                0x20000158                        . = ALIGN (0x4)
 *fill*         0x20000155        0x3 
                0x20000158                        _ebss = .
                [!provide]                        PROVIDE (__end_bss_RAM = .)
                [!provide]                        PROVIDE (__end_bss_SRAM = .)
                [!provide]                        PROVIDE (end = .)

.noinit_RAM2    0x04000000        0x0
                [!provide]                        PROVIDE (__start_noinit_RAM2 = .)
                [!provide]                        PROVIDE (__start_noinit_SRAMX = .)
 *(SORT_BY_ALIGNMENT(.noinit.$RAM2))
 *(SORT_BY_ALIGNMENT(.noinit.$SRAMX))
 *(SORT_BY_ALIGNMENT(.noinit.$RAM2.*))
 *(SORT_BY_ALIGNMENT(.noinit.$SRAMX.*))
                0x04000000                        . = ALIGN (0x4)
                [!provide]                        PROVIDE (__end_noinit_RAM2 = .)
                [!provide]                        PROVIDE (__end_noinit_SRAMX = .)

.noinit_RAM3    0x40100000        0x0
                [!provide]                        PROVIDE (__start_noinit_RAM3 = .)
                [!provide]                        PROVIDE (__start_noinit_USB_RAM = .)
 *(SORT_BY_ALIGNMENT(.noinit.$RAM3))
 *(SORT_BY_ALIGNMENT(.noinit.$USB_RAM))
 *(SORT_BY_ALIGNMENT(.noinit.$RAM3.*))
 *(SORT_BY_ALIGNMENT(.noinit.$USB_RAM.*))
                0x40100000                        . = ALIGN (0x4)
                [!provide]                        PROVIDE (__end_noinit_RAM3 = .)
                [!provide]                        PROVIDE (__end_noinit_USB_RAM = .)

.noinit_RAM4    0x20040000        0x0
                [!provide]                        PROVIDE (__start_noinit_RAM4 = .)
                [!provide]                        PROVIDE (__start_noinit_SRAM4 = .)
 *(SORT_BY_ALIGNMENT(.noinit.$RAM4))
 *(SORT_BY_ALIGNMENT(.noinit.$SRAM4))
 *(SORT_BY_ALIGNMENT(.noinit.$RAM4.*))
 *(SORT_BY_ALIGNMENT(.noinit.$SRAM4.*))
                0x20040000                        . = ALIGN (0x4)
                [!provide]                        PROVIDE (__end_noinit_RAM4 = .)
                [!provide]                        PROVIDE (__end_noinit_SRAM4 = .)

.noinit         0x20000158        0x0
                0x20000158                        _noinit = .
                [!provide]                        PROVIDE (__start_noinit_RAM = .)
                [!provide]                        PROVIDE (__start_noinit_SRAM = .)
 *(SORT_BY_ALIGNMENT(.noinit*))
                0x20000158                        . = ALIGN (0x4)
                0x20000158                        _end_noinit = .
                [!provide]                        PROVIDE (__end_noinit_RAM = .)
                [!provide]                        PROVIDE (__end_noinit_SRAM = .)
                0x00001000                        _HeapSize = 0x1000

.heap           0x20000158     0x1000
                0x20000158                        _pvHeapStart = .
                0x20001158                        . = (. + _HeapSize)
 *fill*         0x20000158     0x1000 
                0x20001158                        . = ALIGN (0x4)
                0x20001158                        _pvHeapLimit = .
                0x00001000                        _StackSize = 0x1000

.heap2stackfill
                0x20001158     0x1000
                0x20002158                        . = (. + _StackSize)
 *fill*         0x20001158     0x1000 

.stack          0x2003f000        0x0
                0x2003f000                        _vStackBase = .
                0x2003f000                        . = ALIGN (0x4)
                0x20040000                        _vStackTop = (. + _StackSize)
                [!provide]                        PROVIDE (__valid_user_code_checksum = (0x0 - ((((((_vStackTop + (ResetISR + 0x1)) + (NMI_Handler + 0x1)) + (HardFault_Handler + 0x1)) + (DEFINED (MemManage_Handler)?MemManage_Handler:0x0 + 0x1)) + (DEFINED (BusFault_Handler)?BusFault_Handler:0x0 + 0x1)) + (DEFINED (UsageFault_Handler)?UsageFault_Handler:0x0 + 0x1))))
                0x00000000                        _image_start = LOADADDR (.text)
                0x00004e54                        _image_end = (LOADADDR (.data) + SIZEOF (.data))
                0x00004e54                        _image_size = (_image_end - _image_start)
OUTPUT(Day3_testing.axf elf32-littlearm)
LOAD linker stubs

.debug_info     0x00000000    0x1b6b0
 .debug_info    0x00000000      0x12e ./utilities/fsl_assert.o
 .debug_info    0x0000012e      0xe59 ./utilities/fsl_debug_console.o
 .debug_info    0x00000f87      0xd5d ./utilities/fsl_str.o
 .debug_info    0x00001ce4      0x9c9 ./startup/startup_lpc55s69_cm33_core0.o
 .debug_info    0x000026ad      0x181 ./source/tests/test_check_prime.o
 .debug_info    0x0000282e      0x255 ./source/tests/test_memcopy.o
 .debug_info    0x00002a83       0xde ./source/src/check_prime.o
 .debug_info    0x00002b61      0x1a4 ./source/src/memcopy_functions.o
 .debug_info    0x00002d05     0x12d2 ./source/Day3_testing.o
 .debug_info    0x00003fd7       0x3c ./source/semihost_hardfault.o
 .debug_info    0x00004013      0x1c6 ./source/test_utils.o
 .debug_info    0x000041d9     0x33f7 ./drivers/fsl_clock.o
 .debug_info    0x000075d0      0x623 ./drivers/fsl_common_arm.o
 .debug_info    0x00007bf3     0x22f8 ./drivers/fsl_ctimer.o
 .debug_info    0x00009eeb     0x1b16 ./drivers/fsl_flexcomm.o
 .debug_info    0x0000ba01     0x2ade ./drivers/fsl_power.o
 .debug_info    0x0000e4df      0xf02 ./drivers/fsl_reset.o
 .debug_info    0x0000f3e1     0x1892 ./drivers/fsl_usart.o
 .debug_info    0x00010c73     0x14be ./device/system_LPC55S69_cm33_core0.o
 .debug_info    0x00012131      0xd56 ./component/uart/fsl_adapter_usart.o
 .debug_info    0x00012e87      0xdcd ./component/serial_manager/fsl_component_serial_manager.o
 .debug_info    0x00013c54      0x551 ./component/serial_manager/fsl_component_serial_port_uart.o
 .debug_info    0x000141a5      0x8d0 ./board/board.o
 .debug_info    0x00014a75     0x181d ./board/clock_config.o
 .debug_info    0x00016292       0x9b ./board/peripherals.o
 .debug_info    0x0001632d     0x1508 ./board/pin_mux.o
 .debug_info    0x00017835       0x85 c:/nxp/mcuxpressoide_11.9.1_2170/ide/plugins/com.nxp.mcuxpresso.tools.win32_11.9.1.202402080819/tools/bin/../lib/gcc/arm-none-eabi/12.3.1/../../../../arm-none-eabi/lib/thumb/v8-m.main+fp/hard\libcr_nohost_nf.a(_cr__main.o)
 .debug_info    0x000178ba      0x119 c:/nxp/mcuxpressoide_11.9.1_2170/ide/plugins/com.nxp.mcuxpresso.tools.win32_11.9.1.202402080819/tools/bin/../lib/gcc/arm-none-eabi/12.3.1/../../../../arm-none-eabi/lib/thumb/v8-m.main+fp/hard\libcr_c.a(memcpy.o)
 .debug_info    0x000179d3       0xe3 c:/nxp/mcuxpressoide_11.9.1_2170/ide/plugins/com.nxp.mcuxpresso.tools.win32_11.9.1.202402080819/tools/bin/../lib/gcc/arm-none-eabi/12.3.1/../../../../arm-none-eabi/lib/thumb/v8-m.main+fp/hard\libcr_c.a(memset.o)
 .debug_info    0x00017ab6      0x506 c:/nxp/mcuxpressoide_11.9.1_2170/ide/plugins/com.nxp.mcuxpresso.tools.win32_11.9.1.202402080819/tools/bin/../lib/gcc/arm-none-eabi/12.3.1/../../../../arm-none-eabi/lib/thumb/v8-m.main+fp/hard\libcr_c.a(alloc.o)
 .debug_info    0x00017fbc       0x44 c:/nxp/mcuxpressoide_11.9.1_2170/ide/plugins/com.nxp.mcuxpresso.tools.win32_11.9.1.202402080819/tools/bin/../lib/gcc/arm-none-eabi/12.3.1/../../../../arm-none-eabi/lib/thumb/v8-m.main+fp/hard\libcr_c.a(errno.o)
 .debug_info    0x00018000      0x339 c:/nxp/mcuxpressoide_11.9.1_2170/ide/plugins/com.nxp.mcuxpresso.tools.win32_11.9.1.202402080819/tools/bin/../lib/gcc/arm-none-eabi/12.3.1/../../../../arm-none-eabi/lib/thumb/v8-m.main+fp/hard\libcr_c.a(initio.o)
 .debug_info    0x00018339     0x126c c:/nxp/mcuxpressoide_11.9.1_2170/ide/plugins/com.nxp.mcuxpresso.tools.win32_11.9.1.202402080819/tools/bin/../lib/gcc/arm-none-eabi/12.3.1/../../../../arm-none-eabi/lib/thumb/v8-m.main+fp/hard\libcr_c.a(printf.o)
 .debug_info    0x000195a5      0x1f6 c:/nxp/mcuxpressoide_11.9.1_2170/ide/plugins/com.nxp.mcuxpresso.tools.win32_11.9.1.202402080819/tools/bin/../lib/gcc/arm-none-eabi/12.3.1/../../../../arm-none-eabi/lib/thumb/v8-m.main+fp/hard\libcr_c.a(setvbuf.o)
 .debug_info    0x0001979b       0xda c:/nxp/mcuxpressoide_11.9.1_2170/ide/plugins/com.nxp.mcuxpresso.tools.win32_11.9.1.202402080819/tools/bin/../lib/gcc/arm-none-eabi/12.3.1/../../../../arm-none-eabi/lib/thumb/v8-m.main+fp/hard\libcr_c.a(strlen.o)
 .debug_info    0x00019875       0xd4 c:/nxp/mcuxpressoide_11.9.1_2170/ide/plugins/com.nxp.mcuxpresso.tools.win32_11.9.1.202402080819/tools/bin/../lib/gcc/arm-none-eabi/12.3.1/../../../../arm-none-eabi/lib/thumb/v8-m.main+fp/hard\libcr_c.a(__init_alloc.o)
 .debug_info    0x00019949      0x100 c:/nxp/mcuxpressoide_11.9.1_2170/ide/plugins/com.nxp.mcuxpresso.tools.win32_11.9.1.202402080819/tools/bin/../lib/gcc/arm-none-eabi/12.3.1/../../../../arm-none-eabi/lib/thumb/v8-m.main+fp/hard\libcr_c.a(_cr_sbrk.o)
 .debug_info    0x00019a49      0x362 c:/nxp/mcuxpressoide_11.9.1_2170/ide/plugins/com.nxp.mcuxpresso.tools.win32_11.9.1.202402080819/tools/bin/../lib/gcc/arm-none-eabi/12.3.1/../../../../arm-none-eabi/lib/thumb/v8-m.main+fp/hard\libcr_c.a(_deferredlazyseek.o)
 .debug_info    0x00019dab      0x244 c:/nxp/mcuxpressoide_11.9.1_2170/ide/plugins/com.nxp.mcuxpresso.tools.win32_11.9.1.202402080819/tools/bin/../lib/gcc/arm-none-eabi/12.3.1/../../../../arm-none-eabi/lib/thumb/v8-m.main+fp/hard\libcr_c.a(_fdopen.o)
 .debug_info    0x00019fef      0x1e3 c:/nxp/mcuxpressoide_11.9.1_2170/ide/plugins/com.nxp.mcuxpresso.tools.win32_11.9.1.202402080819/tools/bin/../lib/gcc/arm-none-eabi/12.3.1/../../../../arm-none-eabi/lib/thumb/v8-m.main+fp/hard\libcr_c.a(_fflush.o)
 .debug_info    0x0001a1d2      0x282 c:/nxp/mcuxpressoide_11.9.1_2170/ide/plugins/com.nxp.mcuxpresso.tools.win32_11.9.1.202402080819/tools/bin/../lib/gcc/arm-none-eabi/12.3.1/../../../../arm-none-eabi/lib/thumb/v8-m.main+fp/hard\libcr_c.a(_writebuf.o)
 .debug_info    0x0001a454      0x318 c:/nxp/mcuxpressoide_11.9.1_2170/ide/plugins/com.nxp.mcuxpresso.tools.win32_11.9.1.202402080819/tools/bin/../lib/gcc/arm-none-eabi/12.3.1/../../../../arm-none-eabi/lib/thumb/v8-m.main+fp/hard\libcr_c.a(fclose.o)
 .debug_info    0x0001a76c      0x202 c:/nxp/mcuxpressoide_11.9.1_2170/ide/plugins/com.nxp.mcuxpresso.tools.win32_11.9.1.202402080819/tools/bin/../lib/gcc/arm-none-eabi/12.3.1/../../../../arm-none-eabi/lib/thumb/v8-m.main+fp/hard\libcr_c.a(fflush.o)
 .debug_info    0x0001a96e      0x276 c:/nxp/mcuxpressoide_11.9.1_2170/ide/plugins/com.nxp.mcuxpresso.tools.win32_11.9.1.202402080819/tools/bin/../lib/gcc/arm-none-eabi/12.3.1/../../../../arm-none-eabi/lib/thumb/v8-m.main+fp/hard\libcr_c.a(fseek.o)
 .debug_info    0x0001abe4      0x190 c:/nxp/mcuxpressoide_11.9.1_2170/ide/plugins/com.nxp.mcuxpresso.tools.win32_11.9.1.202402080819/tools/bin/../lib/gcc/arm-none-eabi/12.3.1/../../../../arm-none-eabi/lib/thumb/v8-m.main+fp/hard\libcr_c.a(ftell.o)
 .debug_info    0x0001ad74      0x1ca c:/nxp/mcuxpressoide_11.9.1_2170/ide/plugins/com.nxp.mcuxpresso.tools.win32_11.9.1.202402080819/tools/bin/../lib/gcc/arm-none-eabi/12.3.1/../../../../arm-none-eabi/lib/thumb/v8-m.main+fp/hard\libcr_c.a(remove.o)
 .debug_info    0x0001af3e       0x71 c:/nxp/mcuxpressoide_11.9.1_2170/ide/plugins/com.nxp.mcuxpresso.tools.win32_11.9.1.202402080819/tools/bin/../lib/gcc/arm-none-eabi/12.3.1/../../../../arm-none-eabi/lib/thumb/v8-m.main+fp/hard\libcr_c.a(_cr_check_heap.o)
 .debug_info    0x0001afaf      0x23a c:/nxp/mcuxpressoide_11.9.1_2170/ide/plugins/com.nxp.mcuxpresso.tools.win32_11.9.1.202402080819/tools/bin/../lib/gcc/arm-none-eabi/12.3.1/../../../../arm-none-eabi/lib/thumb/v8-m.main+fp/hard\libcr_c.a(_do_fflush.o)
 .debug_info    0x0001b1e9      0x18b c:/nxp/mcuxpressoide_11.9.1_2170/ide/plugins/com.nxp.mcuxpresso.tools.win32_11.9.1.202402080819/tools/bin/../lib/gcc/arm-none-eabi/12.3.1/../../../../arm-none-eabi/lib/thumb/v8-m.main+fp/hard\libcr_nohost_nf.a(__ciob.o)
 .debug_info    0x0001b374       0x38 c:/nxp/mcuxpressoide_11.9.1_2170/ide/plugins/com.nxp.mcuxpresso.tools.win32_11.9.1.202402080819/tools/bin/../lib/gcc/arm-none-eabi/12.3.1/../../../../arm-none-eabi/lib/thumb/v8-m.main+fp/hard\libcr_nohost_nf.a(__sys_appexit.o)
 .debug_info    0x0001b3ac       0x5c c:/nxp/mcuxpressoide_11.9.1_2170/ide/plugins/com.nxp.mcuxpresso.tools.win32_11.9.1.202402080819/tools/bin/../lib/gcc/arm-none-eabi/12.3.1/../../../../arm-none-eabi/lib/thumb/v8-m.main+fp/hard\libcr_nohost_nf.a(__sys_close.o)
 .debug_info    0x0001b408       0x5c c:/nxp/mcuxpressoide_11.9.1_2170/ide/plugins/com.nxp.mcuxpresso.tools.win32_11.9.1.202402080819/tools/bin/../lib/gcc/arm-none-eabi/12.3.1/../../../../arm-none-eabi/lib/thumb/v8-m.main+fp/hard\libcr_nohost_nf.a(__sys_flen.o)
 .debug_info    0x0001b464       0x5c c:/nxp/mcuxpressoide_11.9.1_2170/ide/plugins/com.nxp.mcuxpresso.tools.win32_11.9.1.202402080819/tools/bin/../lib/gcc/arm-none-eabi/12.3.1/../../../../arm-none-eabi/lib/thumb/v8-m.main+fp/hard\libcr_nohost_nf.a(__sys_istty.o)
 .debug_info    0x0001b4c0       0x7c c:/nxp/mcuxpressoide_11.9.1_2170/ide/plugins/com.nxp.mcuxpresso.tools.win32_11.9.1.202402080819/tools/bin/../lib/gcc/arm-none-eabi/12.3.1/../../../../arm-none-eabi/lib/thumb/v8-m.main+fp/hard\libcr_nohost_nf.a(__sys_remove.o)
 .debug_info    0x0001b53c       0x6a c:/nxp/mcuxpressoide_11.9.1_2170/ide/plugins/com.nxp.mcuxpresso.tools.win32_11.9.1.202402080819/tools/bin/../lib/gcc/arm-none-eabi/12.3.1/../../../../arm-none-eabi/lib/thumb/v8-m.main+fp/hard\libcr_nohost_nf.a(__sys_seek.o)
 .debug_info    0x0001b5a6       0x85 c:/nxp/mcuxpressoide_11.9.1_2170/ide/plugins/com.nxp.mcuxpresso.tools.win32_11.9.1.202402080819/tools/bin/../lib/gcc/arm-none-eabi/12.3.1/../../../../arm-none-eabi/lib/thumb/v8-m.main+fp/hard\libcr_nohost_nf.a(__sys_tmpnam.o)
 .debug_info    0x0001b62b       0x85 c:/nxp/mcuxpressoide_11.9.1_2170/ide/plugins/com.nxp.mcuxpresso.tools.win32_11.9.1.202402080819/tools/bin/../lib/gcc/arm-none-eabi/12.3.1/../../../../arm-none-eabi/lib/thumb/v8-m.main+fp/hard\libcr_nohost_nf.a(__sys_write.o)

.debug_abbrev   0x00000000     0x4bf6
 .debug_abbrev  0x00000000       0xbd ./utilities/fsl_assert.o
 .debug_abbrev  0x000000bd      0x270 ./utilities/fsl_debug_console.o
 .debug_abbrev  0x0000032d      0x270 ./utilities/fsl_str.o
 .debug_abbrev  0x0000059d      0x147 ./startup/startup_lpc55s69_cm33_core0.o
 .debug_abbrev  0x000006e4       0xde ./source/tests/test_check_prime.o
 .debug_abbrev  0x000007c2      0x11f ./source/tests/test_memcopy.o
 .debug_abbrev  0x000008e1       0x98 ./source/src/check_prime.o
 .debug_abbrev  0x00000979       0xb6 ./source/src/memcopy_functions.o
 .debug_abbrev  0x00000a2f      0x220 ./source/Day3_testing.o
 .debug_abbrev  0x00000c4f       0x31 ./source/semihost_hardfault.o
 .debug_abbrev  0x00000c80       0xd9 ./source/test_utils.o
 .debug_abbrev  0x00000d59      0x3a8 ./drivers/fsl_clock.o
 .debug_abbrev  0x00001101      0x17b ./drivers/fsl_common_arm.o
 .debug_abbrev  0x0000127c      0x3cd ./drivers/fsl_ctimer.o
 .debug_abbrev  0x00001649      0x2be ./drivers/fsl_flexcomm.o
 .debug_abbrev  0x00001907      0x368 ./drivers/fsl_power.o
 .debug_abbrev  0x00001c6f      0x182 ./drivers/fsl_reset.o
 .debug_abbrev  0x00001df1      0x34f ./drivers/fsl_usart.o
 .debug_abbrev  0x00002140      0x216 ./device/system_LPC55S69_cm33_core0.o
 .debug_abbrev  0x00002356      0x249 ./component/uart/fsl_adapter_usart.o
 .debug_abbrev  0x0000259f      0x2bb ./component/serial_manager/fsl_component_serial_manager.o
 .debug_abbrev  0x0000285a      0x18c ./component/serial_manager/fsl_component_serial_port_uart.o
 .debug_abbrev  0x000029e6      0x113 ./board/board.o
 .debug_abbrev  0x00002af9      0x226 ./board/clock_config.o
 .debug_abbrev  0x00002d1f       0x61 ./board/peripherals.o
 .debug_abbrev  0x00002d80      0x29a ./board/pin_mux.o
 .debug_abbrev  0x0000301a       0x70 c:/nxp/mcuxpressoide_11.9.1_2170/ide/plugins/com.nxp.mcuxpresso.tools.win32_11.9.1.202402080819/tools/bin/../lib/gcc/arm-none-eabi/12.3.1/../../../../arm-none-eabi/lib/thumb/v8-m.main+fp/hard\libcr_nohost_nf.a(_cr__main.o)
 .debug_abbrev  0x0000308a       0xb6 c:/nxp/mcuxpressoide_11.9.1_2170/ide/plugins/com.nxp.mcuxpresso.tools.win32_11.9.1.202402080819/tools/bin/../lib/gcc/arm-none-eabi/12.3.1/../../../../arm-none-eabi/lib/thumb/v8-m.main+fp/hard\libcr_c.a(memcpy.o)
 .debug_abbrev  0x00003140       0xa8 c:/nxp/mcuxpressoide_11.9.1_2170/ide/plugins/com.nxp.mcuxpresso.tools.win32_11.9.1.202402080819/tools/bin/../lib/gcc/arm-none-eabi/12.3.1/../../../../arm-none-eabi/lib/thumb/v8-m.main+fp/hard\libcr_c.a(memset.o)
 .debug_abbrev  0x000031e8      0x284 c:/nxp/mcuxpressoide_11.9.1_2170/ide/plugins/com.nxp.mcuxpresso.tools.win32_11.9.1.202402080819/tools/bin/../lib/gcc/arm-none-eabi/12.3.1/../../../../arm-none-eabi/lib/thumb/v8-m.main+fp/hard\libcr_c.a(alloc.o)
 .debug_abbrev  0x0000346c       0x44 c:/nxp/mcuxpressoide_11.9.1_2170/ide/plugins/com.nxp.mcuxpresso.tools.win32_11.9.1.202402080819/tools/bin/../lib/gcc/arm-none-eabi/12.3.1/../../../../arm-none-eabi/lib/thumb/v8-m.main+fp/hard\libcr_c.a(errno.o)
 .debug_abbrev  0x000034b0      0x169 c:/nxp/mcuxpressoide_11.9.1_2170/ide/plugins/com.nxp.mcuxpresso.tools.win32_11.9.1.202402080819/tools/bin/../lib/gcc/arm-none-eabi/12.3.1/../../../../arm-none-eabi/lib/thumb/v8-m.main+fp/hard\libcr_c.a(initio.o)
 .debug_abbrev  0x00003619      0x3c7 c:/nxp/mcuxpressoide_11.9.1_2170/ide/plugins/com.nxp.mcuxpresso.tools.win32_11.9.1.202402080819/tools/bin/../lib/gcc/arm-none-eabi/12.3.1/../../../../arm-none-eabi/lib/thumb/v8-m.main+fp/hard\libcr_c.a(printf.o)
 .debug_abbrev  0x000039e0       0xe1 c:/nxp/mcuxpressoide_11.9.1_2170/ide/plugins/com.nxp.mcuxpresso.tools.win32_11.9.1.202402080819/tools/bin/../lib/gcc/arm-none-eabi/12.3.1/../../../../arm-none-eabi/lib/thumb/v8-m.main+fp/hard\libcr_c.a(setvbuf.o)
 .debug_abbrev  0x00003ac1       0xa7 c:/nxp/mcuxpressoide_11.9.1_2170/ide/plugins/com.nxp.mcuxpresso.tools.win32_11.9.1.202402080819/tools/bin/../lib/gcc/arm-none-eabi/12.3.1/../../../../arm-none-eabi/lib/thumb/v8-m.main+fp/hard\libcr_c.a(strlen.o)
 .debug_abbrev  0x00003b68       0xaf c:/nxp/mcuxpressoide_11.9.1_2170/ide/plugins/com.nxp.mcuxpresso.tools.win32_11.9.1.202402080819/tools/bin/../lib/gcc/arm-none-eabi/12.3.1/../../../../arm-none-eabi/lib/thumb/v8-m.main+fp/hard\libcr_c.a(__init_alloc.o)
 .debug_abbrev  0x00003c17       0xd3 c:/nxp/mcuxpressoide_11.9.1_2170/ide/plugins/com.nxp.mcuxpresso.tools.win32_11.9.1.202402080819/tools/bin/../lib/gcc/arm-none-eabi/12.3.1/../../../../arm-none-eabi/lib/thumb/v8-m.main+fp/hard\libcr_c.a(_cr_sbrk.o)
 .debug_abbrev  0x00003cea      0x152 c:/nxp/mcuxpressoide_11.9.1_2170/ide/plugins/com.nxp.mcuxpresso.tools.win32_11.9.1.202402080819/tools/bin/../lib/gcc/arm-none-eabi/12.3.1/../../../../arm-none-eabi/lib/thumb/v8-m.main+fp/hard\libcr_c.a(_deferredlazyseek.o)
 .debug_abbrev  0x00003e3c      0x119 c:/nxp/mcuxpressoide_11.9.1_2170/ide/plugins/com.nxp.mcuxpresso.tools.win32_11.9.1.202402080819/tools/bin/../lib/gcc/arm-none-eabi/12.3.1/../../../../arm-none-eabi/lib/thumb/v8-m.main+fp/hard\libcr_c.a(_fdopen.o)
 .debug_abbrev  0x00003f55       0xf1 c:/nxp/mcuxpressoide_11.9.1_2170/ide/plugins/com.nxp.mcuxpresso.tools.win32_11.9.1.202402080819/tools/bin/../lib/gcc/arm-none-eabi/12.3.1/../../../../arm-none-eabi/lib/thumb/v8-m.main+fp/hard\libcr_c.a(_fflush.o)
 .debug_abbrev  0x00004046      0x126 c:/nxp/mcuxpressoide_11.9.1_2170/ide/plugins/com.nxp.mcuxpresso.tools.win32_11.9.1.202402080819/tools/bin/../lib/gcc/arm-none-eabi/12.3.1/../../../../arm-none-eabi/lib/thumb/v8-m.main+fp/hard\libcr_c.a(_writebuf.o)
 .debug_abbrev  0x0000416c      0x155 c:/nxp/mcuxpressoide_11.9.1_2170/ide/plugins/com.nxp.mcuxpresso.tools.win32_11.9.1.202402080819/tools/bin/../lib/gcc/arm-none-eabi/12.3.1/../../../../arm-none-eabi/lib/thumb/v8-m.main+fp/hard\libcr_c.a(fclose.o)
 .debug_abbrev  0x000042c1      0x125 c:/nxp/mcuxpressoide_11.9.1_2170/ide/plugins/com.nxp.mcuxpresso.tools.win32_11.9.1.202402080819/tools/bin/../lib/gcc/arm-none-eabi/12.3.1/../../../../arm-none-eabi/lib/thumb/v8-m.main+fp/hard\libcr_c.a(fflush.o)
 .debug_abbrev  0x000043e6      0x11b c:/nxp/mcuxpressoide_11.9.1_2170/ide/plugins/com.nxp.mcuxpresso.tools.win32_11.9.1.202402080819/tools/bin/../lib/gcc/arm-none-eabi/12.3.1/../../../../arm-none-eabi/lib/thumb/v8-m.main+fp/hard\libcr_c.a(fseek.o)
 .debug_abbrev  0x00004501       0xc2 c:/nxp/mcuxpressoide_11.9.1_2170/ide/plugins/com.nxp.mcuxpresso.tools.win32_11.9.1.202402080819/tools/bin/../lib/gcc/arm-none-eabi/12.3.1/../../../../arm-none-eabi/lib/thumb/v8-m.main+fp/hard\libcr_c.a(ftell.o)
 .debug_abbrev  0x000045c3       0xfb c:/nxp/mcuxpressoide_11.9.1_2170/ide/plugins/com.nxp.mcuxpresso.tools.win32_11.9.1.202402080819/tools/bin/../lib/gcc/arm-none-eabi/12.3.1/../../../../arm-none-eabi/lib/thumb/v8-m.main+fp/hard\libcr_c.a(remove.o)
 .debug_abbrev  0x000046be       0x6b c:/nxp/mcuxpressoide_11.9.1_2170/ide/plugins/com.nxp.mcuxpresso.tools.win32_11.9.1.202402080819/tools/bin/../lib/gcc/arm-none-eabi/12.3.1/../../../../arm-none-eabi/lib/thumb/v8-m.main+fp/hard\libcr_c.a(_cr_check_heap.o)
 .debug_abbrev  0x00004729      0x12c c:/nxp/mcuxpressoide_11.9.1_2170/ide/plugins/com.nxp.mcuxpresso.tools.win32_11.9.1.202402080819/tools/bin/../lib/gcc/arm-none-eabi/12.3.1/../../../../arm-none-eabi/lib/thumb/v8-m.main+fp/hard\libcr_c.a(_do_fflush.o)
 .debug_abbrev  0x00004855       0xb5 c:/nxp/mcuxpressoide_11.9.1_2170/ide/plugins/com.nxp.mcuxpresso.tools.win32_11.9.1.202402080819/tools/bin/../lib/gcc/arm-none-eabi/12.3.1/../../../../arm-none-eabi/lib/thumb/v8-m.main+fp/hard\libcr_nohost_nf.a(__ciob.o)
 .debug_abbrev  0x0000490a       0x2e c:/nxp/mcuxpressoide_11.9.1_2170/ide/plugins/com.nxp.mcuxpresso.tools.win32_11.9.1.202402080819/tools/bin/../lib/gcc/arm-none-eabi/12.3.1/../../../../arm-none-eabi/lib/thumb/v8-m.main+fp/hard\libcr_nohost_nf.a(__sys_appexit.o)
 .debug_abbrev  0x00004938       0x51 c:/nxp/mcuxpressoide_11.9.1_2170/ide/plugins/com.nxp.mcuxpresso.tools.win32_11.9.1.202402080819/tools/bin/../lib/gcc/arm-none-eabi/12.3.1/../../../../arm-none-eabi/lib/thumb/v8-m.main+fp/hard\libcr_nohost_nf.a(__sys_close.o)
 .debug_abbrev  0x00004989       0x51 c:/nxp/mcuxpressoide_11.9.1_2170/ide/plugins/com.nxp.mcuxpresso.tools.win32_11.9.1.202402080819/tools/bin/../lib/gcc/arm-none-eabi/12.3.1/../../../../arm-none-eabi/lib/thumb/v8-m.main+fp/hard\libcr_nohost_nf.a(__sys_flen.o)
 .debug_abbrev  0x000049da       0x51 c:/nxp/mcuxpressoide_11.9.1_2170/ide/plugins/com.nxp.mcuxpresso.tools.win32_11.9.1.202402080819/tools/bin/../lib/gcc/arm-none-eabi/12.3.1/../../../../arm-none-eabi/lib/thumb/v8-m.main+fp/hard\libcr_nohost_nf.a(__sys_istty.o)
 .debug_abbrev  0x00004a2b       0x7d c:/nxp/mcuxpressoide_11.9.1_2170/ide/plugins/com.nxp.mcuxpresso.tools.win32_11.9.1.202402080819/tools/bin/../lib/gcc/arm-none-eabi/12.3.1/../../../../arm-none-eabi/lib/thumb/v8-m.main+fp/hard\libcr_nohost_nf.a(__sys_remove.o)
 .debug_abbrev  0x00004aa8       0x62 c:/nxp/mcuxpressoide_11.9.1_2170/ide/plugins/com.nxp.mcuxpresso.tools.win32_11.9.1.202402080819/tools/bin/../lib/gcc/arm-none-eabi/12.3.1/../../../../arm-none-eabi/lib/thumb/v8-m.main+fp/hard\libcr_nohost_nf.a(__sys_seek.o)
 .debug_abbrev  0x00004b0a       0x76 c:/nxp/mcuxpressoide_11.9.1_2170/ide/plugins/com.nxp.mcuxpresso.tools.win32_11.9.1.202402080819/tools/bin/../lib/gcc/arm-none-eabi/12.3.1/../../../../arm-none-eabi/lib/thumb/v8-m.main+fp/hard\libcr_nohost_nf.a(__sys_tmpnam.o)
 .debug_abbrev  0x00004b80       0x76 c:/nxp/mcuxpressoide_11.9.1_2170/ide/plugins/com.nxp.mcuxpresso.tools.win32_11.9.1.202402080819/tools/bin/../lib/gcc/arm-none-eabi/12.3.1/../../../../arm-none-eabi/lib/thumb/v8-m.main+fp/hard\libcr_nohost_nf.a(__sys_write.o)

.debug_aranges  0x00000000     0x1218
 .debug_aranges
                0x00000000       0x28 ./utilities/fsl_assert.o
 .debug_aranges
                0x00000028       0xa8 ./utilities/fsl_debug_console.o
 .debug_aranges
                0x000000d0       0xe8 ./utilities/fsl_str.o
 .debug_aranges
                0x000001b8      0x268 ./startup/startup_lpc55s69_cm33_core0.o
 .debug_aranges
                0x00000420       0x20 ./source/tests/test_check_prime.o
 .debug_aranges
                0x00000440       0x20 ./source/tests/test_memcopy.o
 .debug_aranges
                0x00000460       0x20 ./source/src/check_prime.o
 .debug_aranges
                0x00000480       0x30 ./source/src/memcopy_functions.o
 .debug_aranges
                0x000004b0       0x28 ./source/Day3_testing.o
 .debug_aranges
                0x000004d8       0x20 ./source/semihost_hardfault.o
 .debug_aranges
                0x000004f8       0x30 ./source/test_utils.o
 .debug_aranges
                0x00000528      0x228 ./drivers/fsl_clock.o
 .debug_aranges
                0x00000750       0x38 ./drivers/fsl_common_arm.o
 .debug_aranges
                0x00000788       0xe0 ./drivers/fsl_ctimer.o
 .debug_aranges
                0x00000868       0x90 ./drivers/fsl_flexcomm.o
 .debug_aranges
                0x000008f8       0xc8 ./drivers/fsl_power.o
 .debug_aranges
                0x000009c0       0x30 ./drivers/fsl_reset.o
 .debug_aranges
                0x000009f0       0xf8 ./drivers/fsl_usart.o
 .debug_aranges
                0x00000ae8       0x88 ./device/system_LPC55S69_cm33_core0.o
 .debug_aranges
                0x00000b70       0x58 ./component/uart/fsl_adapter_usart.o
 .debug_aranges
                0x00000bc8       0xa0 ./component/serial_manager/fsl_component_serial_manager.o
 .debug_aranges
                0x00000c68       0x48 ./component/serial_manager/fsl_component_serial_port_uart.o
 .debug_aranges
                0x00000cb0       0x28 ./board/board.o
 .debug_aranges
                0x00000cd8       0x50 ./board/clock_config.o
 .debug_aranges
                0x00000d28       0x28 ./board/peripherals.o
 .debug_aranges
                0x00000d50       0x70 ./board/pin_mux.o
 .debug_aranges
                0x00000dc0       0x20 c:/nxp/mcuxpressoide_11.9.1_2170/ide/plugins/com.nxp.mcuxpresso.tools.win32_11.9.1.202402080819/tools/bin/../lib/gcc/arm-none-eabi/12.3.1/../../../../arm-none-eabi/lib/thumb/v8-m.main+fp/hard\libcr_nohost_nf.a(_cr__main.o)
 .debug_aranges
                0x00000de0       0x20 c:/nxp/mcuxpressoide_11.9.1_2170/ide/plugins/com.nxp.mcuxpresso.tools.win32_11.9.1.202402080819/tools/bin/../lib/gcc/arm-none-eabi/12.3.1/../../../../arm-none-eabi/lib/thumb/v8-m.main+fp/hard\libcr_c.a(memcpy.o)
 .debug_aranges
                0x00000e00       0x20 c:/nxp/mcuxpressoide_11.9.1_2170/ide/plugins/com.nxp.mcuxpresso.tools.win32_11.9.1.202402080819/tools/bin/../lib/gcc/arm-none-eabi/12.3.1/../../../../arm-none-eabi/lib/thumb/v8-m.main+fp/hard\libcr_c.a(memset.o)
 .debug_aranges
                0x00000e20       0x40 c:/nxp/mcuxpressoide_11.9.1_2170/ide/plugins/com.nxp.mcuxpresso.tools.win32_11.9.1.202402080819/tools/bin/../lib/gcc/arm-none-eabi/12.3.1/../../../../arm-none-eabi/lib/thumb/v8-m.main+fp/hard\libcr_c.a(alloc.o)
 .debug_aranges
                0x00000e60       0x18 c:/nxp/mcuxpressoide_11.9.1_2170/ide/plugins/com.nxp.mcuxpresso.tools.win32_11.9.1.202402080819/tools/bin/../lib/gcc/arm-none-eabi/12.3.1/../../../../arm-none-eabi/lib/thumb/v8-m.main+fp/hard\libcr_c.a(errno.o)
 .debug_aranges
                0x00000e78       0x28 c:/nxp/mcuxpressoide_11.9.1_2170/ide/plugins/com.nxp.mcuxpresso.tools.win32_11.9.1.202402080819/tools/bin/../lib/gcc/arm-none-eabi/12.3.1/../../../../arm-none-eabi/lib/thumb/v8-m.main+fp/hard\libcr_c.a(initio.o)
 .debug_aranges
                0x00000ea0       0x70 c:/nxp/mcuxpressoide_11.9.1_2170/ide/plugins/com.nxp.mcuxpresso.tools.win32_11.9.1.202402080819/tools/bin/../lib/gcc/arm-none-eabi/12.3.1/../../../../arm-none-eabi/lib/thumb/v8-m.main+fp/hard\libcr_c.a(printf.o)
 .debug_aranges
                0x00000f10       0x20 c:/nxp/mcuxpressoide_11.9.1_2170/ide/plugins/com.nxp.mcuxpresso.tools.win32_11.9.1.202402080819/tools/bin/../lib/gcc/arm-none-eabi/12.3.1/../../../../arm-none-eabi/lib/thumb/v8-m.main+fp/hard\libcr_c.a(setvbuf.o)
 .debug_aranges
                0x00000f30       0x20 c:/nxp/mcuxpressoide_11.9.1_2170/ide/plugins/com.nxp.mcuxpresso.tools.win32_11.9.1.202402080819/tools/bin/../lib/gcc/arm-none-eabi/12.3.1/../../../../arm-none-eabi/lib/thumb/v8-m.main+fp/hard\libcr_c.a(strlen.o)
 .debug_aranges
                0x00000f50       0x20 c:/nxp/mcuxpressoide_11.9.1_2170/ide/plugins/com.nxp.mcuxpresso.tools.win32_11.9.1.202402080819/tools/bin/../lib/gcc/arm-none-eabi/12.3.1/../../../../arm-none-eabi/lib/thumb/v8-m.main+fp/hard\libcr_c.a(__init_alloc.o)
 .debug_aranges
                0x00000f70       0x20 c:/nxp/mcuxpressoide_11.9.1_2170/ide/plugins/com.nxp.mcuxpresso.tools.win32_11.9.1.202402080819/tools/bin/../lib/gcc/arm-none-eabi/12.3.1/../../../../arm-none-eabi/lib/thumb/v8-m.main+fp/hard\libcr_c.a(_cr_sbrk.o)
 .debug_aranges
                0x00000f90       0x28 c:/nxp/mcuxpressoide_11.9.1_2170/ide/plugins/com.nxp.mcuxpresso.tools.win32_11.9.1.202402080819/tools/bin/../lib/gcc/arm-none-eabi/12.3.1/../../../../arm-none-eabi/lib/thumb/v8-m.main+fp/hard\libcr_c.a(_deferredlazyseek.o)
 .debug_aranges
                0x00000fb8       0x20 c:/nxp/mcuxpressoide_11.9.1_2170/ide/plugins/com.nxp.mcuxpresso.tools.win32_11.9.1.202402080819/tools/bin/../lib/gcc/arm-none-eabi/12.3.1/../../../../arm-none-eabi/lib/thumb/v8-m.main+fp/hard\libcr_c.a(_fdopen.o)
 .debug_aranges
                0x00000fd8       0x20 c:/nxp/mcuxpressoide_11.9.1_2170/ide/plugins/com.nxp.mcuxpresso.tools.win32_11.9.1.202402080819/tools/bin/../lib/gcc/arm-none-eabi/12.3.1/../../../../arm-none-eabi/lib/thumb/v8-m.main+fp/hard\libcr_c.a(_fflush.o)
 .debug_aranges
                0x00000ff8       0x20 c:/nxp/mcuxpressoide_11.9.1_2170/ide/plugins/com.nxp.mcuxpresso.tools.win32_11.9.1.202402080819/tools/bin/../lib/gcc/arm-none-eabi/12.3.1/../../../../arm-none-eabi/lib/thumb/v8-m.main+fp/hard\libcr_c.a(_writebuf.o)
 .debug_aranges
                0x00001018       0x20 c:/nxp/mcuxpressoide_11.9.1_2170/ide/plugins/com.nxp.mcuxpresso.tools.win32_11.9.1.202402080819/tools/bin/../lib/gcc/arm-none-eabi/12.3.1/../../../../arm-none-eabi/lib/thumb/v8-m.main+fp/hard\libcr_c.a(fclose.o)
 .debug_aranges
                0x00001038       0x20 c:/nxp/mcuxpressoide_11.9.1_2170/ide/plugins/com.nxp.mcuxpresso.tools.win32_11.9.1.202402080819/tools/bin/../lib/gcc/arm-none-eabi/12.3.1/../../../../arm-none-eabi/lib/thumb/v8-m.main+fp/hard\libcr_c.a(fflush.o)
 .debug_aranges
                0x00001058       0x20 c:/nxp/mcuxpressoide_11.9.1_2170/ide/plugins/com.nxp.mcuxpresso.tools.win32_11.9.1.202402080819/tools/bin/../lib/gcc/arm-none-eabi/12.3.1/../../../../arm-none-eabi/lib/thumb/v8-m.main+fp/hard\libcr_c.a(fseek.o)
 .debug_aranges
                0x00001078       0x20 c:/nxp/mcuxpressoide_11.9.1_2170/ide/plugins/com.nxp.mcuxpresso.tools.win32_11.9.1.202402080819/tools/bin/../lib/gcc/arm-none-eabi/12.3.1/../../../../arm-none-eabi/lib/thumb/v8-m.main+fp/hard\libcr_c.a(ftell.o)
 .debug_aranges
                0x00001098       0x28 c:/nxp/mcuxpressoide_11.9.1_2170/ide/plugins/com.nxp.mcuxpresso.tools.win32_11.9.1.202402080819/tools/bin/../lib/gcc/arm-none-eabi/12.3.1/../../../../arm-none-eabi/lib/thumb/v8-m.main+fp/hard\libcr_c.a(remove.o)
 .debug_aranges
                0x000010c0       0x20 c:/nxp/mcuxpressoide_11.9.1_2170/ide/plugins/com.nxp.mcuxpresso.tools.win32_11.9.1.202402080819/tools/bin/../lib/gcc/arm-none-eabi/12.3.1/../../../../arm-none-eabi/lib/thumb/v8-m.main+fp/hard\libcr_c.a(_cr_check_heap.o)
 .debug_aranges
                0x000010e0       0x20 c:/nxp/mcuxpressoide_11.9.1_2170/ide/plugins/com.nxp.mcuxpresso.tools.win32_11.9.1.202402080819/tools/bin/../lib/gcc/arm-none-eabi/12.3.1/../../../../arm-none-eabi/lib/thumb/v8-m.main+fp/hard\libcr_c.a(_do_fflush.o)
 .debug_aranges
                0x00001100       0x18 c:/nxp/mcuxpressoide_11.9.1_2170/ide/plugins/com.nxp.mcuxpresso.tools.win32_11.9.1.202402080819/tools/bin/../lib/gcc/arm-none-eabi/12.3.1/../../../../arm-none-eabi/lib/thumb/v8-m.main+fp/hard\libcr_nohost_nf.a(__ciob.o)
 .debug_aranges
                0x00001118       0x20 c:/nxp/mcuxpressoide_11.9.1_2170/ide/plugins/com.nxp.mcuxpresso.tools.win32_11.9.1.202402080819/tools/bin/../lib/gcc/arm-none-eabi/12.3.1/../../../../arm-none-eabi/lib/thumb/v8-m.main+fp/hard\libcr_nohost_nf.a(__sys_appexit.o)
 .debug_aranges
                0x00001138       0x20 c:/nxp/mcuxpressoide_11.9.1_2170/ide/plugins/com.nxp.mcuxpresso.tools.win32_11.9.1.202402080819/tools/bin/../lib/gcc/arm-none-eabi/12.3.1/../../../../arm-none-eabi/lib/thumb/v8-m.main+fp/hard\libcr_nohost_nf.a(__sys_close.o)
 .debug_aranges
                0x00001158       0x20 c:/nxp/mcuxpressoide_11.9.1_2170/ide/plugins/com.nxp.mcuxpresso.tools.win32_11.9.1.202402080819/tools/bin/../lib/gcc/arm-none-eabi/12.3.1/../../../../arm-none-eabi/lib/thumb/v8-m.main+fp/hard\libcr_nohost_nf.a(__sys_flen.o)
 .debug_aranges
                0x00001178       0x20 c:/nxp/mcuxpressoide_11.9.1_2170/ide/plugins/com.nxp.mcuxpresso.tools.win32_11.9.1.202402080819/tools/bin/../lib/gcc/arm-none-eabi/12.3.1/../../../../arm-none-eabi/lib/thumb/v8-m.main+fp/hard\libcr_nohost_nf.a(__sys_istty.o)
 .debug_aranges
                0x00001198       0x20 c:/nxp/mcuxpressoide_11.9.1_2170/ide/plugins/com.nxp.mcuxpresso.tools.win32_11.9.1.202402080819/tools/bin/../lib/gcc/arm-none-eabi/12.3.1/../../../../arm-none-eabi/lib/thumb/v8-m.main+fp/hard\libcr_nohost_nf.a(__sys_remove.o)
 .debug_aranges
                0x000011b8       0x20 c:/nxp/mcuxpressoide_11.9.1_2170/ide/plugins/com.nxp.mcuxpresso.tools.win32_11.9.1.202402080819/tools/bin/../lib/gcc/arm-none-eabi/12.3.1/../../../../arm-none-eabi/lib/thumb/v8-m.main+fp/hard\libcr_nohost_nf.a(__sys_seek.o)
 .debug_aranges
                0x000011d8       0x20 c:/nxp/mcuxpressoide_11.9.1_2170/ide/plugins/com.nxp.mcuxpresso.tools.win32_11.9.1.202402080819/tools/bin/../lib/gcc/arm-none-eabi/12.3.1/../../../../arm-none-eabi/lib/thumb/v8-m.main+fp/hard\libcr_nohost_nf.a(__sys_tmpnam.o)