Archive member included to satisfy reference by file (symbol)

c:/nxp/mcuxpressoide_11.9.1_2170/ide/plugins/com.nxp.mcuxpresso.tools.win32_11.9.1.202402080819/tools/bin/../lib/gcc/arm-none-eabi/12.3.1/../../../../arm-none-eabi/lib/thumb/v8-m.main+fp/hard\libcr_nohost_nf.a(_cr__main.o)
                              ./startup/startup_lpc55s69_cm33_core0.o (__main)
c:/nxp/mcuxpressoide_11.9.1_2170/ide/plugins/com.nxp.mcuxpresso.tools.win32_11.9.1.202402080819/tools/bin/../lib/gcc/arm-none-eabi/12.3.1/../../../../arm-none-eabi/lib/thumb/v8-m.main+fp/hard\libcr_c.a(memcpy.o)
                              ./utilities/fsl_str.o (memcpy)
c:/nxp/mcuxpressoide_11.9.1_2170/ide/plugins/com.nxp.mcuxpresso.tools.win32_11.9.1.202402080819/tools/bin/../lib/gcc/arm-none-eabi/12.3.1/../../../../arm-none-eabi/lib/thumb/v8-m.main+fp/hard\libcr_c.a(memset.o)
                              ./utilities/fsl_debug_console.o (memset)
c:/nxp/mcuxpressoide_11.9.1_2170/ide/plugins/com.nxp.mcuxpresso.tools.win32_11.9.1.202402080819/tools/bin/../lib/gcc/arm-none-eabi/12.3.1/../../../../arm-none-eabi/lib/thumb/v8-m.main+fp/hard\libcr_c.a(alloc.o)
                              ./drivers/fsl_common.o (malloc)
c:/nxp/mcuxpressoide_11.9.1_2170/ide/plugins/com.nxp.mcuxpresso.tools.win32_11.9.1.202402080819/tools/bin/../lib/gcc/arm-none-eabi/12.3.1/../../../../arm-none-eabi/lib/thumb/v8-m.main+fp/hard\libcr_c.a(errno.o)
                              ./utilities/fsl_str.o (errno)
c:/nxp/mcuxpressoide_11.9.1_2170/ide/plugins/com.nxp.mcuxpresso.tools.win32_11.9.1.202402080819/tools/bin/../lib/gcc/arm-none-eabi/12.3.1/../../../../arm-none-eabi/lib/thumb/v8-m.main+fp/hard\libcr_c.a(initio.o)
                              c:/nxp/mcuxpressoide_11.9.1_2170/ide/plugins/com.nxp.mcuxpresso.tools.win32_11.9.1.202402080819/tools/bin/../lib/gcc/arm-none-eabi/12.3.1/../../../../arm-none-eabi/lib/thumb/v8-m.main+fp/hard\libcr_nohost_nf.a(_cr__main.o) (_initio)
c:/nxp/mcuxpressoide_11.9.1_2170/ide/plugins/com.nxp.mcuxpresso.tools.win32_11.9.1.202402080819/tools/bin/../lib/gcc/arm-none-eabi/12.3.1/../../../../arm-none-eabi/lib/thumb/v8-m.main+fp/hard\libcr_c.a(scanf.o)
                              ./utilities/fsl_str.o (strtoul)
c:/nxp/mcuxpressoide_11.9.1_2170/ide/plugins/com.nxp.mcuxpresso.tools.win32_11.9.1.202402080819/tools/bin/../lib/gcc/arm-none-eabi/12.3.1/../../../../arm-none-eabi/lib/thumb/v8-m.main+fp/hard\libcr_c.a(setvbuf.o)
                              c:/nxp/mcuxpressoide_11.9.1_2170/ide/plugins/com.nxp.mcuxpresso.tools.win32_11.9.1.202402080819/tools/bin/../lib/gcc/arm-none-eabi/12.3.1/../../../../arm-none-eabi/lib/thumb/v8-m.main+fp/hard\libcr_c.a(initio.o) (setvbuf)
c:/nxp/mcuxpressoide_11.9.1_2170/ide/plugins/com.nxp.mcuxpresso.tools.win32_11.9.1.202402080819/tools/bin/../lib/gcc/arm-none-eabi/12.3.1/../../../../arm-none-eabi/lib/thumb/v8-m.main+fp/hard\libcr_c.a(strlen.o)
                              ./utilities/fsl_str.o (strlen)
c:/nxp/mcuxpressoide_11.9.1_2170/ide/plugins/com.nxp.mcuxpresso.tools.win32_11.9.1.202402080819/tools/bin/../lib/gcc/arm-none-eabi/12.3.1/../../../../arm-none-eabi/lib/thumb/v8-m.main+fp/hard\libcr_c.a(ungetc.o)
                              c:/nxp/mcuxpressoide_11.9.1_2170/ide/plugins/com.nxp.mcuxpresso.tools.win32_11.9.1.202402080819/tools/bin/../lib/gcc/arm-none-eabi/12.3.1/../../../../arm-none-eabi/lib/thumb/v8-m.main+fp/hard\libcr_c.a(scanf.o) (ungetc)
c:/nxp/mcuxpressoide_11.9.1_2170/ide/plugins/com.nxp.mcuxpresso.tools.win32_11.9.1.202402080819/tools/bin/../lib/gcc/arm-none-eabi/12.3.1/../../../../arm-none-eabi/lib/thumb/v8-m.main+fp/hard\libcr_c.a(__fillbuf.o)
                              c:/nxp/mcuxpressoide_11.9.1_2170/ide/plugins/com.nxp.mcuxpresso.tools.win32_11.9.1.202402080819/tools/bin/../lib/gcc/arm-none-eabi/12.3.1/../../../../arm-none-eabi/lib/thumb/v8-m.main+fp/hard\libcr_c.a(scanf.o) (__filbuf)
c:/nxp/mcuxpressoide_11.9.1_2170/ide/plugins/com.nxp.mcuxpresso.tools.win32_11.9.1.202402080819/tools/bin/../lib/gcc/arm-none-eabi/12.3.1/../../../../arm-none-eabi/lib/thumb/v8-m.main+fp/hard\libcr_c.a(__init_alloc.o)
                              c:/nxp/mcuxpressoide_11.9.1_2170/ide/plugins/com.nxp.mcuxpresso.tools.win32_11.9.1.202402080819/tools/bin/../lib/gcc/arm-none-eabi/12.3.1/../../../../arm-none-eabi/lib/thumb/v8-m.main+fp/hard\libcr_c.a(alloc.o) (__heaps)
c:/nxp/mcuxpressoide_11.9.1_2170/ide/plugins/com.nxp.mcuxpresso.tools.win32_11.9.1.202402080819/tools/bin/../lib/gcc/arm-none-eabi/12.3.1/../../../../arm-none-eabi/lib/thumb/v8-m.main+fp/hard\libcr_c.a(_cr_sbrk.o)
                              c:/nxp/mcuxpressoide_11.9.1_2170/ide/plugins/com.nxp.mcuxpresso.tools.win32_11.9.1.202402080819/tools/bin/../lib/gcc/arm-none-eabi/12.3.1/../../../../arm-none-eabi/lib/thumb/v8-m.main+fp/hard\libcr_c.a(alloc.o) (_sbrk)
[...]
Memory Configuration

Name             Origin             Length             Attributes
PROGRAM_FLASH    0x00000000         0x0009d800         xr
SRAM             0x20000000         0x00040000         xrw
SRAMX            0x04000000         0x00008000         xrw
USB_RAM          0x40100000         0x00004000         xrw
SRAM4            0x20040000         0x00004000         xrw
*default*        0x00000000         0xffffffff

Linker script and memory map

LOAD ./utilities/fsl_assert.o
LOAD ./utilities/fsl_debug_console.o
LOAD ./utilities/fsl_str.o
LOAD ./startup/boot_multicore_slave.o
LOAD ./startup/startup_lpc55s69_cm33_core0.o
LOAD ./source/LPC55S69_ex4.o
LOAD ./source/semihost_hardfault.o
LOAD ./drivers/fsl_clock.o
LOAD ./drivers/fsl_common.o
LOAD ./drivers/fsl_common_arm.o
LOAD ./drivers/fsl_ctimer.o
LOAD ./drivers/fsl_flexcomm.o
LOAD ./drivers/fsl_gpio.o
LOAD ./drivers/fsl_i2c.o
LOAD ./drivers/fsl_inputmux.o
LOAD ./drivers/fsl_pint.o
LOAD ./drivers/fsl_power.o
LOAD ./drivers/fsl_reset.o
LOAD ./drivers/fsl_usart.o
LOAD ./device/system_LPC55S69_cm33_core0.o
LOAD ./component/uart/fsl_adapter_usart.o
LOAD ./component/timer_manager/fsl_component_timer_manager.o
LOAD ./component/timer/fsl_adapter_ctimer.o
LOAD ./component/serial_manager/fsl_component_serial_manager.o
LOAD ./component/serial_manager/fsl_component_serial_port_uart.o
LOAD ./component/lists/fsl_component_generic_list.o
LOAD ./component/gpio/fsl_adapter_lpc_gpio.o
LOAD ./component/button/fsl_component_button.o
LOAD ./board/board.o
LOAD ./board/clock_config.o
LOAD ./board/peripherals.o
LOAD ./board/pin_mux.o
START GROUP
LOAD c:/nxp/mcuxpressoide_11.9.1_2170/ide/plugins/com.nxp.mcuxpresso.tools.win32_11.9.1.202402080819/tools/bin/../lib/gcc/arm-none-eabi/12.3.1/../../../../arm-none-eabi/lib/thumb/v8-m.main+fp/hard\libcr_nohost_nf.a
LOAD c:/nxp/mcuxpressoide_11.9.1_2170/ide/plugins/com.nxp.mcuxpresso.tools.win32_11.9.1.202402080819/tools/bin/../lib/gcc/arm-none-eabi/12.3.1/../../../../arm-none-eabi/lib/thumb/v8-m.main+fp/hard\libcr_c.a
LOAD c:/nxp/mcuxpressoide_11.9.1_2170/ide/plugins/com.nxp.mcuxpresso.tools.win32_11.9.1.202402080819/tools/bin/../lib/gcc/arm-none-eabi/12.3.1/thumb/v8-m.main+fp/hard\libcr_eabihelpers.a
LOAD c:/nxp/mcuxpressoide_11.9.1_2170/ide/plugins/com.nxp.mcuxpresso.tools.win32_11.9.1.202402080819/tools/bin/../lib/gcc/arm-none-eabi/12.3.1/thumb/v8-m.main+fp/hard\libgcc.a
END GROUP
                0x00000000                        __base_PROGRAM_FLASH = 0x0
                0x00000000                        __base_Flash = 0x0
                0x0009d800                        __top_PROGRAM_FLASH = 0x9d800
                0x0009d800                        __top_Flash = 0x9d800
                0x20000000                        __base_SRAM = 0x20000000
                0x20000000                        __base_RAM = 0x20000000
                0x20040000                        __top_SRAM = 0x20040000
                0x20040000                        __top_RAM = 0x20040000
                0x04000000                        __base_SRAMX = 0x4000000
                0x04000000                        __base_RAM2 = 0x4000000
                0x04008000                        __top_SRAMX = 0x4008000
                0x04008000                        __top_RAM2 = 0x4008000
                0x40100000                        __base_USB_RAM = 0x40100000
                0x40100000                        __base_RAM3 = 0x40100000
                0x40104000                        __top_USB_RAM = 0x40104000
                0x40104000                        __top_RAM3 = 0x40104000
                0x20040000                        __base_SRAM4 = 0x20040000
                0x20040000                        __base_RAM4 = 0x20040000
                0x20044000                        __top_SRAM4 = 0x20044000
                0x20044000                        __top_RAM4 = 0x20044000

.text           0x00000000     0x32d8
 FILL mask 0xff
                0x00000000                        __vectors_start__ = ABSOLUTE (.)
 *(SORT_BY_ALIGNMENT(.isr_vector))
 .isr_vector    0x00000000      0x130 ./startup/startup_lpc55s69_cm33_core0.o
                0x00000000                g_pfnVectors
                0x00000000                __Vectors
                0x00000130                        . = ALIGN (0x4)
                0x00000130                        __section_table_start = .
                0x00000130                        __data_section_table = .
                0x00000130        0x4 LONG 0x32d8 LOADADDR (.data)
                0x00000134        0x4 LONG 0x20000000 ADDR (.data)
                0x00000138        0x4 LONG 0x8 SIZEOF (.data)
                0x0000013c        0x4 LONG 0x32d8 LOADADDR (.data_RAM2)
                0x00000140        0x4 LONG 0x4000000 ADDR (.data_RAM2)
                0x00000144        0x4 LONG 0x0 SIZEOF (.data_RAM2)
                0x00000148        0x4 LONG 0x32d8 LOADADDR (.data_RAM3)
                0x0000014c        0x4 LONG 0x40100000 ADDR (.data_RAM3)
                0x00000150        0x4 LONG 0x0 SIZEOF (.data_RAM3)
                0x00000154        0x4 LONG 0x32d8 LOADADDR (.data_RAM4)
                0x00000158        0x4 LONG 0x20040000 ADDR (.data_RAM4)
                0x0000015c        0x4 LONG 0x0 SIZEOF (.data_RAM4)
                0x00000160                        __data_section_table_end = .
                0x00000160                        __bss_section_table = .
                0x00000160        0x4 LONG 0x20000008 ADDR (.bss)
                0x00000164        0x4 LONG 0x170 SIZEOF (.bss)
                0x00000168        0x4 LONG 0x4000000 ADDR (.bss_RAM2)
                0x0000016c        0x4 LONG 0x0 SIZEOF (.bss_RAM2)
                0x00000170        0x4 LONG 0x40100000 ADDR (.bss_RAM3)
                0x00000174        0x4 LONG 0x0 SIZEOF (.bss_RAM3)
                0x00000178        0x4 LONG 0x20040000 ADDR (.bss_RAM4)
                0x0000017c        0x4 LONG 0x0 SIZEOF (.bss_RAM4)
                0x00000180                        __bss_section_table_end = .
                0x00000180                        __section_table_end = .
 *(SORT_BY_ALIGNMENT(.after_vectors*))
 .after_vectors.reset
                0x00000180       0x68 ./startup/startup_lpc55s69_cm33_core0.o
                0x00000180                ResetISR
 .after_vectors.init_data
                0x000001e8       0x1e ./startup/startup_lpc55s69_cm33_core0.o
                0x000001e8                data_init
 .after_vectors.init_bss
                0x00000206       0x12 ./startup/startup_lpc55s69_cm33_core0.o
                0x00000206                bss_init
 .after_vectors
                0x00000218       0x16 ./startup/startup_lpc55s69_cm33_core0.o
                0x00000218                NMI_Handler
                0x0000021c                MemManage_Handler
                0x0000021e                BusFault_Handler
                0x00000220                UsageFault_Handler
                0x00000222                SecureFault_Handler
                0x00000224                SVC_Handler
                0x00000226                DebugMon_Handler
                0x00000228                PendSV_Handler
                0x0000022a                SysTick_Handler
                0x0000022c                Reserved42_DriverIRQHandler
                0x0000022c                IntDefaultHandler
                0x0000022c                USB0_DriverIRQHandler
                0x0000022c                CASER_DriverIRQHandler
                0x0000022c                MRT0_DriverIRQHandler
                0x0000022c                UTICK0_DriverIRQHandler
                0x0000022c                Reserved41_DriverIRQHandler
                0x0000022c                GINT1_DriverIRQHandler
                0x0000022c                Reserved55_DriverIRQHandler
                0x0000022c                HASHCRYPT_DriverIRQHandler
                0x0000022c                USB0_NEEDCLK_DriverIRQHandler
                0x0000022c                DMA0_DriverIRQHandler
                0x0000022c                PQ_DriverIRQHandler
                0x0000022c                SEC_VIO_DriverIRQHandler
                0x0000022c                Reserved61_DriverIRQHandler
                0x0000022c                PUF_DriverIRQHandler
                0x0000022c                RTC_DriverIRQHandler
                0x0000022c                Reserved39_DriverIRQHandler
                0x0000022c                Reserved56_DriverIRQHandler
                0x0000022c                USB1_DriverIRQHandler
                0x0000022c                Reserved60_DriverIRQHandler
                0x0000022c                DMA1_DriverIRQHandler
                0x0000022c                ADC0_DriverIRQHandler
                0x0000022c                USB1_NEEDCLK_DriverIRQHandler
                0x0000022c                Reserved59_DriverIRQHandler
                0x0000022c                SDIO_DriverIRQHandler
                0x0000022c                GINT0_DriverIRQHandler
                0x0000022c                USB1_PHY_DriverIRQHandler
                0x0000022c                ACMP_DriverIRQHandler
                0x0000022c                Reserved57_DriverIRQHandler
                0x0000022c                MAILBOX_DriverIRQHandler
                0x0000022c                Reserved46_DriverIRQHandler
                0x0000022c                WDT_BOD_DriverIRQHandler
                0x0000022c                SCT0_DriverIRQHandler
                0x0000022c                PLU_DriverIRQHandler
                0x0000022c                OS_EVENT_DriverIRQHandler
                0x0000022c                SEC_HYPERVISOR_CALL_DriverIRQHandler
 *(SORT_BY_ALIGNMENT(.text*))
 *fill*         0x0000022e        0x2 ff
 .text.__assertion_failed
                0x00000230       0x2c ./utilities/fsl_assert.o
                0x00000230                __assertion_failed
 .text.DbgConsole_SendDataReliable
                0x0000025c       0x54 ./utilities/fsl_debug_console.o
                0x0000025c                DbgConsole_SendDataReliable
 .text.DbgConsole_Vprintf
                0x000002b0       0x6c ./utilities/fsl_debug_console.o
                0x000002b0                DbgConsole_Vprintf
 .text.main     0x0000031c      0x19c ./source/LPC55S69_ex4.o
                0x0000031c                main
 .text.POWER_EnablePD
                0x000004b8       0x20 ./drivers/fsl_clock.o
 .text.POWER_DisablePD
                0x000004d8       0x20 ./drivers/fsl_clock.o
 .text.CLOCK_AttachClk
                0x000004f8       0xa0 ./drivers/fsl_clock.o
                0x000004f8                CLOCK_AttachClk
 .text.CLOCK_SetClkDiv
                0x00000598       0x80 ./drivers/fsl_clock.o
                0x00000598                CLOCK_SetClkDiv
 .text.CLOCK_SetupFROClocking
                0x00000618       0x80 ./drivers/fsl_clock.o
                0x00000618                CLOCK_SetupFROClocking
 .text.CLOCK_SetFLASHAccessCyclesForFreq
                0x00000698      0x17c ./drivers/fsl_clock.o
                0x00000698                CLOCK_SetFLASHAccessCyclesForFreq
 .text.CLOCK_SetupExtClocking
                0x00000814       0x64 ./drivers/fsl_clock.o
                0x00000814                CLOCK_SetupExtClocking
 .text.CLOCK_GetFro1MFreq
                0x00000878       0x28 ./drivers/fsl_clock.o
                0x00000878                CLOCK_GetFro1MFreq
 .text.CLOCK_GetExtClkFreq
                0x000008a0       0x2c ./drivers/fsl_clock.o
                0x000008a0                CLOCK_GetExtClkFreq
 .text.CLOCK_GetOsc32KFreq
                0x000008cc       0x58 ./drivers/fsl_clock.o
                0x000008cc                CLOCK_GetOsc32KFreq
 .text.CLOCK_GetPLL0InClockRate
                0x00000924       0x64 ./drivers/fsl_clock.o
                0x00000924                CLOCK_GetPLL0InClockRate
 .text.CLOCK_SetPLL0Freq
                0x00000988      0x14c ./drivers/fsl_clock.o
                0x00000988                CLOCK_SetPLL0Freq
 .text.SDK_DelayAtLeastUs
                0x00000ad4       0x8c ./drivers/fsl_common_arm.o
                0x00000ad4                SDK_DelayAtLeastUs
 .text.CTIMER_GenericIRQHandler
                0x00000b60       0xb4 ./drivers/fsl_ctimer.o
 .text.FLEXCOMM_GetInstance
                0x00000c14       0x4c ./drivers/fsl_flexcomm.o
                0x00000c14                FLEXCOMM_GetInstance
 .text.FLEXCOMM0_DriverIRQHandler
                0x00000c60       0x5c ./drivers/fsl_flexcomm.o
                0x00000c60                FLEXCOMM0_DriverIRQHandler
 .text.FLEXCOMM1_DriverIRQHandler
                0x00000cbc       0x5c ./drivers/fsl_flexcomm.o
                0x00000cbc                FLEXCOMM1_DriverIRQHandler
 .text.FLEXCOMM2_DriverIRQHandler
                0x00000d18       0x5c ./drivers/fsl_flexcomm.o
                0x00000d18                FLEXCOMM2_DriverIRQHandler
 .text.FLEXCOMM3_DriverIRQHandler
                0x00000d74       0x5c ./drivers/fsl_flexcomm.o
                0x00000d74                FLEXCOMM3_DriverIRQHandler
 .text.FLEXCOMM4_DriverIRQHandler
                0x00000dd0       0x5c ./drivers/fsl_flexcomm.o
                0x00000dd0                FLEXCOMM4_DriverIRQHandler
 .text.FLEXCOMM5_DriverIRQHandler
                0x00000e2c       0x5c ./drivers/fsl_flexcomm.o
                0x00000e2c                FLEXCOMM5_DriverIRQHandler
 .text.FLEXCOMM6_DriverIRQHandler
                0x00000e88       0x5c ./drivers/fsl_flexcomm.o
                0x00000e88                FLEXCOMM6_DriverIRQHandler
 .text.FLEXCOMM7_DriverIRQHandler
                0x00000ee4       0x5c ./drivers/fsl_flexcomm.o
                0x00000ee4                FLEXCOMM7_DriverIRQHandler
 .text.FLEXCOMM8_DriverIRQHandler
                0x00000f40       0x5c ./drivers/fsl_flexcomm.o
                0x00000f40                FLEXCOMM8_DriverIRQHandler
 .text.GPIO_EnablePortClock
                0x00000f9c       0x34 ./drivers/fsl_gpio.o
 .text.SEC_GPIO_INT0_IRQ0_DriverIRQHandler
                0x00000fd0       0x48 ./drivers/fsl_pint.o
                0x00000fd0                SEC_GPIO_INT0_IRQ0_DriverIRQHandler
 .text.SEC_GPIO_INT0_IRQ1_DriverIRQHandler
                0x00001018       0x44 ./drivers/fsl_pint.o
                0x00001018                SEC_GPIO_INT0_IRQ1_DriverIRQHandler
 .text.PIN_INT0_DriverIRQHandler
                0x0000105c       0x48 ./drivers/fsl_pint.o
                0x0000105c                PIN_INT0_DriverIRQHandler
 .text.PIN_INT1_DriverIRQHandler
                0x000010a4       0x48 ./drivers/fsl_pint.o
                0x000010a4                PIN_INT1_DriverIRQHandler
 .text.PIN_INT2_DriverIRQHandler
                0x000010ec       0x48 ./drivers/fsl_pint.o
                0x000010ec                PIN_INT2_DriverIRQHandler
 .text.PIN_INT3_DriverIRQHandler
                0x00001134       0x48 ./drivers/fsl_pint.o
                0x00001134                PIN_INT3_DriverIRQHandler
 .text.PIN_INT4_DriverIRQHandler
                0x0000117c       0x48 ./drivers/fsl_pint.o
                0x0000117c                PIN_INT4_DriverIRQHandler
 .text.PIN_INT5_DriverIRQHandler
                0x000011c4       0x48 ./drivers/fsl_pint.o
                0x000011c4                PIN_INT5_DriverIRQHandler
 .text.PIN_INT6_DriverIRQHandler
                0x0000120c       0x48 ./drivers/fsl_pint.o
                0x0000120c                PIN_INT6_DriverIRQHandler
 .text.PIN_INT7_DriverIRQHandler
                0x00001254       0x48 ./drivers/fsl_pint.o
                0x00001254                PIN_INT7_DriverIRQHandler
 .text.lowpower_set_system_voltage
                0x0000129c      0x154 ./drivers/fsl_power.o
 .text.lowpower_set_dcdc_power_profile
                0x000013f0       0xec ./drivers/fsl_power.o
 .text.lowpower_get_part_process_corner
                0x000014dc       0x94 ./drivers/fsl_power.o
 .text.POWER_SetVoltageForFreq
                0x00001570       0x50 ./drivers/fsl_power.o
                0x00001570                POWER_SetVoltageForFreq
 .text.USART_WriteBlocking
                0x000015c0       0x8c ./drivers/fsl_usart.o
                0x000015c0                USART_WriteBlocking
 .text.SystemInit
                0x0000164c       0x64 ./device/system_LPC55S69_cm33_core0.o
                0x0000164c                SystemInit
 .text.HAL_UartSendBlocking
                0x000016b0       0x64 ./component/uart/fsl_adapter_usart.o
                0x000016b0                HAL_UartSendBlocking
 .text.POWER_DisablePD
                0x00001714       0x20 ./board/clock_config.o
 .text.BOARD_BootClockPLL150M
                0x00001734       0xe0 ./board/clock_config.o
                0x00001734                BOARD_BootClockPLL150M
 .text.BOARD_InitDEBUG_UARTPins
                0x00001814       0x3c ./board/pin_mux.o
                0x00001814                BOARD_InitDEBUG_UARTPins
 .text.BOARD_InitLEDsPins
                0x00001850       0x94 ./board/pin_mux.o
                0x00001850                BOARD_InitLEDsPins
 .text.BOARD_InitBUTTONsPins
                0x000018e4       0xbc ./board/pin_mux.o
                0x000018e4                BOARD_InitBUTTONsPins
 .text._initio  0x000019a0       0x78 c:/nxp/mcuxpressoide_11.9.1_2170/ide/plugins/com.nxp.mcuxpresso.tools.win32_11.9.1.202402080819/tools/bin/../lib/gcc/arm-none-eabi/12.3.1/../../../../arm-none-eabi/lib/thumb/v8-m.main+fp/hard\libcr_c.a(initio.o)
                0x000019a0                _initio
 .text._Cwritebuf
                0x00001a18       0x6c c:/nxp/mcuxpressoide_11.9.1_2170/ide/plugins/com.nxp.mcuxpresso.tools.win32_11.9.1.202402080819/tools/bin/../lib/gcc/arm-none-eabi/12.3.1/../../../../arm-none-eabi/lib/thumb/v8-m.main+fp/hard\libcr_c.a(_writebuf.o)
                0x00001a18                _Cwritebuf
 .text.fflush   0x00001a84       0x3c c:/nxp/mcuxpressoide_11.9.1_2170/ide/plugins/com.nxp.mcuxpresso.tools.win32_11.9.1.202402080819/tools/bin/../lib/gcc/arm-none-eabi/12.3.1/../../../../arm-none-eabi/lib/thumb/v8-m.main+fp/hard\libcr_c.a(fflush.o)
                0x00001a84                fflush
 .text.fseek    0x00001ac0       0xf8 c:/nxp/mcuxpressoide_11.9.1_2170/ide/plugins/com.nxp.mcuxpresso.tools.win32_11.9.1.202402080819/tools/bin/../lib/gcc/arm-none-eabi/12.3.1/../../../../arm-none-eabi/lib/thumb/v8-m.main+fp/hard\libcr_c.a(fseek.o)
                0x00001ac0                fseek
 .text.ftell    0x00001bb8       0x44 c:/nxp/mcuxpressoide_11.9.1_2170/ide/plugins/com.nxp.mcuxpresso.tools.win32_11.9.1.202402080819/tools/bin/../lib/gcc/arm-none-eabi/12.3.1/../../../../arm-none-eabi/lib/thumb/v8-m.main+fp/hard\libcr_c.a(ftell.o)
                0x00001bb8                ftell
 .text.fsl_assert_hook
                0x00001bfc       0x1a ./utilities/fsl_assert.o
                0x00001bfc                fsl_assert_hook
 .text.DbgConsole_PrintCallback
                0x00001c16       0x66 ./utilities/fsl_debug_console.o
 .text.DbgConsole_Printf
                0x00001c7c       0x2c ./utilities/fsl_debug_console.o
                0x00001c7c                DbgConsole_Printf
 .text.PrintGetWidth
                0x00001ca8       0x6a ./utilities/fsl_str.o
 .text.PrintGetPrecision
                0x00001d12       0x8c ./utilities/fsl_str.o
 .text.PrintIsobpu
                0x00001d9e       0x38 ./utilities/fsl_str.o
 .text.PrintIsdi
                0x00001dd6       0x2c ./utilities/fsl_str.o
 .text.PrintOutputdifFobpu
                0x00001e02       0x44 ./utilities/fsl_str.o
 .text.PrintOutputxX
                0x00001e46       0x44 ./utilities/fsl_str.o
 .text.PrintIsfF
                0x00001e8a       0x2c ./utilities/fsl_str.o
 .text.PrintIsxX
                0x00001eb6       0x2c ./utilities/fsl_str.o
 .text.PrintFilterLengthFlag
                0x00001ee2       0x3e ./utilities/fsl_str.o
 .text.PrintGetRadixFromobpu
                0x00001f20       0x40 ./utilities/fsl_str.o
 .text.ConvertRadixNumToString
                0x00001f60       0xc2 ./utilities/fsl_str.o
 .text.StrFormatExaminedi
                0x00002022       0x26 ./utilities/fsl_str.o
 .text.StrFormatExaminexX
                0x00002048       0x26 ./utilities/fsl_str.o
 .text.StrFormatExamineobpu
                0x0000206e       0x26 ./utilities/fsl_str.o
 .text.ConvertPrecisionWidthToLength
                0x00002094       0x20 ./utilities/fsl_str.o
 .text.StrFormatPrintf
                0x000020b4      0x2bc ./utilities/fsl_str.o
                0x000020b4                StrFormatPrintf
 .text.WDT_BOD_IRQHandler
                0x00002370        0x8 ./startup/startup_lpc55s69_cm33_core0.o
                0x00002370                WDT_BOD_IRQHandler
 .text.DMA0_IRQHandler
                0x00002378        0x8 ./startup/startup_lpc55s69_cm33_core0.o
                0x00002378                DMA0_IRQHandler
 .text.GINT0_IRQHandler
                0x00002380        0x8 ./startup/startup_lpc55s69_cm33_core0.o
                0x00002380                GINT0_IRQHandler
 .text.GINT1_IRQHandler
                0x00002388        0x8 ./startup/startup_lpc55s69_cm33_core0.o
                0x00002388                GINT1_IRQHandler
 .text.PIN_INT0_IRQHandler
                0x00002390        0x8 ./startup/startup_lpc55s69_cm33_core0.o
                0x00002390                PIN_INT0_IRQHandler
 .text.PIN_INT1_IRQHandler
                0x00002398        0x8 ./startup/startup_lpc55s69_cm33_core0.o
                0x00002398                PIN_INT1_IRQHandler
 .text.PIN_INT2_IRQHandler
                0x000023a0        0x8 ./startup/startup_lpc55s69_cm33_core0.o
                0x000023a0                PIN_INT2_IRQHandler
 .text.PIN_INT3_IRQHandler
                0x000023a8        0x8 ./startup/startup_lpc55s69_cm33_core0.o
                0x000023a8                PIN_INT3_IRQHandler
 .text.UTICK0_IRQHandler
                0x000023b0        0x8 ./startup/startup_lpc55s69_cm33_core0.o
                0x000023b0                UTICK0_IRQHandler
 .text.MRT0_IRQHandler
                0x000023b8        0x8 ./startup/startup_lpc55s69_cm33_core0.o
                0x000023b8                MRT0_IRQHandler
 .text.CTIMER0_IRQHandler
                0x000023c0        0x8 ./startup/startup_lpc55s69_cm33_core0.o
                0x000023c0                CTIMER0_IRQHandler
 .text.CTIMER1_IRQHandler
                0x000023c8        0x8 ./startup/startup_lpc55s69_cm33_core0.o
                0x000023c8                CTIMER1_IRQHandler
 .text.SCT0_IRQHandler
                0x000023d0        0x8 ./startup/startup_lpc55s69_cm33_core0.o
                0x000023d0                SCT0_IRQHandler
 .text.CTIMER3_IRQHandler
                0x000023d8        0x8 ./startup/startup_lpc55s69_cm33_core0.o
                0x000023d8                CTIMER3_IRQHandler
 .text.FLEXCOMM0_IRQHandler
                0x000023e0        0x8 ./startup/startup_lpc55s69_cm33_core0.o
                0x000023e0                FLEXCOMM0_IRQHandler
 .text.FLEXCOMM1_IRQHandler
                0x000023e8        0x8 ./startup/startup_lpc55s69_cm33_core0.o
                0x000023e8                FLEXCOMM1_IRQHandler
 .text.FLEXCOMM2_IRQHandler
                0x000023f0        0x8 ./startup/startup_lpc55s69_cm33_core0.o
                0x000023f0                FLEXCOMM2_IRQHandler
 .text.FLEXCOMM3_IRQHandler
                0x000023f8        0x8 ./startup/startup_lpc55s69_cm33_core0.o
                0x000023f8                FLEXCOMM3_IRQHandler
 .text.FLEXCOMM4_IRQHandler
                0x00002400        0x8 ./startup/startup_lpc55s69_cm33_core0.o
                0x00002400                FLEXCOMM4_IRQHandler
 .text.FLEXCOMM5_IRQHandler
                0x00002408        0x8 ./startup/startup_lpc55s69_cm33_core0.o
                0x00002408                FLEXCOMM5_IRQHandler
 .text.FLEXCOMM6_IRQHandler
                0x00002410        0x8 ./startup/startup_lpc55s69_cm33_core0.o
                0x00002410                FLEXCOMM6_IRQHandler
 .text.FLEXCOMM7_IRQHandler
                0x00002418        0x8 ./startup/startup_lpc55s69_cm33_core0.o
                0x00002418                FLEXCOMM7_IRQHandler
 .text.ADC0_IRQHandler
                0x00002420        0x8 ./startup/startup_lpc55s69_cm33_core0.o
                0x00002420                ADC0_IRQHandler
 .text.Reserved39_IRQHandler
                0x00002428        0x8 ./startup/startup_lpc55s69_cm33_core0.o
                0x00002428                Reserved39_IRQHandler
 .text.ACMP_IRQHandler
                0x00002430        0x8 ./startup/startup_lpc55s69_cm33_core0.o
                0x00002430                ACMP_IRQHandler
 .text.Reserved41_IRQHandler
                0x00002438        0x8 ./startup/startup_lpc55s69_cm33_core0.o
                0x00002438                Reserved41_IRQHandler
 .text.Reserved42_IRQHandler
                0x00002440        0x8 ./startup/startup_lpc55s69_cm33_core0.o
                0x00002440                Reserved42_IRQHandler
 .text.USB0_NEEDCLK_IRQHandler
                0x00002448        0x8 ./startup/startup_lpc55s69_cm33_core0.o
                0x00002448                USB0_NEEDCLK_IRQHandler
 .text.USB0_IRQHandler
                0x00002450        0x8 ./startup/startup_lpc55s69_cm33_core0.o
                0x00002450                USB0_IRQHandler
 .text.RTC_IRQHandler
                0x00002458        0x8 ./startup/startup_lpc55s69_cm33_core0.o
                0x00002458                RTC_IRQHandler
 .text.Reserved46_IRQHandler
                0x00002460        0x8 ./startup/startup_lpc55s69_cm33_core0.o
                0x00002460                Reserved46_IRQHandler
 .text.MAILBOX_IRQHandler
                0x00002468        0x8 ./startup/startup_lpc55s69_cm33_core0.o
                0x00002468                MAILBOX_IRQHandler
 .text.PIN_INT4_IRQHandler
                0x00002470        0x8 ./startup/startup_lpc55s69_cm33_core0.o
                0x00002470                PIN_INT4_IRQHandler
 .text.PIN_INT5_IRQHandler
                0x00002478        0x8 ./startup/startup_lpc55s69_cm33_core0.o
                0x00002478                PIN_INT5_IRQHandler
 .text.PIN_INT6_IRQHandler
                0x00002480        0x8 ./startup/startup_lpc55s69_cm33_core0.o
                0x00002480                PIN_INT6_IRQHandler
 .text.PIN_INT7_IRQHandler
                0x00002488        0x8 ./startup/startup_lpc55s69_cm33_core0.o
                0x00002488                PIN_INT7_IRQHandler
 .text.CTIMER2_IRQHandler
                0x00002490        0x8 ./startup/startup_lpc55s69_cm33_core0.o
                0x00002490                CTIMER2_IRQHandler
 .text.CTIMER4_IRQHandler
                0x00002498        0x8 ./startup/startup_lpc55s69_cm33_core0.o
                0x00002498                CTIMER4_IRQHandler
 .text.OS_EVENT_IRQHandler
                0x000024a0        0x8 ./startup/startup_lpc55s69_cm33_core0.o
                0x000024a0                OS_EVENT_IRQHandler
 .text.Reserved55_IRQHandler
                0x000024a8        0x8 ./startup/startup_lpc55s69_cm33_core0.o
                0x000024a8                Reserved55_IRQHandler
 .text.Reserved56_IRQHandler
                0x000024b0        0x8 ./startup/startup_lpc55s69_cm33_core0.o
                0x000024b0                Reserved56_IRQHandler
 .text.Reserved57_IRQHandler
                0x000024b8        0x8 ./startup/startup_lpc55s69_cm33_core0.o
                0x000024b8                Reserved57_IRQHandler
 .text.SDIO_IRQHandler
                0x000024c0        0x8 ./startup/startup_lpc55s69_cm33_core0.o
                0x000024c0                SDIO_IRQHandler
 .text.Reserved59_IRQHandler
                0x000024c8        0x8 ./startup/startup_lpc55s69_cm33_core0.o
                0x000024c8                Reserved59_IRQHandler
 .text.Reserved60_IRQHandler
                0x000024d0        0x8 ./startup/startup_lpc55s69_cm33_core0.o
                0x000024d0                Reserved60_IRQHandler
 .text.Reserved61_IRQHandler
                0x000024d8        0x8 ./startup/startup_lpc55s69_cm33_core0.o
                0x000024d8                Reserved61_IRQHandler
 .text.USB1_PHY_IRQHandler
                0x000024e0        0x8 ./startup/startup_lpc55s69_cm33_core0.o
                0x000024e0                USB1_PHY_IRQHandler
 .text.USB1_IRQHandler
                0x000024e8        0x8 ./startup/startup_lpc55s69_cm33_core0.o
                0x000024e8                USB1_IRQHandler
 .text.USB1_NEEDCLK_IRQHandler
                0x000024f0        0x8 ./startup/startup_lpc55s69_cm33_core0.o
                0x000024f0                USB1_NEEDCLK_IRQHandler
 .text.SEC_HYPERVISOR_CALL_IRQHandler
                0x000024f8        0x8 ./startup/startup_lpc55s69_cm33_core0.o
                0x000024f8                SEC_HYPERVISOR_CALL_IRQHandler
 .text.SEC_GPIO_INT0_IRQ0_IRQHandler
                0x00002500        0x8 ./startup/startup_lpc55s69_cm33_core0.o
                0x00002500                SEC_GPIO_INT0_IRQ0_IRQHandler
 .text.SEC_GPIO_INT0_IRQ1_IRQHandler
                0x00002508        0x8 ./startup/startup_lpc55s69_cm33_core0.o
                0x00002508                SEC_GPIO_INT0_IRQ1_IRQHandler
 .text.PLU_IRQHandler
                0x00002510        0x8 ./startup/startup_lpc55s69_cm33_core0.o
                0x00002510                PLU_IRQHandler
 .text.SEC_VIO_IRQHandler
                0x00002518        0x8 ./startup/startup_lpc55s69_cm33_core0.o
                0x00002518                SEC_VIO_IRQHandler
 .text.HASHCRYPT_IRQHandler
                0x00002520        0x8 ./startup/startup_lpc55s69_cm33_core0.o
                0x00002520                HASHCRYPT_IRQHandler
 .text.CASER_IRQHandler
                0x00002528        0x8 ./startup/startup_lpc55s69_cm33_core0.o
                0x00002528                CASER_IRQHandler
 .text.PUF_IRQHandler
                0x00002530        0x8 ./startup/startup_lpc55s69_cm33_core0.o
                0x00002530                PUF_IRQHandler
 .text.PQ_IRQHandler
                0x00002538        0x8 ./startup/startup_lpc55s69_cm33_core0.o
                0x00002538                PQ_IRQHandler
 .text.DMA1_IRQHandler
                0x00002540        0x8 ./startup/startup_lpc55s69_cm33_core0.o
                0x00002540                DMA1_IRQHandler
 .text.FLEXCOMM8_IRQHandler
                0x00002548        0x8 ./startup/startup_lpc55s69_cm33_core0.o
                0x00002548                FLEXCOMM8_IRQHandler
 .text.GPIO_PinWrite
                0x00002550       0x2a ./source/LPC55S69_ex4.o
 .text.GPIO_PinRead
                0x0000257a       0x28 ./source/LPC55S69_ex4.o
 .text.HardFault_Handler
                0x000025a2       0x36 ./source/semihost_hardfault.o
                0x000025a2                HardFault_Handler
 .text.CLOCK_IsPLL0Locked
                0x000025d8       0x24 ./drivers/fsl_clock.o
 .text.findPll0PreDiv
                0x000025fc       0x3e ./drivers/fsl_clock.o
 .text.DelayLoop
                0x0000263a       0x20 ./drivers/fsl_common_arm.o
 .text.CTIMER_GetStatusFlags
                0x0000265a       0x18 ./drivers/fsl_ctimer.o
 .text.CTIMER_ClearStatusFlags
                0x00002672       0x1c ./drivers/fsl_ctimer.o
 .text.CTIMER0_DriverIRQHandler
                0x0000268e        0xe ./drivers/fsl_ctimer.o
                0x0000268e                CTIMER0_DriverIRQHandler
 .text.CTIMER1_DriverIRQHandler
                0x0000269c        0xe ./drivers/fsl_ctimer.o
                0x0000269c                CTIMER1_DriverIRQHandler
 .text.CTIMER2_DriverIRQHandler
                0x000026aa        0xe ./drivers/fsl_ctimer.o
                0x000026aa                CTIMER2_DriverIRQHandler
 .text.CTIMER3_DriverIRQHandler
                0x000026b8        0xe ./drivers/fsl_ctimer.o
                0x000026b8                CTIMER3_DriverIRQHandler
 .text.CTIMER4_DriverIRQHandler
                0x000026c6        0xe ./drivers/fsl_ctimer.o
                0x000026c6                CTIMER4_DriverIRQHandler
 .text.CLOCK_EnableClock
                0x000026d4       0x30 ./drivers/fsl_gpio.o
 .text.GPIO_PinInit
                0x00002704       0xa4 ./drivers/fsl_gpio.o
                0x00002704                GPIO_PinInit
 .text.PINT_PatternMatchResetDetectLogic
                0x000027a8       0x34 ./drivers/fsl_pint.o
                0x000027a8                PINT_PatternMatchResetDetectLogic
 .text.PINT_PinInterruptClrStatus
                0x000027dc       0x4e ./drivers/fsl_pint.o
                0x000027dc                PINT_PinInterruptClrStatus
 .text.lowpower_set_voltage_for_process
                0x0000282a       0xaa ./drivers/fsl_power.o
 .text.SystemInitHook
                0x000028d4        0xe ./device/system_LPC55S69_cm33_core0.o
                0x000028d4                SystemInitHook
 .text.SerialManager_StartWriting
                0x000028e2       0x38 ./component/serial_manager/fsl_component_serial_manager.o
 .text.SerialManager_Write
                0x0000291a       0x44 ./component/serial_manager/fsl_component_serial_manager.o
 .text.SerialManager_WriteBlocking
                0x0000295e       0x20 ./component/serial_manager/fsl_component_serial_manager.o
                0x0000295e                SerialManager_WriteBlocking
 .text.Serial_UartWrite
                0x0000297e       0x38 ./component/serial_manager/fsl_component_serial_port_uart.o
                0x0000297e                Serial_UartWrite
 .text.BOARD_InitBootClocks
                0x000029b6        0xc ./board/clock_config.o
                0x000029b6                BOARD_InitBootClocks
 .text.BOARD_InitPeripherals_cm33_core0
                0x000029c2        0xe ./board/peripherals.o
                0x000029c2                BOARD_InitPeripherals_cm33_core0
 .text.BOARD_InitBootPeripherals
                0x000029d0        0xc ./board/peripherals.o
                0x000029d0                BOARD_InitBootPeripherals
 .text.Chip_GetVersion
                0x000029dc       0x36 ./board/pin_mux.o
 .text.CLOCK_EnableClock
                0x00002a12       0x30 ./board/pin_mux.o
 .text.IOCON_PinMuxSet
                0x00002a42       0x2e ./board/pin_mux.o
 .text.BOARD_InitBootPins
                0x00002a70        0xc ./board/pin_mux.o
                0x00002a70                BOARD_InitBootPins
 .text.__main   0x00002a7c        0xe c:/nxp/mcuxpressoide_11.9.1_2170/ide/plugins/com.nxp.mcuxpresso.tools.win32_11.9.1.202402080819/tools/bin/../lib/gcc/arm-none-eabi/12.3.1/../../../../arm-none-eabi/lib/thumb/v8-m.main+fp/hard\libcr_nohost_nf.a(_cr__main.o)
                0x00002a7c                __main
 .text.memcpy   0x00002a8a        0x4 c:/nxp/mcuxpressoide_11.9.1_2170/ide/plugins/com.nxp.mcuxpresso.tools.win32_11.9.1.202402080819/tools/bin/../lib/gcc/arm-none-eabi/12.3.1/../../../../arm-none-eabi/lib/thumb/v8-m.main+fp/hard\libcr_c.a(memcpy.o)
                0x00002a8a                memcpy
 .text.memset   0x00002a8e        0x4 c:/nxp/mcuxpressoide_11.9.1_2170/ide/plugins/com.nxp.mcuxpresso.tools.win32_11.9.1.202402080819/tools/bin/../lib/gcc/arm-none-eabi/12.3.1/../../../../arm-none-eabi/lib/thumb/v8-m.main+fp/hard\libcr_c.a(memset.o)
                0x00002a8e                memset
 .text.free     0x00002a92       0x30 c:/nxp/mcuxpressoide_11.9.1_2170/ide/plugins/com.nxp.mcuxpresso.tools.win32_11.9.1.202402080819/tools/bin/../lib/gcc/arm-none-eabi/12.3.1/../../../../arm-none-eabi/lib/thumb/v8-m.main+fp/hard\libcr_c.a(alloc.o)
                0x00002a92                free
 .text.setvbuf  0x00002ac2       0x3e c:/nxp/mcuxpressoide_11.9.1_2170/ide/plugins/com.nxp.mcuxpresso.tools.win32_11.9.1.202402080819/tools/bin/../lib/gcc/arm-none-eabi/12.3.1/../../../../arm-none-eabi/lib/thumb/v8-m.main+fp/hard\libcr_c.a(setvbuf.o)
                0x00002ac2                setvbuf
 .text.strlen   0x00002b00       0x4e c:/nxp/mcuxpressoide_11.9.1_2170/ide/plugins/com.nxp.mcuxpresso.tools.win32_11.9.1.202402080819/tools/bin/../lib/gcc/arm-none-eabi/12.3.1/../../../../arm-none-eabi/lib/thumb/v8-m.main+fp/hard\libcr_c.a(strlen.o)
                0x00002b00                strlen
 .text._deferredlazyseek
                0x00002b4e       0x40 c:/nxp/mcuxpressoide_11.9.1_2170/ide/plugins/com.nxp.mcuxpresso.tools.win32_11.9.1.202402080819/tools/bin/../lib/gcc/arm-none-eabi/12.3.1/../../../../arm-none-eabi/lib/thumb/v8-m.main+fp/hard\libcr_c.a(_deferredlazyseek.o)
                0x00002b4e                _deferredlazyseek
 .text._fdopen  0x00002b8e       0x68 c:/nxp/mcuxpressoide_11.9.1_2170/ide/plugins/com.nxp.mcuxpresso.tools.win32_11.9.1.202402080819/tools/bin/../lib/gcc/arm-none-eabi/12.3.1/../../../../arm-none-eabi/lib/thumb/v8-m.main+fp/hard\libcr_c.a(_fdopen.o)
                0x00002b8e                _fdopen
 .text._fflush  0x00002bf6       0x52 c:/nxp/mcuxpressoide_11.9.1_2170/ide/plugins/com.nxp.mcuxpresso.tools.win32_11.9.1.202402080819/tools/bin/../lib/gcc/arm-none-eabi/12.3.1/../../../../arm-none-eabi/lib/thumb/v8-m.main+fp/hard\libcr_c.a(_fflush.o)
                0x00002bf6                _fflush
 .text.fclose   0x00002c48       0x58 c:/nxp/mcuxpressoide_11.9.1_2170/ide/plugins/com.nxp.mcuxpresso.tools.win32_11.9.1.202402080819/tools/bin/../lib/gcc/arm-none-eabi/12.3.1/../../../../arm-none-eabi/lib/thumb/v8-m.main+fp/hard\libcr_c.a(fclose.o)
                0x00002c48                fclose
 .text.remove   0x00002ca0       0x14 c:/nxp/mcuxpressoide_11.9.1_2170/ide/plugins/com.nxp.mcuxpresso.tools.win32_11.9.1.202402080819/tools/bin/../lib/gcc/arm-none-eabi/12.3.1/../../../../arm-none-eabi/lib/thumb/v8-m.main+fp/hard\libcr_c.a(remove.o)
                0x00002ca0                remove
 .text._do_fflush
                0x00002cb4       0x40 c:/nxp/mcuxpressoide_11.9.1_2170/ide/plugins/com.nxp.mcuxpresso.tools.win32_11.9.1.202402080819/tools/bin/../lib/gcc/arm-none-eabi/12.3.1/../../../../arm-none-eabi/lib/thumb/v8-m.main+fp/hard\libcr_c.a(_do_fflush.o)
                0x00002cb4                _do_fflush
 .text.__aeabi_division_uldivmod
                0x00002cf4      0x174 c:/nxp/mcuxpressoide_11.9.1_2170/ide/plugins/com.nxp.mcuxpresso.tools.win32_11.9.1.202402080819/tools/bin/../lib/gcc/arm-none-eabi/12.3.1/thumb/v8-m.main+fp/hard\libcr_eabihelpers.a(division_64.o)
                0x00002cf4                __aeabi_uldivmod
                0x00002cf8                __bhs_ldivmod1
 .text.__aeabi_division_idiv0
                0x00002e68        0x2 c:/nxp/mcuxpressoide_11.9.1_2170/ide/plugins/com.nxp.mcuxpresso.tools.win32_11.9.1.202402080819/tools/bin/../lib/gcc/arm-none-eabi/12.3.1/thumb/v8-m.main+fp/hard\libcr_eabihelpers.a(division_idiv0.o)
                0x00002e68                __aeabi_idiv0
 .text.__aeabi_memcpy
                0x00002e6a       0x34 c:/nxp/mcuxpressoide_11.9.1_2170/ide/plugins/com.nxp.mcuxpresso.tools.win32_11.9.1.202402080819/tools/bin/../lib/gcc/arm-none-eabi/12.3.1/thumb/v8-m.main+fp/hard\libcr_eabihelpers.a(memcpy.o)
                0x00002e6a                __aeabi_memcpy
                0x00002e74                __aeabi_memcpy8
                0x00002e74                __aeabi_memcpy4
 .text.__aeabi_memset_lowlevel
                0x00002e9e       0x32 c:/nxp/mcuxpressoide_11.9.1_2170/ide/plugins/com.nxp.mcuxpresso.tools.win32_11.9.1.202402080819/tools/bin/../lib/gcc/arm-none-eabi/12.3.1/thumb/v8-m.main+fp/hard\libcr_eabihelpers.a(memcpy.o)
                0x00002e9e                __aeabi_lowlevel_memset
 .text.__sys_close
                0x00002ed0        0x6 c:/nxp/mcuxpressoide_11.9.1_2170/ide/plugins/com.nxp.mcuxpresso.tools.win32_11.9.1.202402080819/tools/bin/../lib/gcc/arm-none-eabi/12.3.1/../../../../arm-none-eabi/lib/thumb/v8-m.main+fp/hard\libcr_nohost_nf.a(__sys_close.o)
                0x00002ed0                __sys_close
 .text.__sys_flen
                0x00002ed6        0x6 c:/nxp/mcuxpressoide_11.9.1_2170/ide/plugins/com.nxp.mcuxpresso.tools.win32_11.9.1.202402080819/tools/bin/../lib/gcc/arm-none-eabi/12.3.1/../../../../arm-none-eabi/lib/thumb/v8-m.main+fp/hard\libcr_nohost_nf.a(__sys_flen.o)
                0x00002ed6                __sys_flen
 .text.__sys_istty
                0x00002edc        0x6 c:/nxp/mcuxpressoide_11.9.1_2170/ide/plugins/com.nxp.mcuxpresso.tools.win32_11.9.1.202402080819/tools/bin/../lib/gcc/arm-none-eabi/12.3.1/../../../../arm-none-eabi/lib/thumb/v8-m.main+fp/hard\libcr_nohost_nf.a(__sys_istty.o)
                0x00002edc                __sys_istty
 .text.__sys_remove
                0x00002ee2        0x6 c:/nxp/mcuxpressoide_11.9.1_2170/ide/plugins/com.nxp.mcuxpresso.tools.win32_11.9.1.202402080819/tools/bin/../lib/gcc/arm-none-eabi/12.3.1/../../../../arm-none-eabi/lib/thumb/v8-m.main+fp/hard\libcr_nohost_nf.a(__sys_remove.o)
                0x00002ee2                __sys_remove
 .text.__sys_seek
                0x00002ee8        0x6 c:/nxp/mcuxpressoide_11.9.1_2170/ide/plugins/com.nxp.mcuxpresso.tools.win32_11.9.1.202402080819/tools/bin/../lib/gcc/arm-none-eabi/12.3.1/../../../../arm-none-eabi/lib/thumb/v8-m.main+fp/hard\libcr_nohost_nf.a(__sys_seek.o)
                0x00002ee8                __sys_seek
 .text.__sys_tmpnam
                0x00002eee        0x6 c:/nxp/mcuxpressoide_11.9.1_2170/ide/plugins/com.nxp.mcuxpresso.tools.win32_11.9.1.202402080819/tools/bin/../lib/gcc/arm-none-eabi/12.3.1/../../../../arm-none-eabi/lib/thumb/v8-m.main+fp/hard\libcr_nohost_nf.a(__sys_tmpnam.o)
                0x00002eee                __sys_tmpnam
 .text.__sys_write
                0x00002ef4        0x4 c:/nxp/mcuxpressoide_11.9.1_2170/ide/plugins/com.nxp.mcuxpresso.tools.win32_11.9.1.202402080819/tools/bin/../lib/gcc/arm-none-eabi/12.3.1/../../../../arm-none-eabi/lib/thumb/v8-m.main+fp/hard\libcr_nohost_nf.a(__sys_write.o)
                0x00002ef4                __sys_write
 *(SORT_BY_ALIGNMENT(.rodata) SORT_BY_ALIGNMENT(.rodata.*) SORT_BY_ALIGNMENT(.constdata) SORT_BY_ALIGNMENT(.constdata.*))
 .rodata.__assertion_failed.str1.4
                0x00002ef8       0x14 ./utilities/fsl_assert.o
 .rodata.SDK_DelayAtLeastUs.str1.4
                0x00002f0c       0x2b ./drivers/fsl_common_arm.o
 *fill*         0x00002f37        0x1 ff
 .rodata.s_ctimerBases
                0x00002f38       0x14 ./drivers/fsl_ctimer.o
 .rodata.s_flexcommBaseAddrs
                0x00002f4c       0x24 ./drivers/fsl_flexcomm.o
 .rodata.FLEXCOMM_GetInstance.str1.4
                0x00002f70       0x41 ./drivers/fsl_flexcomm.o
 *fill*         0x00002fb1        0x3 ff
 .rodata.FLEXCOMM0_DriverIRQHandler.str1.4
                0x00002fb4       0x3c ./drivers/fsl_flexcomm.o
 .rodata.FLEXCOMM1_DriverIRQHandler.str1.4
                0x00002ff0       0x3c ./drivers/fsl_flexcomm.o
 .rodata.FLEXCOMM2_DriverIRQHandler.str1.4
                0x0000302c       0x3c ./drivers/fsl_flexcomm.o
 .rodata.FLEXCOMM3_DriverIRQHandler.str1.4
                0x00003068       0x3c ./drivers/fsl_flexcomm.o
 .rodata.FLEXCOMM4_DriverIRQHandler.str1.4
                0x000030a4       0x3c ./drivers/fsl_flexcomm.o
 .rodata.FLEXCOMM5_DriverIRQHandler.str1.4
                0x000030e0       0x3c ./drivers/fsl_flexcomm.o
 .rodata.FLEXCOMM6_DriverIRQHandler.str1.4
                0x0000311c       0x3c ./drivers/fsl_flexcomm.o
 .rodata.FLEXCOMM7_DriverIRQHandler.str1.4
                0x00003158       0x3c ./drivers/fsl_flexcomm.o
 .rodata.FLEXCOMM8_DriverIRQHandler.str1.4
                0x00003194       0x3c ./drivers/fsl_flexcomm.o
 .rodata.s_gpioClockName
                0x000031d0        0x8 ./drivers/fsl_gpio.o
 .rodata.GPIO_EnablePortClock.str1.4
                0x000031d8       0x33 ./drivers/fsl_gpio.o
 *fill*         0x0000320b        0x1 ff
 .rodata.USART_WriteBlocking.str1.4
                0x0000320c       0x36 ./drivers/fsl_usart.o
 *fill*         0x00003242        0x2 ff
 .rodata.s_UsartAdapterBase
                0x00003244       0x20 ./component/uart/fsl_adapter_usart.o
 .rodata.HAL_UartSendBlocking.str1.4
                0x00003264       0x65 ./component/uart/fsl_adapter_usart.o
 *fill*         0x000032c9        0x3 ff
 .rodata        0x000032cc        0x2 ./board/pin_mux.o
 *fill*         0x000032ce        0x2 ff
 .rodata.__num_Ciob_streams
                0x000032d0        0x4 c:/nxp/mcuxpressoide_11.9.1_2170/ide/plugins/com.nxp.mcuxpresso.tools.win32_11.9.1.202402080819/tools/bin/../lib/gcc/arm-none-eabi/12.3.1/../../../../arm-none-eabi/lib/thumb/v8-m.main+fp/hard\libcr_nohost_nf.a(__ciob.o)
                0x000032d0                __num_Ciob_streams
 .rodata._initio.str1.1
                0x000032d4        0x4 c:/nxp/mcuxpressoide_11.9.1_2170/ide/plugins/com.nxp.mcuxpresso.tools.win32_11.9.1.202402080819/tools/bin/../lib/gcc/arm-none-eabi/12.3.1/../../../../arm-none-eabi/lib/thumb/v8-m.main+fp/hard\libcr_c.a(initio.o)
                0x000032d8                        . = ALIGN (0x4)

.glue_7         0x000032d8        0x0
 .glue_7        0x000032d8        0x0 linker stubs

.glue_7t        0x000032d8        0x0
 .glue_7t       0x000032d8        0x0 linker stubs

.vfp11_veneer   0x000032d8        0x0
 .vfp11_veneer  0x000032d8        0x0 linker stubs

.v4_bx          0x000032d8        0x0
 .v4_bx         0x000032d8        0x0 linker stubs

.iplt           0x000032d8        0x0
 .iplt          0x000032d8        0x0 ./utilities/fsl_assert.o

.rel.dyn        0x000032d8        0x0
 .rel.iplt      0x000032d8        0x0 ./utilities/fsl_assert.o

.ARM.extab
 *(SORT_BY_ALIGNMENT(.ARM.extab*) SORT_BY_ALIGNMENT(.gnu.linkonce.armextab.*))

.ARM.exidx      0x000032d8        0x0
                0x000032d8                        __exidx_start = .
 *(SORT_BY_ALIGNMENT(.ARM.exidx*) SORT_BY_ALIGNMENT(.gnu.linkonce.armexidx.*))
                0x000032d8                        __exidx_end = .
                0x000032d8                        _etext = .

.m_usb_data
 *(SORT_BY_ALIGNMENT(m_usb_global))

.data_RAM2      0x04000000        0x0 load address 0x000032d8
 FILL mask 0xff
                [!provide]                        PROVIDE (__start_data_RAM2 = .)
                [!provide]                        PROVIDE (__start_data_SRAMX = .)
 *(SORT_BY_ALIGNMENT(.ramfunc.$RAM2))
 *(SORT_BY_ALIGNMENT(.ramfunc.$SRAMX))
 *(SORT_BY_ALIGNMENT(.data.$RAM2))
 *(SORT_BY_ALIGNMENT(.data.$SRAMX))
 *(SORT_BY_ALIGNMENT(.data.$RAM2.*))
 *(SORT_BY_ALIGNMENT(.data.$SRAMX.*))
                0x04000000                        . = ALIGN (0x4)
                [!provide]                        PROVIDE (__end_data_RAM2 = .)
                [!provide]                        PROVIDE (__end_data_SRAMX = .)

.data_RAM3      0x40100000        0x0 load address 0x000032d8
 FILL mask 0xff
                [!provide]                        PROVIDE (__start_data_RAM3 = .)
                [!provide]                        PROVIDE (__start_data_USB_RAM = .)
 *(SORT_BY_ALIGNMENT(.ramfunc.$RAM3))
 *(SORT_BY_ALIGNMENT(.ramfunc.$USB_RAM))
 *(SORT_BY_ALIGNMENT(.data.$RAM3))
 *(SORT_BY_ALIGNMENT(.data.$USB_RAM))
 *(SORT_BY_ALIGNMENT(.data.$RAM3.*))
 *(SORT_BY_ALIGNMENT(.data.$USB_RAM.*))
                0x40100000                        . = ALIGN (0x4)
                [!provide]                        PROVIDE (__end_data_RAM3 = .)
                [!provide]                        PROVIDE (__end_data_USB_RAM = .)

.data_RAM4      0x20040000        0x0 load address 0x000032d8
 FILL mask 0xff
                [!provide]                        PROVIDE (__start_data_RAM4 = .)
                [!provide]                        PROVIDE (__start_data_SRAM4 = .)
 *(SORT_BY_ALIGNMENT(.ramfunc.$RAM4))
 *(SORT_BY_ALIGNMENT(.ramfunc.$SRAM4))
 *(SORT_BY_ALIGNMENT(.data.$RAM4))
 *(SORT_BY_ALIGNMENT(.data.$SRAM4))
 *(SORT_BY_ALIGNMENT(.data.$RAM4.*))
 *(SORT_BY_ALIGNMENT(.data.$SRAM4.*))
                0x20040000                        . = ALIGN (0x4)
                [!provide]                        PROVIDE (__end_data_RAM4 = .)
                [!provide]                        PROVIDE (__end_data_SRAM4 = .)

.uninit_RESERVED
                0x20000000        0x0
                0x20000000                        _start_uninit_RESERVED = .
 *(SORT_BY_ALIGNMENT(.bss.$RESERVED*))
                0x20000000                        . = ALIGN (0x4)
                0x20000000                        _end_uninit_RESERVED = .

.data           0x20000000        0x8 load address 0x000032d8
 FILL mask 0xff
                0x20000000                        _data = .
                [!provide]                        PROVIDE (__start_data_RAM = .)
                [!provide]                        PROVIDE (__start_data_SRAM = .)
 *(SORT_BY_ALIGNMENT(vtable))
 *(SORT_BY_ALIGNMENT(.ramfunc*))
 *(SORT_BY_ALIGNMENT(CodeQuickAccess))
 *(SORT_BY_ALIGNMENT(DataQuickAccess))
 *(SORT_BY_ALIGNMENT(RamFunction))
 *(SORT_BY_ALIGNMENT(.data*))
 .data.s_Ext_Clk_Freq
                0x20000000        0x4 ./drivers/fsl_clock.o
 .data.SystemCoreClock
                0x20000004        0x4 ./device/system_LPC55S69_cm33_core0.o
                0x20000004                SystemCoreClock
                0x20000008                        . = ALIGN (0x4)
                0x20000008                        _edata = .
                [!provide]                        PROVIDE (__end_data_RAM = .)
                [!provide]                        PROVIDE (__end_data_SRAM = .)

.igot.plt       0x20000008        0x0 load address 0x000032e0
 .igot.plt      0x20000008        0x0 ./utilities/fsl_assert.o

.bss_RAM2       0x04000000        0x0
                [!provide]                        PROVIDE (__start_bss_RAM2 = .)
                [!provide]                        PROVIDE (__start_bss_SRAMX = .)
 *(SORT_BY_ALIGNMENT(.bss.$RAM2))
 *(SORT_BY_ALIGNMENT(.bss.$SRAMX))
 *(SORT_BY_ALIGNMENT(.bss.$RAM2.*))
 *(SORT_BY_ALIGNMENT(.bss.$SRAMX.*))
                0x04000000                        . = ALIGN ((. != 0x0)?0x4:0x1)
                [!provide]                        PROVIDE (__end_bss_RAM2 = .)
                [!provide]                        PROVIDE (__end_bss_SRAMX = .)

.bss_RAM3       0x40100000        0x0
                [!provide]                        PROVIDE (__start_bss_RAM3 = .)
                [!provide]                        PROVIDE (__start_bss_USB_RAM = .)
 *(SORT_BY_ALIGNMENT(.bss.$RAM3))
 *(SORT_BY_ALIGNMENT(.bss.$USB_RAM))
 *(SORT_BY_ALIGNMENT(.bss.$RAM3.*))
 *(SORT_BY_ALIGNMENT(.bss.$USB_RAM.*))
                0x40100000                        . = ALIGN ((. != 0x0)?0x4:0x1)
                [!provide]                        PROVIDE (__end_bss_RAM3 = .)
                [!provide]                        PROVIDE (__end_bss_USB_RAM = .)

.bss_RAM4       0x20040000        0x0
                [!provide]                        PROVIDE (__start_bss_RAM4 = .)
                [!provide]                        PROVIDE (__start_bss_SRAM4 = .)
 *(SORT_BY_ALIGNMENT(.bss.$RAM4))
 *(SORT_BY_ALIGNMENT(.bss.$SRAM4))
 *(SORT_BY_ALIGNMENT(.bss.$RAM4.*))
 *(SORT_BY_ALIGNMENT(.bss.$SRAM4.*))
                0x20040000                        . = ALIGN ((. != 0x0)?0x4:0x1)
                [!provide]                        PROVIDE (__end_bss_RAM4 = .)
                [!provide]                        PROVIDE (__end_bss_SRAM4 = .)

.bss            0x20000008      0x170
                0x20000008                        _bss = .
                [!provide]                        PROVIDE (__start_bss_RAM = .)
                [!provide]                        PROVIDE (__start_bss_SRAM = .)
 *(SORT_BY_ALIGNMENT(.bss*))
 .bss.s_debugConsoleState
                0x20000008       0x20 ./utilities/fsl_debug_console.o
 .bss.g_serialHandle
                0x20000028        0x4 ./utilities/fsl_debug_console.o
                0x20000028                g_serialHandle
 .bss.i.0       0x2000002c        0x4 ./source/LPC55S69_ex4.o
 .bss.s_Pll0_Freq
                0x20000030        0x4 ./drivers/fsl_clock.o
 .bss.s_ctimerCallback
                0x20000034       0x14 ./drivers/fsl_ctimer.o
 .bss.ctimerCallbackType
                0x20000048        0x5 ./drivers/fsl_ctimer.o
 *fill*         0x2000004d        0x3 
 .bss.s_flexcommIrqHandler
                0x20000050       0x24 ./drivers/fsl_flexcomm.o
 .bss.s_flexcommHandle
                0x20000074       0x24 ./drivers/fsl_flexcomm.o
 .bss.s_secpintCallback
                0x20000098        0x8 ./drivers/fsl_pint.o
 .bss.s_pintCallback
                0x200000a0       0x20 ./drivers/fsl_pint.o
 .bss.errno     0x200000c0        0x4 c:/nxp/mcuxpressoide_11.9.1_2170/ide/plugins/com.nxp.mcuxpresso.tools.win32_11.9.1.202402080819/tools/bin/../lib/gcc/arm-none-eabi/12.3.1/../../../../arm-none-eabi/lib/thumb/v8-m.main+fp/hard\libcr_c.a(errno.o)
                0x200000c0                errno
 .bss.__Ciob    0x200000c4       0xb4 c:/nxp/mcuxpressoide_11.9.1_2170/ide/plugins/com.nxp.mcuxpresso.tools.win32_11.9.1.202402080819/tools/bin/../lib/gcc/arm-none-eabi/12.3.1/../../../../arm-none-eabi/lib/thumb/v8-m.main+fp/hard\libcr_nohost_nf.a(__ciob.o)
                0x200000c4                __Ciob
 *(SORT_BY_ALIGNMENT(COMMON))
                0x20000178                        . = ALIGN (0x4)
                0x20000178                        _ebss = .
                [!provide]                        PROVIDE (__end_bss_RAM = .)
                [!provide]                        PROVIDE (__end_bss_SRAM = .)
                [!provide]                        PROVIDE (end = .)

.noinit_RAM2    0x04000000        0x0
                [!provide]                        PROVIDE (__start_noinit_RAM2 = .)
                [!provide]                        PROVIDE (__start_noinit_SRAMX = .)
 *(SORT_BY_ALIGNMENT(.noinit.$RAM2))
 *(SORT_BY_ALIGNMENT(.noinit.$SRAMX))
 *(SORT_BY_ALIGNMENT(.noinit.$RAM2.*))
 *(SORT_BY_ALIGNMENT(.noinit.$SRAMX.*))
                0x04000000                        . = ALIGN (0x4)
                [!provide]                        PROVIDE (__end_noinit_RAM2 = .)
                [!provide]                        PROVIDE (__end_noinit_SRAMX = .)

.noinit_RAM3    0x40100000        0x0
                [!provide]                        PROVIDE (__start_noinit_RAM3 = .)
                [!provide]                        PROVIDE (__start_noinit_USB_RAM = .)
 *(SORT_BY_ALIGNMENT(.noinit.$RAM3))
 *(SORT_BY_ALIGNMENT(.noinit.$USB_RAM))
 *(SORT_BY_ALIGNMENT(.noinit.$RAM3.*))
 *(SORT_BY_ALIGNMENT(.noinit.$USB_RAM.*))
                0x40100000                        . = ALIGN (0x4)
                [!provide]                        PROVIDE (__end_noinit_RAM3 = .)
                [!provide]                        PROVIDE (__end_noinit_USB_RAM = .)

.noinit_RAM4    0x20040000        0x0
                [!provide]                        PROVIDE (__start_noinit_RAM4 = .)
                [!provide]                        PROVIDE (__start_noinit_SRAM4 = .)
 *(SORT_BY_ALIGNMENT(.noinit.$RAM4))
 *(SORT_BY_ALIGNMENT(.noinit.$SRAM4))
 *(SORT_BY_ALIGNMENT(.noinit.$RAM4.*))
 *(SORT_BY_ALIGNMENT(.noinit.$SRAM4.*))
                0x20040000                        . = ALIGN (0x4)
                [!provide]                        PROVIDE (__end_noinit_RAM4 = .)
                [!provide]                        PROVIDE (__end_noinit_SRAM4 = .)

.noinit         0x20000178        0x0
                0x20000178                        _noinit = .
                [!provide]                        PROVIDE (__start_noinit_RAM = .)
                [!provide]                        PROVIDE (__start_noinit_SRAM = .)
 *(SORT_BY_ALIGNMENT(.noinit*))
                0x20000178                        . = ALIGN (0x4)
                0x20000178                        _end_noinit = .
                [!provide]                        PROVIDE (__end_noinit_RAM = .)
                [!provide]                        PROVIDE (__end_noinit_SRAM = .)
                0x00001000                        _HeapSize = 0x1000

.heap           0x20000178     0x1000
                0x20000178                        _pvHeapStart = .
                0x20001178                        . = (. + _HeapSize)
 *fill*         0x20000178     0x1000 
                0x20001178                        . = ALIGN (0x4)
                0x20001178                        _pvHeapLimit = .
                0x00001000                        _StackSize = 0x1000

.heap2stackfill
                0x20001178     0x1000
                0x20002178                        . = (. + _StackSize)
 *fill*         0x20001178     0x1000 

.stack          0x2003f000        0x0
                0x2003f000                        _vStackBase = .
                0x2003f000                        . = ALIGN (0x4)
                0x20040000                        _vStackTop = (. + _StackSize)
                [!provide]                        PROVIDE (__valid_user_code_checksum = (0x0 - ((((((_vStackTop + (ResetISR + 0x1)) + (NMI_Handler + 0x1)) + (HardFault_Handler + 0x1)) + (DEFINED (MemManage_Handler)?MemManage_Handler:0x0 + 0x1)) + (DEFINED (BusFault_Handler)?BusFault_Handler:0x0 + 0x1)) + (DEFINED (UsageFault_Handler)?UsageFault_Handler:0x0 + 0x1))))
                0x00000000                        _image_start = LOADADDR (.text)
                0x000032e0                        _image_end = (LOADADDR (.data) + SIZEOF (.data))
                0x000032e0                        _image_size = (_image_end - _image_start)
OUTPUT(LPC55S69_ex4.axf elf32-littlearm)
LOAD linker stubs

.debug_info     0x00000000    0x1ae34
 .debug_info    0x00000000      0x12e ./utilities/fsl_assert.o
 .debug_info    0x0000012e      0xe59 ./utilities/fsl_debug_console.o
 .debug_info    0x00000f87      0xd5d ./utilities/fsl_str.o
 .debug_info    0x00001ce4      0x9c9 ./startup/startup_lpc55s69_cm33_core0.o
 .debug_info    0x000026ad      0x3dd ./source/LPC55S69_ex4.o
 .debug_info    0x00002a8a       0x3c ./source/semihost_hardfault.o
 .debug_info    0x00002ac6     0x33f7 ./drivers/fsl_clock.o
 .debug_info    0x00005ebd      0x623 ./drivers/fsl_common_arm.o
 .debug_info    0x000064e0     0x22f8 ./drivers/fsl_ctimer.o
 .debug_info    0x000087d8     0x1b16 ./drivers/fsl_flexcomm.o
 .debug_info    0x0000a2ee     0x17c5 ./drivers/fsl_gpio.o
 .debug_info    0x0000bab3     0x238d ./drivers/fsl_pint.o
 .debug_info    0x0000de40     0x2ade ./drivers/fsl_power.o
 .debug_info    0x0001091e     0x1892 ./drivers/fsl_usart.o
 .debug_info    0x000121b0     0x14be ./device/system_LPC55S69_cm33_core0.o
 .debug_info    0x0001366e      0xd56 ./component/uart/fsl_adapter_usart.o
 .debug_info    0x000143c4      0xdcd ./component/serial_manager/fsl_component_serial_manager.o
 .debug_info    0x00015191      0x551 ./component/serial_manager/fsl_component_serial_port_uart.o
 .debug_info    0x000156e2     0x181d ./board/clock_config.o
 .debug_info    0x00016eff       0x9b ./board/peripherals.o
 .debug_info    0x00016f9a     0x1508 ./board/pin_mux.o
 .debug_info    0x000184a2       0x85 c:/nxp/mcuxpressoide_11.9.1_2170/ide/plugins/com.nxp.mcuxpresso.tools.win32_11.9.1.202402080819/tools/bin/../lib/gcc/arm-none-eabi/12.3.1/../../../../arm-none-eabi/lib/thumb/v8-m.main+fp/hard\libcr_nohost_nf.a(_cr__main.o)
 .debug_info    0x00018527      0x119 c:/nxp/mcuxpressoide_11.9.1_2170/ide/plugins/com.nxp.mcuxpresso.tools.win32_11.9.1.202402080819/tools/bin/../lib/gcc/arm-none-eabi/12.3.1/../../../../arm-none-eabi/lib/thumb/v8-m.main+fp/hard\libcr_c.a(memcpy.o)
 .debug_info    0x00018640       0xe3 c:/nxp/mcuxpressoide_11.9.1_2170/ide/plugins/com.nxp.mcuxpresso.tools.win32_11.9.1.202402080819/tools/bin/../lib/gcc/arm-none-eabi/12.3.1/../../../../arm-none-eabi/lib/thumb/v8-m.main+fp/hard\libcr_c.a(memset.o)
 .debug_info    0x00018723      0x506 c:/nxp/mcuxpressoide_11.9.1_2170/ide/plugins/com.nxp.mcuxpresso.tools.win32_11.9.1.202402080819/tools/bin/../lib/gcc/arm-none-eabi/12.3.1/../../../../arm-none-eabi/lib/thumb/v8-m.main+fp/hard\libcr_c.a(alloc.o)
 .debug_info    0x00018c29       0x44 c:/nxp/mcuxpressoide_11.9.1_2170/ide/plugins/com.nxp.mcuxpresso.tools.win32_11.9.1.202402080819/tools/bin/../lib/gcc/arm-none-eabi/12.3.1/../../../../arm-none-eabi/lib/thumb/v8-m.main+fp/hard\libcr_c.a(errno.o)
 .debug_info    0x00018c6d      0x339 c:/nxp/mcuxpressoide_11.9.1_2170/ide/plugins/com.nxp.mcuxpresso.tools.win32_11.9.1.202402080819/tools/bin/../lib/gcc/arm-none-eabi/12.3.1/../../../../arm-none-eabi/lib/thumb/v8-m.main+fp/hard\libcr_c.a(initio.o)
 .debug_info    0x00018fa6      0x1f6 c:/nxp/mcuxpressoide_11.9.1_2170/ide/plugins/com.nxp.mcuxpresso.tools.win32_11.9.1.202402080819/tools/bin/../lib/gcc/arm-none-eabi/12.3.1/../../../../arm-none-eabi/lib/thumb/v8-m.main+fp/hard\libcr_c.a(setvbuf.o)
 .debug_info    0x0001919c       0xda c:/nxp/mcuxpressoide_11.9.1_2170/ide/plugins/com.nxp.mcuxpresso.tools.win32_11.9.1.202402080819/tools/bin/../lib/gcc/arm-none-eabi/12.3.1/../../../../arm-none-eabi/lib/thumb/v8-m.main+fp/hard\libcr_c.a(strlen.o)
 .debug_info    0x00019276      0x362 c:/nxp/mcuxpressoide_11.9.1_2170/ide/plugins/com.nxp.mcuxpresso.tools.win32_11.9.1.202402080819/tools/bin/../lib/gcc/arm-none-eabi/12.3.1/../../../../arm-none-eabi/lib/thumb/v8-m.main+fp/hard\libcr_c.a(_deferredlazyseek.o)
 .debug_info    0x000195d8      0x244 c:/nxp/mcuxpressoide_11.9.1_2170/ide/plugins/com.nxp.mcuxpresso.tools.win32_11.9.1.202402080819/tools/bin/../lib/gcc/arm-none-eabi/12.3.1/../../../../arm-none-eabi/lib/thumb/v8-m.main+fp/hard\libcr_c.a(_fdopen.o)
 .debug_info    0x0001981c      0x1e3 c:/nxp/mcuxpressoide_11.9.1_2170/ide/plugins/com.nxp.mcuxpresso.tools.win32_11.9.1.202402080819/tools/bin/../lib/gcc/arm-none-eabi/12.3.1/../../../../arm-none-eabi/lib/thumb/v8-m.main+fp/hard\libcr_c.a(_fflush.o)
 .debug_info    0x000199ff      0x282 c:/nxp/mcuxpressoide_11.9.1_2170/ide/plugins/com.nxp.mcuxpresso.tools.win32_11.9.1.202402080819/tools/bin/../lib/gcc/arm-none-eabi/12.3.1/../../../../arm-none-eabi/lib/thumb/v8-m.main+fp/hard\libcr_c.a(_writebuf.o)
 .debug_info    0x00019c81      0x318 c:/nxp/mcuxpressoide_11.9.1_2170/ide/plugins/com.nxp.mcuxpresso.tools.win32_11.9.1.202402080819/tools/bin/../lib/gcc/arm-none-eabi/12.3.1/../../../../arm-none-eabi/lib/thumb/v8-m.main+fp/hard\libcr_c.a(fclose.o)
 .debug_info    0x00019f99      0x202 c:/nxp/mcuxpressoide_11.9.1_2170/ide/plugins/com.nxp.mcuxpresso.tools.win32_11.9.1.202402080819/tools/bin/../lib/gcc/arm-none-eabi/12.3.1/../../../../arm-none-eabi/lib/thumb/v8-m.main+fp/hard\libcr_c.a(fflush.o)
 .debug_info    0x0001a19b      0x276 c:/nxp/mcuxpressoide_11.9.1_2170/ide/plugins/com.nxp.mcuxpresso.tools.win32_11.9.1.202402080819/tools/bin/../lib/gcc/arm-none-eabi/12.3.1/../../../../arm-none-eabi/lib/thumb/v8-m.main+fp/hard\libcr_c.a(fseek.o)
 .debug_info    0x0001a411      0x190 c:/nxp/mcuxpressoide_11.9.1_2170/ide/plugins/com.nxp.mcuxpresso.tools.win32_11.9.1.202402080819/tools/bin/../lib/gcc/arm-none-eabi/12.3.1/../../../../arm-none-eabi/lib/thumb/v8-m.main+fp/hard\libcr_c.a(ftell.o)
 .debug_info    0x0001a5a1      0x1ca c:/nxp/mcuxpressoide_11.9.1_2170/ide/plugins/com.nxp.mcuxpresso.tools.win32_11.9.1.202402080819/tools/bin/../lib/gcc/arm-none-eabi/12.3.1/../../../../arm-none-eabi/lib/thumb/v8-m.main+fp/hard\libcr_c.a(remove.o)
 .debug_info    0x0001a76b      0x23a c:/nxp/mcuxpressoide_11.9.1_2170/ide/plugins/com.nxp.mcuxpresso.tools.win32_11.9.1.202402080819/tools/bin/../lib/gcc/arm-none-eabi/12.3.1/../../../../arm-none-eabi/lib/thumb/v8-m.main+fp/hard\libcr_c.a(_do_fflush.o)
 .debug_info    0x0001a9a5      0x18b c:/nxp/mcuxpressoide_11.9.1_2170/ide/plugins/com.nxp.mcuxpresso.tools.win32_11.9.1.202402080819/tools/bin/../lib/gcc/arm-none-eabi/12.3.1/../../../../arm-none-eabi/lib/thumb/v8-m.main+fp/hard\libcr_nohost_nf.a(__ciob.o)
 .debug_info    0x0001ab30       0x5c c:/nxp/mcuxpressoide_11.9.1_2170/ide/plugins/com.nxp.mcuxpresso.tools.win32_11.9.1.202402080819/tools/bin/../lib/gcc/arm-none-eabi/12.3.1/../../../../arm-none-eabi/lib/thumb/v8-m.main+fp/hard\libcr_nohost_nf.a(__sys_close.o)
 .debug_info    0x0001ab8c       0x5c c:/nxp/mcuxpressoide_11.9.1_2170/ide/plugins/com.nxp.mcuxpresso.tools.win32_11.9.1.202402080819/tools/bin/../lib/gcc/arm-none-eabi/12.3.1/../../../../arm-none-eabi/lib/thumb/v8-m.main+fp/hard\libcr_nohost_nf.a(__sys_flen.o)
 .debug_info    0x0001abe8       0x5c c:/nxp/mcuxpressoide_11.9.1_2170/ide/plugins/com.nxp.mcuxpresso.tools.win32_11.9.1.202402080819/tools/bin/../lib/gcc/arm-none-eabi/12.3.1/../../../../arm-none-eabi/lib/thumb/v8-m.main+fp/hard\libcr_nohost_nf.a(__sys_istty.o)
 .debug_info    0x0001ac44       0x7c c:/nxp/mcuxpressoide_11.9.1_2170/ide/plugins/com.nxp.mcuxpresso.tools.win32_11.9.1.202402080819/tools/bin/../lib/gcc/arm-none-eabi/12.3.1/../../../../arm-none-eabi/lib/thumb/v8-m.main+fp/hard\libcr_nohost_nf.a(__sys_remove.o)
 .debug_info    0x0001acc0       0x6a c:/nxp/mcuxpressoide_11.9.1_2170/ide/plugins/com.nxp.mcuxpresso.tools.win32_11.9.1.202402080819/tools/bin/../lib/gcc/arm-none-eabi/12.3.1/../../../../arm-none-eabi/lib/thumb/v8-m.main+fp/hard\libcr_nohost_nf.a(__sys_seek.o)
 .debug_info    0x0001ad2a       0x85 c:/nxp/mcuxpressoide_11.9.1_2170/ide/plugins/com.nxp.mcuxpresso.tools.win32_11.9.1.202402080819/tools/bin/../lib/gcc/arm-none-eabi/12.3.1/../../../../arm-none-eabi/lib/thumb/v8-m.main+fp/hard\libcr_nohost_nf.a(__sys_tmpnam.o)
 .debug_info    0x0001adaf       0x85 c:/nxp/mcuxpressoide_11.9.1_2170/ide/plugins/com.nxp.mcuxpresso.tools.win32_11.9.1.202402080819/tools/bin/../lib/gcc/arm-none-eabi/12.3.1/../../../../arm-none-eabi/lib/thumb/v8-m.main+fp/hard\libcr_nohost_nf.a(__sys_write.o)

.debug_abbrev   0x00000000     0x4439
 .debug_abbrev  0x00000000       0xbd ./utilities/fsl_assert.o
 .debug_abbrev  0x000000bd      0x270 ./utilities/fsl_debug_console.o
 .debug_abbrev  0x0000032d      0x270 ./utilities/fsl_str.o
 .debug_abbrev  0x0000059d      0x147 ./startup/startup_lpc55s69_cm33_core0.o
 .debug_abbrev  0x000006e4      0x18e ./source/LPC55S69_ex4.o
 .debug_abbrev  0x00000872       0x31 ./source/semihost_hardfault.o
 .debug_abbrev  0x000008a3      0x3a8 ./drivers/fsl_clock.o
 .debug_abbrev  0x00000c4b      0x17b ./drivers/fsl_common_arm.o
 .debug_abbrev  0x00000dc6      0x3cd ./drivers/fsl_ctimer.o
 .debug_abbrev  0x00001193      0x2be ./drivers/fsl_flexcomm.o
 .debug_abbrev  0x00001451      0x244 ./drivers/fsl_gpio.o
 .debug_abbrev  0x00001695      0x32c ./drivers/fsl_pint.o
 .debug_abbrev  0x000019c1      0x368 ./drivers/fsl_power.o
 .debug_abbrev  0x00001d29      0x34f ./drivers/fsl_usart.o
 .debug_abbrev  0x00002078      0x216 ./device/system_LPC55S69_cm33_core0.o
 .debug_abbrev  0x0000228e      0x249 ./component/uart/fsl_adapter_usart.o
 .debug_abbrev  0x000024d7      0x2bb ./component/serial_manager/fsl_component_serial_manager.o
 .debug_abbrev  0x00002792      0x18c ./component/serial_manager/fsl_component_serial_port_uart.o
 .debug_abbrev  0x0000291e      0x226 ./board/clock_config.o
 .debug_abbrev  0x00002b44       0x61 ./board/peripherals.o
 .debug_abbrev  0x00002ba5      0x29a ./board/pin_mux.o
 .debug_abbrev  0x00002e3f       0x70 c:/nxp/mcuxpressoide_11.9.1_2170/ide/plugins/com.nxp.mcuxpresso.tools.win32_11.9.1.202402080819/tools/bin/../lib/gcc/arm-none-eabi/12.3.1/../../../../arm-none-eabi/lib/thumb/v8-m.main+fp/hard\libcr_nohost_nf.a(_cr__main.o)
 .debug_abbrev  0x00002eaf       0xb6 c:/nxp/mcuxpressoide_11.9.1_2170/ide/plugins/com.nxp.mcuxpresso.tools.win32_11.9.1.202402080819/tools/bin/../lib/gcc/arm-none-eabi/12.3.1/../../../../arm-none-eabi/lib/thumb/v8-m.main+fp/hard\libcr_c.a(memcpy.o)
 .debug_abbrev  0x00002f65       0xa8 c:/nxp/mcuxpressoide_11.9.1_2170/ide/plugins/com.nxp.mcuxpresso.tools.win32_11.9.1.202402080819/tools/bin/../lib/gcc/arm-none-eabi/12.3.1/../../../../arm-none-eabi/lib/thumb/v8-m.main+fp/hard\libcr_c.a(memset.o)
 .debug_abbrev  0x0000300d      0x284 c:/nxp/mcuxpressoide_11.9.1_2170/ide/plugins/com.nxp.mcuxpresso.tools.win32_11.9.1.202402080819/tools/bin/../lib/gcc/arm-none-eabi/12.3.1/../../../../arm-none-eabi/lib/thumb/v8-m.main+fp/hard\libcr_c.a(alloc.o)
 .debug_abbrev  0x00003291       0x44 c:/nxp/mcuxpressoide_11.9.1_2170/ide/plugins/com.nxp.mcuxpresso.tools.win32_11.9.1.202402080819/tools/bin/../lib/gcc/arm-none-eabi/12.3.1/../../../../arm-none-eabi/lib/thumb/v8-m.main+fp/hard\libcr_c.a(errno.o)
 .debug_abbrev  0x000032d5      0x169 c:/nxp/mcuxpressoide_11.9.1_2170/ide/plugins/com.nxp.mcuxpresso.tools.win32_11.9.1.202402080819/tools/bin/../lib/gcc/arm-none-eabi/12.3.1/../../../../arm-none-eabi/lib/thumb/v8-m.main+fp/hard\libcr_c.a(initio.o)
 .debug_abbrev  0x0000343e       0xe1 c:/nxp/mcuxpressoide_11.9.1_2170/ide/plugins/com.nxp.mcuxpresso.tools.win32_11.9.1.202402080819/tools/bin/../lib/gcc/arm-none-eabi/12.3.1/../../../../arm-none-eabi/lib/thumb/v8-m.main+fp/hard\libcr_c.a(setvbuf.o)
 .debug_abbrev  0x0000351f       0xa7 c:/nxp/mcuxpressoide_11.9.1_2170/ide/plugins/com.nxp.mcuxpresso.tools.win32_11.9.1.202402080819/tools/bin/../lib/gcc/arm-none-eabi/12.3.1/../../../../arm-none-eabi/lib/thumb/v8-m.main+fp/hard\libcr_c.a(strlen.o)
 .debug_abbrev  0x000035c6      0x152 c:/nxp/mcuxpressoide_11.9.1_2170/ide/plugins/com.nxp.mcuxpresso.tools.win32_11.9.1.202402080819/tools/bin/../lib/gcc/arm-none-eabi/12.3.1/../../../../arm-none-eabi/lib/thumb/v8-m.main+fp/hard\libcr_c.a(_deferredlazyseek.o)
 .debug_abbrev  0x00003718      0x119 c:/nxp/mcuxpressoide_11.9.1_2170/ide/plugins/com.nxp.mcuxpresso.tools.win32_11.9.1.202402080819/tools/bin/../lib/gcc/arm-none-eabi/12.3.1/../../../../arm-none-eabi/lib/thumb/v8-m.main+fp/hard\libcr_c.a(_fdopen.o)
 .debug_abbrev  0x00003831       0xf1 c:/nxp/mcuxpressoide_11.9.1_2170/ide/plugins/com.nxp.mcuxpresso.tools.win32_11.9.1.202402080819/tools/bin/../lib/gcc/arm-none-eabi/12.3.1/../../../../arm-none-eabi/lib/thumb/v8-m.main+fp/hard\libcr_c.a(_fflush.o)
 .debug_abbrev  0x00003922      0x126 c:/nxp/mcuxpressoide_11.9.1_2170/ide/plugins/com.nxp.mcuxpresso.tools.win32_11.9.1.202402080819/tools/bin/../lib/gcc/arm-none-eabi/12.3.1/../../../../arm-none-eabi/lib/thumb/v8-m.main+fp/hard\libcr_c.a(_writebuf.o)
 .debug_abbrev  0x00003a48      0x155 c:/nxp/mcuxpressoide_11.9.1_2170/ide/plugins/com.nxp.mcuxpresso.tools.win32_11.9.1.202402080819/tools/bin/../lib/gcc/arm-none-eabi/12.3.1/../../../../arm-none-eabi/lib/thumb/v8-m.main+fp/hard\libcr_c.a(fclose.o)
 .debug_abbrev  0x00003b9d      0x125 c:/nxp/mcuxpressoide_11.9.1_2170/ide/plugins/com.nxp.mcuxpresso.tools.win32_11.9.1.202402080819/tools/bin/../lib/gcc/arm-none-eabi/12.3.1/../../../../arm-none-eabi/lib/thumb/v8-m.main+fp/hard\libcr_c.a(fflush.o)
 .debug_abbrev  0x00003cc2      0x11b c:/nxp/mcuxpressoide_11.9.1_2170/ide/plugins/com.nxp.mcuxpresso.tools.win32_11.9.1.202402080819/tools/bin/../lib/gcc/arm-none-eabi/12.3.1/../../../../arm-none-eabi/lib/thumb/v8-m.main+fp/hard\libcr_c.a(fseek.o)
 .debug_abbrev  0x00003ddd       0xc2 c:/nxp/mcuxpressoide_11.9.1_2170/ide/plugins/com.nxp.mcuxpresso.tools.win32_11.9.1.202402080819/tools/bin/../lib/gcc/arm-none-eabi/12.3.1/../../../../arm-none-eabi/lib/thumb/v8-m.main+fp/hard\libcr_c.a(ftell.o)
 .debug_abbrev  0x00003e9f       0xfb c:/nxp/mcuxpressoide_11.9.1_2170/ide/plugins/com.nxp.mcuxpresso.tools.win32_11.9.1.202402080819/tools/bin/../lib/gcc/arm-none-eabi/12.3.1/../../../../arm-none-eabi/lib/thumb/v8-m.main+fp/hard\libcr_c.a(remove.o)
 .debug_abbrev  0x00003f9a      0x12c c:/nxp/mcuxpressoide_11.9.1_2170/ide/plugins/com.nxp.mcuxpresso.tools.win32_11.9.1.202402080819/tools/bin/../lib/gcc/arm-none-eabi/12.3.1/../../../../arm-none-eabi/lib/thumb/v8-m.main+fp/hard\libcr_c.a(_do_fflush.o)
 .debug_abbrev  0x000040c6       0xb5 c:/nxp/mcuxpressoide_11.9.1_2170/ide/plugins/com.nxp.mcuxpresso.tools.win32_11.9.1.202402080819/tools/bin/../lib/gcc/arm-none-eabi/12.3.1/../../../../arm-none-eabi/lib/thumb/v8-m.main+fp/hard\libcr_nohost_nf.a(__ciob.o)
 .debug_abbrev  0x0000417b       0x51 c:/nxp/mcuxpressoide_11.9.1_2170/ide/plugins/com.nxp.mcuxpresso.tools.win32_11.9.1.202402080819/tools/bin/../lib/gcc/arm-none-eabi/12.3.1/../../../../arm-none-eabi/lib/thumb/v8-m.main+fp/hard\libcr_nohost_nf.a(__sys_close.o)
 .debug_abbrev  0x000041cc       0x51 c:/nxp/mcuxpressoide_11.9.1_2170/ide/plugins/com.nxp.mcuxpresso.tools.win32_11.9.1.202402080819/tools/bin/../lib/gcc/arm-none-eabi/12.3.1/../../../../arm-none-eabi/lib/thumb/v8-m.main+fp/hard\libcr_nohost_nf.a(__sys_flen.o)
 .debug_abbrev  0x0000421d       0x51 c:/nxp/mcuxpressoide_11.9.1_2170/ide/plugins/com.nxp.mcuxpresso.tools.win32_11.9.1.202402080819/tools/bin/../lib/gcc/arm-none-eabi/12.3.1/../../../../arm-none-eabi/lib/thumb/v8-m.main+fp/hard\libcr_nohost_nf.a(__sys_istty.o)
 .debug_abbrev  0x0000426e       0x7d c:/nxp/mcuxpressoide_11.9.1_2170/ide/plugins/com.nxp.mcuxpresso.tools.win32_11.9.1.202402080819/tools/bin/../lib/gcc/arm-none-eabi/12.3.1/../../../../arm-none-eabi/lib/thumb/v8-m.main+fp/hard\libcr_nohost_nf.a(__sys_remove.o)
 .debug_abbrev  0x000042eb       0x62 c:/nxp/mcuxpressoide_11.9.1_2170/ide/plugins/com.nxp.mcuxpresso.tools.win32_11.9.1.202402080819/tools/bin/../lib/gcc/arm-none-eabi/12.3.1/../../../../arm-none-eabi/lib/thumb/v8-m.main+fp/hard\libcr_nohost_nf.a(__sys_seek.o)
 .debug_abbrev  0x0000434d       0x76 c:/nxp/mcuxpressoide_11.9.1_2170/ide/plugins/com.nxp.mcuxpresso.tools.win32_11.9.1.202402080819/tools/bin/../lib/gcc/arm-none-eabi/12.3.1/../../../../arm-none-eabi/lib/thumb/v8-m.main+fp/hard\libcr_nohost_nf.a(__sys_tmpnam.o)
 .debug_abbrev  0x000043c3       0x76 c:/nxp/mcuxpressoide_11.9.1_2170/ide/plugins/com.nxp.mcuxpresso.tools.win32_11.9.1.202402080819/tools/bin/../lib/gcc/arm-none-eabi/12.3.1/../../../../arm-none-eabi/lib/thumb/v8-m.main+fp/hard\libcr_nohost_nf.a(__sys_write.o)

.debug_aranges  0x00000000     0x1178
 .debug_aranges
                0x00000000       0x28 ./utilities/fsl_assert.o
 .debug_aranges
                0x00000028       0xa8 ./utilities/fsl_debug_console.o
 .debug_aranges
                0x000000d0       0xe8 ./utilities/fsl_str.o
 .debug_aranges
                0x000001b8      0x268 ./startup/startup_lpc55s69_cm33_core0.o
 .debug_aranges
                0x00000420       0x30 ./source/LPC55S69_ex4.o
 .debug_aranges
                0x00000450       0x20 ./source/semihost_hardfault.o
 .debug_aranges
                0x00000470      0x228 ./drivers/fsl_clock.o
 .debug_aranges
                0x00000698       0x38 ./drivers/fsl_common_arm.o
 .debug_aranges
                0x000006d0       0xe0 ./drivers/fsl_ctimer.o
 .debug_aranges
                0x000007b0       0x90 ./drivers/fsl_flexcomm.o
 .debug_aranges
                0x00000840       0x38 ./drivers/fsl_gpio.o
 .debug_aranges
                0x00000878      0x128 ./drivers/fsl_pint.o
 .debug_aranges
                0x000009a0       0xc8 ./drivers/fsl_power.o
 .debug_aranges
                0x00000a68       0xf8 ./drivers/fsl_usart.o
 .debug_aranges
                0x00000b60       0x88 ./device/system_LPC55S69_cm33_core0.o
 .debug_aranges
                0x00000be8       0x58 ./component/uart/fsl_adapter_usart.o
 .debug_aranges
                0x00000c40       0xa0 ./component/serial_manager/fsl_component_serial_manager.o
 .debug_aranges
                0x00000ce0       0x48 ./component/serial_manager/fsl_component_serial_port_uart.o
 .debug_aranges
                0x00000d28       0x50 ./board/clock_config.o
 .debug_aranges
                0x00000d78       0x28 ./board/peripherals.o
 .debug_aranges
                0x00000da0       0x70 ./board/pin_mux.o
 .debug_aranges
                0x00000e10       0x20 c:/nxp/mcuxpressoide_11.9.1_2170/ide/plugins/com.nxp.mcuxpresso.tools.win32_11.9.1.202402080819/tools/bin/../lib/gcc/arm-none-eabi/12.3.1/../../../../arm-none-eabi/lib/thumb/v8-m.main+fp/hard\libcr_nohost_nf.a(_cr__main.o)
 .debug_aranges
                0x00000e30       0x20 c:/nxp/mcuxpressoide_11.9.1_2170/ide/plugins/com.nxp.mcuxpresso.tools.win32_11.9.1.202402080819/tools/bin/../lib/gcc/arm-none-eabi/12.3.1/../../../../arm-none-eabi/lib/thumb/v8-m.main+fp/hard\libcr_c.a(memcpy.o)
 .debug_aranges
                0x00000e50       0x20 c:/nxp/mcuxpressoide_11.9.1_2170/ide/plugins/com.nxp.mcuxpresso.tools.win32_11.9.1.202402080819/tools/bin/../lib/gcc/arm-none-eabi/12.3.1/../../../../arm-none-eabi/lib/thumb/v8-m.main+fp/hard\libcr_c.a(memset.o)
 .debug_aranges
                0x00000e70       0x40 c:/nxp/mcuxpressoide_11.9.1_2170/ide/plugins/com.nxp.mcuxpresso.tools.win32_11.9.1.202402080819/tools/bin/../lib/gcc/arm-none-eabi/12.3.1/../../../../arm-none-eabi/lib/thumb/v8-m.main+fp/hard\libcr_c.a(alloc.o)
 .debug_aranges
                0x00000eb0       0x18 c:/nxp/mcuxpressoide_11.9.1_2170/ide/plugins/com.nxp.mcuxpresso.tools.win32_11.9.1.202402080819/tools/bin/../lib/gcc/arm-none-eabi/12.3.1/../../../../arm-none-eabi/lib/thumb/v8-m.main+fp/hard\libcr_c.a(errno.o)
 .debug_aranges
                0x00000ec8       0x28 c:/nxp/mcuxpressoide_11.9.1_2170/ide/plugins/com.nxp.mcuxpresso.tools.win32_11.9.1.202402080819/tools/bin/../lib/gcc/arm-none-eabi/12.3.1/../../../../arm-none-eabi/lib/thumb/v8-m.main+fp/hard\libcr_c.a(initio.o)
 .debug_aranges
                0x00000ef0       0x20 c:/nxp/mcuxpressoide_11.9.1_2170/ide/plugins/com.nxp.mcuxpresso.tools.win32_11.9.1.202402080819/tools/bin/../lib/gcc/arm-none-eabi/12.3.1/../../../../arm-none-eabi/lib/thumb/v8-m.main+fp/hard\libcr_c.a(setvbuf.o)
 .debug_aranges
                0x00000f10       0x20 c:/nxp/mcuxpressoide_11.9.1_2170/ide/plugins/com.nxp.mcuxpresso.tools.win32_11.9.1.202402080819/tools/bin/../lib/gcc/arm-none-eabi/12.3.1/../../../../arm-none-eabi/lib/thumb/v8-m.main+fp/hard\libcr_c.a(strlen.o)
 .debug_aranges
                0x00000f30       0x28 c:/nxp/mcuxpressoide_11.9.1_2170/ide/plugins/com.nxp.mcuxpresso.tools.win32_11.9.1.202402080819/tools/bin/../lib/gcc/arm-none-eabi/12.3.1/../../../../arm-none-eabi/lib/thumb/v8-m.main+fp/hard\libcr_c.a(_deferredlazyseek.o)
 .debug_aranges
                0x00000f58       0x20 c:/nxp/mcuxpressoide_11.9.1_2170/ide/plugins/com.nxp.mcuxpresso.tools.win32_11.9.1.202402080819/tools/bin/../lib/gcc/arm-none-eabi/12.3.1/../../../../arm-none-eabi/lib/thumb/v8-m.main+fp/hard\libcr_c.a(_fdopen.o)
 .debug_aranges
                0x00000f78       0x20 c:/nxp/mcuxpressoide_11.9.1_2170/ide/plugins/com.nxp.mcuxpresso.tools.win32_11.9.1.202402080819/tools/bin/../lib/gcc/arm-none-eabi/12.3.1/../../../../arm-none-eabi/lib/thumb/v8-m.main+fp/hard\libcr_c.a(_fflush.o)
 .debug_aranges
                0x00000f98       0x20 c:/nxp/mcuxpressoide_11.9.1_2170/ide/plugins/com.nxp.mcuxpresso.tools.win32_11.9.1.202402080819/tools/bin/../lib/gcc/arm-none-eabi/12.3.1/../../../../arm-none-eabi/lib/thumb/v8-m.main+fp/hard\libcr_c.a(_writebuf.o)
 .debug_aranges
                0x00000fb8       0x20 c:/nxp/mcuxpressoide_11.9.1_2170/ide/plugins/com.nxp.mcuxpresso.tools.win32_11.9.1.202402080819/tools/bin/../lib/gcc/arm-none-eabi/12.3.1/../../../../arm-none-eabi/lib/thumb/v8-m.main+fp/hard\libcr_c.a(fclose.o)
 .debug_aranges
                0x00000fd8       0x20 c:/nxp/mcuxpressoide_11.9.1_2170/ide/plugins/com.nxp.mcuxpresso.tools.win32_11.9.1.202402080819/tools/bin/../lib/gcc/arm-none-eabi/12.3.1/../../../../arm-none-eabi/lib/thumb/v8-m.main+fp/hard\libcr_c.a(fflush.o)
 .debug_aranges
                0x00000ff8       0x20 c:/nxp/mcuxpressoide_11.9.1_2170/ide/plugins/com.nxp.mcuxpresso.tools.win32_11.9.1.202402080819/tools/bin/../lib/gcc/arm-none-eabi/12.3.1/../../../../arm-none-eabi/lib/thumb/v8-m.main+fp/hard\libcr_c.a(fseek.o)
 .debug_aranges
                0x00001018       0x20 c:/nxp/mcuxpressoide_11.9.1_2170/ide/plugins/com.nxp.mcuxpresso.tools.win32_11.9.1.202402080819/tools/bin/../lib/gcc/arm-none-eabi/12.3.1/../../../../arm-none-eabi/lib/thumb/v8-m.main+fp/hard\libcr_c.a(ftell.o)
 .debug_aranges
                0x00001038       0x28 c:/nxp/mcuxpressoide_11.9.1_2170/ide/plugins/com.nxp.mcuxpresso.tools.win32_11.9.1.202402080819/tools/bin/../lib/gcc/arm-none-eabi/12.3.1/../../../../arm-none-eabi/lib/thumb/v8-m.main+fp/hard\libcr_c.a(remove.o)
 .debug_aranges
                0x00001060       0x20 c:/nxp/mcuxpressoide_11.9.1_2170/ide/plugins/com.nxp.mcuxpresso.tools.win32_11.9.1.202402080819/tools/bin/../lib/gcc/arm-none-eabi/12.3.1/../../../../arm-none-eabi/lib/thumb/v8-m.main+fp/hard\libcr_c.a(_do_fflush.o)
 .debug_aranges
                0x00001080       0x18 c:/nxp/mcuxpressoide_11.9.1_2170/ide/plugins/com.nxp.mcuxpresso.tools.win32_11.9.1.202402080819/tools/bin/../lib/gcc/arm-none-eabi/12.3.1/../../../../arm-none-eabi/lib/thumb/v8-m.main+fp/hard\libcr_nohost_nf.a(__ciob.o)
 .debug_aranges
                0x00001098       0x20 c:/nxp/mcuxpressoide_11.9.1_2170/ide/plugins/com.nxp.mcuxpresso.tools.win32_11.9.1.202402080819/tools/bin/../lib/gcc/arm-none-eabi/12.3.1/../../../../arm-none-eabi/lib/thumb/v8-m.main+fp/hard\libcr_nohost_nf.a(__sys_close.o)
 .debug_aranges
                0x000010b8       0x20 c:/nxp/mcuxpressoide_11.9.1_2170/ide/plugins/com.nxp.mcuxpresso.tools.win32_11.9.1.202402080819/tools/bin/../lib/gcc/arm-none-eabi/12.3.1/../../../../arm-none-eabi/lib/thumb/v8-m.main+fp/hard\libcr_nohost_nf.a(__sys_flen.o)
 .debug_aranges
                0x000010d8       0x20 c:/nxp/mcuxpressoide_11.9.1_2170/ide/plugins/com.nxp.mcuxpresso.tools.win32_11.9.1.202402080819/tools/bin/../lib/gcc/arm-none-eabi/12.3.1/../../../../arm-none-eabi/lib/thumb/v8-m.main+fp/hard\libcr_nohost_nf.a(__sys_istty.o)
 .debug_aranges
                0x000010f8       0x20 c:/nxp/mcuxpressoide_11.9.1_2170/ide/plugins/com.nxp.mcuxpresso.tools.win32_11.9.1.202402080819/tools/bin/../lib/gcc/arm-none-eabi/12.3.1/../../../../arm-none-eabi/lib/thumb/v8-m.main+fp/hard\libcr_nohost_nf.a(__sys_remove.o)
 .debug_aranges
                0x00001118       0x20 c:/nxp/mcuxpressoide_11.9.1_2170/ide/plugins/com.nxp.mcuxpresso.tools.win32_11.9.1.202402080819/tools/bin/../lib/gcc/arm-none-eabi/12.3.1/../../../../arm-none-eabi/lib/thumb/v8-m.main+fp/hard\libcr_nohost_nf.a(__sys_seek.o)
 .debug_aranges
                0x00001138       0x20 c:/nxp/mcuxpressoide_11.9.1_2170/ide/plugins/com.nxp.mcuxpresso.tools.win32_11.9.1.202402080819/tools/bin/../lib/gcc/arm-none-eabi/12.3.1/../../../../arm-none-eabi/lib/thumb/v8-m.main+fp/hard\libcr_nohost_nf.a(__sys_tmpnam.o)
 .debug_aranges
                0x00001158       0x20 c:/nxp/mcuxpressoide_11.9.1_2170/ide/plugins/com.nxp.mcuxpresso.tools.win32_11.9.1.202402080819/tools/bin/../lib/gcc/arm-none-eabi/12.3.1/../../../../arm-none-eabi/lib/thumb/v8-m.main+fp/hard\libcr_nohost_nf.a(__sys_write.o)

.debug_ranges   0x00000000      0xf10
 .debug_ranges  0x00000000       0x18 ./utilities/fsl_assert.o
 .debug_ranges  0x00000018       0x98 ./utilities/fsl_debug_console.o
 .debug_ranges  0x000000b0      0x108 ./utilities/fsl_str.o
 .debug_ranges  0x000001b8      0x258 ./startup/startup_lpc55s69_cm33_core0.o
 .debug_ranges  0x00000410       0x20 ./source/LPC55S69_ex4.o
 .debug_ranges  0x00000430       0x10 ./source/semihost_hardfault.o
 .debug_ranges  0x00000440      0x218 ./drivers/fsl_clock.o
 .debug_ranges  0x00000658       0x28 ./drivers/fsl_common_arm.o
 .debug_ranges  0x00000680       0xd0 ./drivers/fsl_ctimer.o
 .debug_ranges  0x00000750       0x80 ./drivers/fsl_flexcomm.o
 .debug_ranges  0x000007d0       0x28 ./drivers/fsl_gpio.o
 .debug_ranges  0x000007f8      0x118 ./drivers/fsl_pint.o
 .debug_ranges  0x00000910       0xb8 ./drivers/fsl_power.o
 .debug_ranges  0x000009c8       0xe8 ./drivers/fsl_usart.o
 .debug_ranges  0x00000ab0       0x78 ./device/system_LPC55S69_cm33_core0.o
 .debug_ranges  0x00000b28       0x48 ./component/uart/fsl_adapter_usart.o
 .debug_ranges  0x00000b70       0x90 ./component/serial_manager/fsl_component_serial_manager.o
 .debug_ranges  0x00000c00       0x38 ./component/serial_manager/fsl_component_serial_port_uart.o
 .debug_ranges  0x00000c38       0x40 ./board/clock_config.o
 .debug_ranges  0x00000c78       0x18 ./board/peripherals.o
 .debug_ranges  0x00000c90       0x60 ./board/pin_mux.o
 .debug_ranges  0x00000cf0       0x10 c:/nxp/mcuxpressoide_11.9.1_2170/ide/plugins/com.nxp.mcuxpresso.tools.win32_11.9.1.202402080819/tools/bin/../lib/gcc/arm-none-eabi/12.3.1/../../../../arm-none-eabi/lib/thumb/v8-m.main+fp/hard\libcr_nohost_nf.a(_cr__main.o)
 .debug_ranges  0x00000d00       0x10 c:/nxp/mcuxpressoide_11.9.1_2170/ide/plugins/com.nxp.mcuxpresso.tools.win32_11.9.1.202402080819/tools/bin/../lib/gcc/arm-none-eabi/12.3.1/../../../../arm-none-eabi/lib/thumb/v8-m.main+fp/hard\libcr_c.a(memcpy.o)
 .debug_ranges  0x00000d10       0x10 c:/nxp/mcuxpressoide_11.9.1_2170/ide/plugins/com.nxp.mcuxpresso.tools.win32_11.9.1.202402080819/tools/bin/../lib/gcc/arm-none-eabi/12.3.1/../../../../arm-none-eabi/lib/thumb/v8-m.main+fp/hard\libcr_c.a(memset.o)
 .debug_ranges  0x00000d20       0x48 c:/nxp/mcuxpressoide_11.9.1_2170/ide/plugins/com.nxp.mcuxpresso.tools.win32_11.9.1.202402080819/tools/bin/../lib/gcc/arm-none-eabi/12.3.1/../../../../arm-none-eabi/lib/thumb/v8-m.main+fp/hard\libcr_c.a(alloc.o)
 .debug_ranges  0x00000d68       0x18 c:/nxp/mcuxpressoide_11.9.1_2170/ide/plugins/com.nxp.mcuxpresso.tools.win32_11.9.1.202402080819/tools/bin/../lib/gcc/arm-none-eabi/12.3.1/../../../../arm-none-eabi/lib/thumb/v8-m.main+fp/hard\libcr_c.a(initio.o)
 .debug_ranges  0x00000d80       0x10 c:/nxp/mcuxpressoide_11.9.1_2170/ide/plugins/com.nxp.mcuxpresso.tools.win32_11.9.1.202402080819/tools/bin/../lib/gcc/arm-none-eabi/12.3.1/../../../../arm-none-eabi/lib/thumb/v8-m.main+fp/hard\libcr_c.a(setvbuf.o)
 .debug_ranges  0x00000d90       0x10 c:/nxp/mcuxpressoide_11.9.1_2170/ide/plugins/com.nxp.mcuxpresso.tools.win32_11.9.1.202402080819/tools/bin/../lib/gcc/arm-none-eabi/12.3.1/../../../../arm-none-eabi/lib/thumb/v8-m.main+fp/hard\libcr_c.a(strlen.o)
 .debug_ranges  0x00000da0       0x38 c:/nxp/mcuxpressoide_11.9.1_2170/ide/plugins/com.nxp.mcuxpresso.tools.win32_11.9.1.202402080819/tools/bin/../lib/gcc/arm-none-eabi/12.3.1/../../../../arm-none-eabi/lib/thumb/v8-m.main+fp/hard\libcr_c.a(_deferredlazyseek.o)
 .debug_ranges  0x00000dd8       0x10 c:/nxp/mcuxpressoide_11.9.1_2170/ide/plugins/com.nxp.mcuxpresso.tools.win32_11.9.1.202402080819/tools/bin/../lib/gcc/arm-none-eabi/12.3.1/../../../../arm-none-eabi/lib/thumb/v8-m.main+fp/hard\libcr_c.a(_fdopen.o)
 .debug_ranges  0x00000de8       0x10 c:/nxp/mcuxpressoide_11.9.1_2170/ide/plugins/com.nxp.mcuxpresso.tools.win32_11.9.1.202402080819/tools/bin/../lib/gcc/arm-none-eabi/12.3.1/../../../../arm-none-eabi/lib/thumb/v8-m.main+fp/hard\libcr_c.a(_fflush.o)
 .debug_ranges  0x00000df8       0x10 c:/nxp/mcuxpressoide_11.9.1_2170/ide/plugins/com.nxp.mcuxpresso.tools.win32_11.9.1.202402080819/tools/bin/../lib/gcc/arm-none-eabi/12.3.1/../../../../arm-none-eabi/lib/thumb/v8-m.main+fp/hard\libcr_c.a(_writebuf.o)
 .debug_ranges  0x00000e08       0x10 c:/nxp/mcuxpressoide_11.9.1_2170/ide/plugins/com.nxp.mcuxpresso.tools.win32_11.9.1.202402080819/tools/bin/../lib/gcc/arm-none-eabi/12.3.1/../../../../arm-none-eabi/lib/thumb/v8-m.main+fp/hard\libcr_c.a(fclose.o)
 .debug_ranges  0x00000e18       0x28 c:/nxp/mcuxpressoide_11.9.1_2170/ide/plugins/com.nxp.mcuxpresso.tools.win32_11.9.1.202402080819/tools/bin/../lib/gcc/arm-none-eabi/12.3.1/../../../../arm-none-eabi/lib/thumb/v8-m.main+fp/hard\libcr_c.a(fflush.o)
 .debug_ranges  0x00000e40       0x10 c:/nxp/mcuxpressoide_11.9.1_2170/ide/plugins/com.nxp.mcuxpresso.tools.win32_11.9.1.202402080819/tools/bin/../lib/gcc/arm-none-eabi/12.3.1/../../../../arm-none-eabi/lib/thumb/v8-m.main+fp/hard\libcr_c.a(fseek.o)
 .debug_ranges  0x00000e50       0x10 c:/nxp/mcuxpressoide_11.9.1_2170/ide/plugins/com.nxp.mcuxpresso.tools.win32_11.9.1.202402080819/tools/bin/../lib/gcc/arm-none-eabi/12.3.1/../../../../arm-none-eabi/lib/thumb/v8-m.main+fp/hard\libcr_c.a(ftell.o)
 .debug_ranges  0x00000e60       0x18 c:/nxp/mcuxpressoide_11.9.1_2170/ide/plugins/com.nxp.mcuxpresso.tools.win32_11.9.1.202402080819/tools/bin/../lib/gcc/arm-none-eabi/12.3.1/../../../../arm-none-eabi/lib/thumb/v8-m.main+fp/hard\libcr_c.a(remove.o)
 .debug_ranges  0x00000e78       0x28 c:/nxp/mcuxpressoide_11.9.1_2170/ide/plugins/com.nxp.mcuxpresso.tools.win32_11.9.1.202402080819/tools/bin/../lib/gcc/arm-none-eabi/12.3.1/../../../../arm-none-eabi/lib/thumb/v8-m.main+fp/hard\libcr_c.a(_do_fflush.o)
 .debug_ranges  0x00000ea0       0x10 c:/nxp/mcuxpressoide_11.9.1_2170/ide/plugins/com.nxp.mcuxpresso.tools.win32_11.9.1.202402080819/tools/bin/../lib/gcc/arm-none-eabi/12.3.1/../../../../arm-none-eabi/lib/thumb/v8-m.main+fp/hard\libcr_nohost_nf.a(__sys_close.o)
 .debug_ranges  0x00000eb0       0x10 c:/nxp/mcuxpressoide_11.9.1_2170/ide/plugins/com.nxp.mcuxpresso.tools.win32_11.9.1.202402080819/tools/bin/../lib/gcc/arm-none-eabi/12.3.1/../../../../arm-none-eabi/lib/thumb/v8-m.main+fp/hard\libcr_nohost_nf.a(__sys_flen.o)
 .debug_ranges  0x00000ec0       0x10 c:/nxp/mcuxpressoide_11.9.1_2170/ide/plugins/com.nxp.mcuxpresso.tools.win32_11.9.1.202402080819/tools/bin/../lib/gcc/arm-none-eabi/12.3.1/../../../../arm-none-eabi/lib/thumb/v8-m.main+fp/hard\libcr_nohost_nf.a(__sys_istty.o)
 .debug_ranges  0x00000ed0       0x10 c:/nxp/mcuxpressoide_11.9.1_2170/ide/plugins/com.nxp.mcuxpresso.tools.win32_11.9.1.202402080819/tools/bin/../lib/gcc/arm-none-eabi/12.3.1/../../../../arm-none-eabi/lib/thumb/v8-m.main+fp/hard\libcr_nohost_nf.a(__sys_remove.o)
 .debug_ranges  0x00000ee0       0x10 c:/nxp/mcuxpressoide_11.9.1_2170/ide/plugins/com.nxp.mcuxpresso.tools.win32_11.9.1.202402080819/tools/bin/../lib/gcc/arm-none-eabi/12.3.1/../../../../arm-none-eabi/lib/thumb/v8-m.main+fp/hard\libcr_nohost_nf.a(__sys_seek.o)
 .debug_ranges  0x00000ef0       0x10 c:/nxp/mcuxpressoide_11.9.1_2170/ide/plugins/com.nxp.mcuxpresso.tools.win32_11.9.1.202402080819/tools/bin/../lib/gcc/arm-none-eabi/12.3.1/../../../../arm-none-eabi/lib/thumb/v8-m.main+fp/hard\libcr_nohost_nf.a(__sys_tmpnam.o)
 .debug_ranges  0x00000f00       0x10 c:/nxp/mcuxpressoide_11.9.1_2170/ide/plugins/com.nxp.mcuxpresso.tools.win32_11.9.1.202402080819/tools/bin/../lib/gcc/arm-none-eabi/12.3.1/../../../../arm-none-eabi/lib/thumb/v8-m.main+fp/hard\libcr_nohost_nf.a(__sys_write.o)

.debug_macro    0x00000000    0x182a5
 .debug_macro   0x00000000      0x183 ./utilities/fsl_assert.o
 .debug_macro   0x00000183      0xaf6 ./utilities/fsl_assert.o
 .debug_macro   0x00000c79       0x10 ./utilities/fsl_assert.o
 .debug_macro   0x00000c89       0x1c ./utilities/fsl_assert.o
 .debug_macro   0x00000ca5       0x22 ./utilities/fsl_assert.o
 .debug_macro   0x00000cc7      0x12e ./utilities/fsl_assert.o
 .debug_macro   0x00000df5      0x5b3 ./utilities/fsl_assert.o
 .debug_macro   0x000013a8       0x22 ./utilities/fsl_assert.o
 .debug_macro   0x000013ca       0x10 ./utilities/fsl_assert.o
 .debug_macro   0x000013da       0x46 ./utilities/fsl_assert.o
 .debug_macro   0x00001420       0x1c ./utilities/fsl_assert.o
 .debug_macro   0x0000143c       0x29 ./utilities/fsl_assert.o
 .debug_macro   0x00001465       0xfb ./utilities/fsl_assert.o
 .debug_macro   0x00001560     0x167e ./utilities/fsl_assert.o
 .debug_macro   0x00002bde       0x5e ./utilities/fsl_assert.o
 .debug_macro   0x00002c3c       0x2e ./utilities/fsl_assert.o
 .debug_macro   0x00002c6a    0x116e8 ./utilities/fsl_assert.o
 .debug_macro   0x00014352      0x4f1 ./utilities/fsl_assert.o
 .debug_macro   0x00014843       0x7a ./utilities/fsl_assert.o
 .debug_macro   0x000148bd       0xaf ./utilities/fsl_assert.o
 .debug_macro   0x0001496c      0x2ca ./utilities/fsl_assert.o
 .debug_macro   0x00014c36       0x16 ./utilities/fsl_assert.o
 .debug_macro   0x00014c4c      0x11f ./utilities/fsl_assert.o
 .debug_macro   0x00014d6b       0x70 ./utilities/fsl_assert.o
 .debug_macro   0x00014ddb       0x47 ./utilities/fsl_assert.o
 .debug_macro   0x00014e22       0x16 ./utilities/fsl_assert.o
 .debug_macro   0x00014e38       0x6d ./utilities/fsl_assert.o
 .debug_macro   0x00014ea5       0x16 ./utilities/fsl_assert.o
 .debug_macro   0x00014ebb       0x1c ./utilities/fsl_assert.o
 .debug_macro   0x00014ed7       0x1c ./utilities/fsl_assert.o
 .debug_macro   0x00014ef3      0x1f0 ./utilities/fsl_debug_console.o
 .debug_macro   0x000150e3       0x16 ./utilities/fsl_debug_console.o
 .debug_macro   0x000150f9       0x10 ./utilities/fsl_debug_console.o
 .debug_macro   0x00015109       0x28 ./utilities/fsl_debug_console.o
 .debug_macro   0x00015131       0x3c ./utilities/fsl_debug_console.o
 .debug_macro   0x0001516d       0x1c ./utilities/fsl_debug_console.o
 .debug_macro   0x00015189       0x1c ./utilities/fsl_debug_console.o
 .debug_macro   0x000151a5      0x172 ./utilities/fsl_str.o
 .debug_macro   0x00015317       0xc4 ./utilities/fsl_str.o
 .debug_macro   0x000153db      0x1c7 ./utilities/fsl_str.o
 .debug_macro   0x000155a2       0x16 ./utilities/fsl_str.o
 .debug_macro   0x000155b8       0x29 ./startup/startup_lpc55s69_cm33_core0.o
 .debug_macro   0x000155e1      0x1db ./source/LPC55S69_ex4.o
 .debug_macro   0x000157bc       0xd8 ./source/LPC55S69_ex4.o
 .debug_macro   0x00015894       0x2f ./source/LPC55S69_ex4.o
 .debug_macro   0x000158c3       0x10 ./source/LPC55S69_ex4.o
 .debug_macro   0x000158d3       0xfe ./source/LPC55S69_ex4.o
 .debug_macro   0x000159d1      0x1f0 ./source/LPC55S69_ex4.o
 .debug_macro   0x00015bc1      0x88e ./source/LPC55S69_ex4.o
 .debug_macro   0x0001644f       0x11 ./source/semihost_hardfault.o
 .debug_macro   0x00016460      0x1db ./drivers/fsl_clock.o
 .debug_macro   0x0001663b      0x304 ./drivers/fsl_clock.o
 .debug_macro   0x0001693f      0x13c ./drivers/fsl_common_arm.o
 .debug_macro   0x00016a7b      0x14c ./drivers/fsl_ctimer.o
 .debug_macro   0x00016bc7      0x145 ./drivers/fsl_flexcomm.o
 .debug_macro   0x00016d0c       0x10 ./drivers/fsl_flexcomm.o
 .debug_macro   0x00016d1c      0x14c ./drivers/fsl_gpio.o
 .debug_macro   0x00016e68      0x14b ./drivers/fsl_pint.o
 .debug_macro   0x00016fb3       0x70 ./drivers/fsl_pint.o
 .debug_macro   0x00017023      0x410 ./drivers/fsl_power.o
 .debug_macro   0x00017433      0x154 ./drivers/fsl_usart.o
 .debug_macro   0x00017587       0x1c ./drivers/fsl_usart.o
 .debug_macro   0x000175a3       0xc1 ./device/system_LPC55S69_cm33_core0.o
 .debug_macro   0x00017664      0x151 ./component/uart/fsl_adapter_usart.o
 .debug_macro   0x000177b5       0x22 ./component/uart/fsl_adapter_usart.o
 .debug_macro   0x000177d7       0x47 ./component/uart/fsl_adapter_usart.o
 .debug_macro   0x0001781e      0x1ba ./component/serial_manager/fsl_component_serial_manager.o
 .debug_macro   0x000179d8       0x6a ./component/serial_manager/fsl_component_serial_manager.o
 .debug_macro   0x00017a42      0x178 ./component/serial_manager/fsl_component_serial_port_uart.o
 .debug_macro   0x00017bba      0x15c ./board/clock_config.o
 .debug_macro   0x00017d16      0x2fe ./board/clock_config.o
 .debug_macro   0x00018014      0x140 ./board/peripherals.o
 .debug_macro   0x00018154      0x151 ./board/pin_mux.o

.debug_line     0x00000000     0xc764