C:\Users\crist\Documents\MCUXpressoIDE_11.9.1_2170\workspace\LPC55S69_ex4\CMSIS/core_cm33.h:2575:22:__NVIC_SetPriority	16	static
C:\Users\crist\Documents\MCUXpressoIDE_11.9.1_2170\workspace\LPC55S69_ex4\drivers/fsl_clock.h:983:20:CLOCK_EnableClock	24	static
C:\Users\crist\Documents\MCUXpressoIDE_11.9.1_2170\workspace\LPC55S69_ex4\drivers/fsl_common_arm.h:788:24:DisableGlobalIRQ	16	static
C:\Users\crist\Documents\MCUXpressoIDE_11.9.1_2170\workspace\LPC55S69_ex4\drivers/fsl_common_arm.h:814:20:EnableGlobalIRQ	24	static
C:\Users\crist\Documents\MCUXpressoIDE_11.9.1_2170\workspace\LPC55S69_ex4\drivers/fsl_gpio.h:153:20:GPIO_PinWrite	24	static
C:\Users\crist\Documents\MCUXpressoIDE_11.9.1_2170\workspace\LPC55S69_ex4\drivers/fsl_gpio.h:172:24:GPIO_PinRead	24	static
../component/gpio/fsl_adapter_lpc_gpio.c:94:13:HAL_GpioInterruptCallback	16	static
../component/gpio/fsl_adapter_lpc_gpio.c:103:13:HAL_GpioInterruptHandle	24	static
../component/gpio/fsl_adapter_lpc_gpio.c:120:26:HAL_GpioConflictSearch	16	static
../component/gpio/fsl_adapter_lpc_gpio.c:133:26:HAL_GpioAddItem	24	static
../component/gpio/fsl_adapter_lpc_gpio.c:163:26:HAL_GpioRemoveItem	32	static
../component/gpio/fsl_adapter_lpc_gpio.c:194:6:HAL_GpioPreInit	4	static
../component/gpio/fsl_adapter_lpc_gpio.c:201:19:HAL_GpioInit	72	static
../component/gpio/fsl_adapter_lpc_gpio.c:266:19:HAL_GpioDeinit	32	static
../component/gpio/fsl_adapter_lpc_gpio.c:315:19:HAL_GpioGetInput	24	static
../component/gpio/fsl_adapter_lpc_gpio.c:327:19:HAL_GpioSetOutput	24	static
../component/gpio/fsl_adapter_lpc_gpio.c:339:19:HAL_GpioInstallCallback	32	static
../component/gpio/fsl_adapter_lpc_gpio.c:355:19:HAL_GpioGetTriggerMode	24	static
../component/gpio/fsl_adapter_lpc_gpio.c:372:19:HAL_GpioSetTriggerMode	32	static
../component/gpio/fsl_adapter_lpc_gpio.c:464:19:HAL_GpioWakeUpSetting	16	static
../component/gpio/fsl_adapter_lpc_gpio.c:499:19:HAL_GpioEnterLowpower	16	static
../component/gpio/fsl_adapter_lpc_gpio.c:506:19:HAL_GpioExitLowpower	16	static
