C:\Users\crist\Documents\work\summer-school\summerschool\Lab\day1\LPC55S69_ex5\drivers/fsl_common_arm.h:788:24:DisableGlobalIRQ	16	static
C:\Users\crist\Documents\work\summer-school\summerschool\Lab\day1\LPC55S69_ex5\drivers/fsl_common_arm.h:814:20:EnableGlobalIRQ	24	static
../component/timer_manager/fsl_component_timer_manager.c:209:16:TimerGetTimerStatus	24	static
../component/timer_manager/fsl_component_timer_manager.c:220:13:TimerSetTimerStatus	24	static
../component/timer_manager/fsl_component_timer_manager.c:232:16:TimerGetTimerType	24	static
../component/timer_manager/fsl_component_timer_manager.c:243:13:TimerSetTimerType	24	static
../component/timer_manager/fsl_component_timer_manager.c:255:13:TimerMarkTimerFree	24	static
../component/timer_manager/fsl_component_timer_manager.c:265:13:NotifyTimersTask	8	static
../component/timer_manager/fsl_component_timer_manager.c:283:27:TimersUpdate	48	static
../component/timer_manager/fsl_component_timer_manager.c:322:13:TimerManagerTaskProcess	64	static
../component/timer_manager/fsl_component_timer_manager.c:429:13:TimersCheckAndUpdate	16	static
../component/timer_manager/fsl_component_timer_manager.c:441:13:TimersUpdateSyncTask	16	static
../component/timer_manager/fsl_component_timer_manager.c:451:13:TimersUpdateDirectSync	16	static
../component/timer_manager/fsl_component_timer_manager.c:460:13:HAL_TIMER_Callback	24	static
../component/timer_manager/fsl_component_timer_manager.c:482:13:TimerManagerTask	16	static
../component/timer_manager/fsl_component_timer_manager.c:515:23:TimerStop	32	static
../component/timer_manager/fsl_component_timer_manager.c:548:27:TimerEnable	24	static
../component/timer_manager/fsl_component_timer_manager.c:578:16:TM_Init	40	static
../component/timer_manager/fsl_component_timer_manager.c:636:6:TM_Deinit	8	static
../component/timer_manager/fsl_component_timer_manager.c:653:6:TM_ExitLowpower	16	static
../component/timer_manager/fsl_component_timer_manager.c:673:6:TM_EnterLowpower	16	static
../component/timer_manager/fsl_component_timer_manager.c:696:6:TM_EnterTickless	40	static
../component/timer_manager/fsl_component_timer_manager.c:738:6:TM_ExitTickless	24	static
../component/timer_manager/fsl_component_timer_manager.c:760:10:TM_GetTimestamp	16	static
../component/timer_manager/fsl_component_timer_manager.c:777:16:TM_Open	32	static
../component/timer_manager/fsl_component_timer_manager.c:820:16:TM_Close	32	static
../component/timer_manager/fsl_component_timer_manager.c:863:9:TM_AreAllTimersOff	4	static
../component/timer_manager/fsl_component_timer_manager.c:875:9:TM_IsTimerActive	16	static
../component/timer_manager/fsl_component_timer_manager.c:888:9:TM_IsTimerReady	16	static
../component/timer_manager/fsl_component_timer_manager.c:904:16:TM_InstallCallback	32	static
../component/timer_manager/fsl_component_timer_manager.c:925:16:TM_Start	208	static
../component/timer_manager/fsl_component_timer_manager.c:971:16:TM_Stop	32	static
../component/timer_manager/fsl_component_timer_manager.c:992:10:TM_GetRemainingTime	32	static
../component/timer_manager/fsl_component_timer_manager.c:1008:10:TM_GetFirstExpireTime	32	static
../component/timer_manager/fsl_component_timer_manager.c:1037:16:TM_GetFirstTimerWithParam	24	static
../component/timer_manager/fsl_component_timer_manager.c:1058:10:TM_NotCountedTimeBeforeSleep	4	static
../component/timer_manager/fsl_component_timer_manager.c:1088:6:TM_SyncLpmTimers	16	static
../component/timer_manager/fsl_component_timer_manager.c:1106:6:TM_MakeTimerTaskReady	4	static
